Archive member included to satisfy reference by file (symbol)

/opt/Atollic_TrueSTUDIO_for_STM32_x86_64_9.3.0/ARMTools/bin/../lib/gcc/arm-atollic-eabi/6.3.1/../../../../arm-atollic-eabi/lib/armv7e-m/fpu/libc_nano.a(lib_a-errno.o)
                              Src/syscalls.o (__errno)
/opt/Atollic_TrueSTUDIO_for_STM32_x86_64_9.3.0/ARMTools/bin/../lib/gcc/arm-atollic-eabi/6.3.1/../../../../arm-atollic-eabi/lib/armv7e-m/fpu/libc_nano.a(lib_a-impure.o)
                              /opt/Atollic_TrueSTUDIO_for_STM32_x86_64_9.3.0/ARMTools/bin/../lib/gcc/arm-atollic-eabi/6.3.1/../../../../arm-atollic-eabi/lib/armv7e-m/fpu/libc_nano.a(lib_a-errno.o) (_impure_ptr)
/opt/Atollic_TrueSTUDIO_for_STM32_x86_64_9.3.0/ARMTools/bin/../lib/gcc/arm-atollic-eabi/6.3.1/../../../../arm-atollic-eabi/lib/armv7e-m/fpu/libc_nano.a(lib_a-init.o)
                              startup/startup_stm32f429xx.o (__libc_init_array)
/opt/Atollic_TrueSTUDIO_for_STM32_x86_64_9.3.0/ARMTools/bin/../lib/gcc/arm-atollic-eabi/6.3.1/../../../../arm-atollic-eabi/lib/armv7e-m/fpu/libc_nano.a(lib_a-memcpy-stub.o)
                              Middlewares/Third_Party/FreeRTOS/Source/queue.o (memcpy)
/opt/Atollic_TrueSTUDIO_for_STM32_x86_64_9.3.0/ARMTools/bin/../lib/gcc/arm-atollic-eabi/6.3.1/../../../../arm-atollic-eabi/lib/armv7e-m/fpu/libc_nano.a(lib_a-memset.o)
                              Middlewares/Third_Party/FreeRTOS/Source/stream_buffer.o (memset)
/opt/Atollic_TrueSTUDIO_for_STM32_x86_64_9.3.0/ARMTools/bin/../lib/gcc/arm-atollic-eabi/6.3.1/../../../../arm-atollic-eabi/lib/armv7e-m/fpu/libc_nano.a(lib_a-strlen.o)
                              Src/tiny_printf.o (strlen)
/opt/Atollic_TrueSTUDIO_for_STM32_x86_64_9.3.0/ARMTools/bin/../lib/gcc/arm-atollic-eabi/6.3.1/armv7e-m/fpu/libgcc.a(_aeabi_uldivmod.o)
                              Drivers/STM32F4xx_HAL_Driver/Src/stm32f4xx_hal_rcc.o (__aeabi_uldivmod)
/opt/Atollic_TrueSTUDIO_for_STM32_x86_64_9.3.0/ARMTools/bin/../lib/gcc/arm-atollic-eabi/6.3.1/armv7e-m/fpu/libgcc.a(_udivmoddi4.o)
                              /opt/Atollic_TrueSTUDIO_for_STM32_x86_64_9.3.0/ARMTools/bin/../lib/gcc/arm-atollic-eabi/6.3.1/armv7e-m/fpu/libgcc.a(_aeabi_uldivmod.o) (__udivmoddi4)
/opt/Atollic_TrueSTUDIO_for_STM32_x86_64_9.3.0/ARMTools/bin/../lib/gcc/arm-atollic-eabi/6.3.1/armv7e-m/fpu/libgcc.a(_dvmd_tls.o)
                              /opt/Atollic_TrueSTUDIO_for_STM32_x86_64_9.3.0/ARMTools/bin/../lib/gcc/arm-atollic-eabi/6.3.1/armv7e-m/fpu/libgcc.a(_aeabi_uldivmod.o) (__aeabi_ldiv0)

Allocating common symbols
Common symbol       size              file

defaultTaskHandle   0x4               Src/freertos.o
htim8               0x40              Src/stm32f4xx_hal_timebase_tim.o
heures              0x4               Src/adc.o
huart3              0x40              Src/usart.o
hi2c1               0x54              Src/i2c.o
hpcd_USB_OTG_FS     0x408             Src/usb_otg.o
secondes            0x4               Src/adc.o
uwTick              0x4               Drivers/STM32F4xx_HAL_Driver/Src/stm32f4xx_hal.o
xQueueRegistry      0x40              Middlewares/Third_Party/FreeRTOS/Source/queue.o
pFlash              0x20              Drivers/STM32F4xx_HAL_Driver/Src/stm32f4xx_hal_flash.o
hadc1               0x48              Src/adc.o
adresse_rtc         0x4               Src/adc.o
g_appui_touche      0x4               Src/adc.o
myTask02Handle      0x4               Src/freertos.o
TaskModeReglHandle  0x4               Src/freertos.o
exchangeHandle      0x4               Src/freertos.o
TaskInitAndAffiHandle
                    0x4               Src/freertos.o
mode_reglage        0x4               Src/adc.o
heth                0x48              Src/eth.o
minutes             0x4               Src/adc.o

Discarded input sections

 .text          0x0000000000000000        0x0 /opt/Atollic_TrueSTUDIO_for_STM32_x86_64_9.3.0/ARMTools/bin/../lib/gcc/arm-atollic-eabi/6.3.1/armv7e-m/fpu/crti.o
 .data          0x0000000000000000        0x0 /opt/Atollic_TrueSTUDIO_for_STM32_x86_64_9.3.0/ARMTools/bin/../lib/gcc/arm-atollic-eabi/6.3.1/armv7e-m/fpu/crti.o
 .bss           0x0000000000000000        0x0 /opt/Atollic_TrueSTUDIO_for_STM32_x86_64_9.3.0/ARMTools/bin/../lib/gcc/arm-atollic-eabi/6.3.1/armv7e-m/fpu/crti.o
 .data          0x0000000000000000        0x4 /opt/Atollic_TrueSTUDIO_for_STM32_x86_64_9.3.0/ARMTools/bin/../lib/gcc/arm-atollic-eabi/6.3.1/armv7e-m/fpu/crtbegin.o
 .text          0x0000000000000000        0x0 Drivers/STM32F4xx_HAL_Driver/Src/stm32f4xx_hal.o
 .data          0x0000000000000000        0x0 Drivers/STM32F4xx_HAL_Driver/Src/stm32f4xx_hal.o
 .bss           0x0000000000000000        0x0 Drivers/STM32F4xx_HAL_Driver/Src/stm32f4xx_hal.o
 .text.HAL_MspInit
                0x0000000000000000        0x2 Drivers/STM32F4xx_HAL_Driver/Src/stm32f4xx_hal.o
 .text.HAL_MspDeInit
                0x0000000000000000        0x2 Drivers/STM32F4xx_HAL_Driver/Src/stm32f4xx_hal.o
 .text.HAL_DeInit
[...]
Memory Configuration

Name             Origin             Length             Attributes
RAM              0x0000000020000000 0x0000000000030000 xrw
CCMRAM           0x0000000010000000 0x0000000000010000 rw
FLASH            0x0000000008000000 0x0000000000200000 xr
*default*        0x0000000000000000 0xffffffffffffffff

Linker script and memory map

LOAD /opt/Atollic_TrueSTUDIO_for_STM32_x86_64_9.3.0/ARMTools/bin/../lib/gcc/arm-atollic-eabi/6.3.1/armv7e-m/fpu/crti.o
LOAD /opt/Atollic_TrueSTUDIO_for_STM32_x86_64_9.3.0/ARMTools/bin/../lib/gcc/arm-atollic-eabi/6.3.1/armv7e-m/fpu/crtbegin.o
LOAD Drivers/STM32F4xx_HAL_Driver/Src/stm32f4xx_hal.o
LOAD Drivers/STM32F4xx_HAL_Driver/Src/stm32f4xx_hal_adc.o
LOAD Drivers/STM32F4xx_HAL_Driver/Src/stm32f4xx_hal_adc_ex.o
LOAD Drivers/STM32F4xx_HAL_Driver/Src/stm32f4xx_hal_cortex.o
LOAD Drivers/STM32F4xx_HAL_Driver/Src/stm32f4xx_hal_dma.o
LOAD Drivers/STM32F4xx_HAL_Driver/Src/stm32f4xx_hal_dma_ex.o
LOAD Drivers/STM32F4xx_HAL_Driver/Src/stm32f4xx_hal_eth.o
LOAD Drivers/STM32F4xx_HAL_Driver/Src/stm32f4xx_hal_exti.o
LOAD Drivers/STM32F4xx_HAL_Driver/Src/stm32f4xx_hal_flash.o
LOAD Drivers/STM32F4xx_HAL_Driver/Src/stm32f4xx_hal_flash_ex.o
LOAD Drivers/STM32F4xx_HAL_Driver/Src/stm32f4xx_hal_flash_ramfunc.o
LOAD Drivers/STM32F4xx_HAL_Driver/Src/stm32f4xx_hal_gpio.o
LOAD Drivers/STM32F4xx_HAL_Driver/Src/stm32f4xx_hal_i2c.o
LOAD Drivers/STM32F4xx_HAL_Driver/Src/stm32f4xx_hal_i2c_ex.o
LOAD Drivers/STM32F4xx_HAL_Driver/Src/stm32f4xx_hal_pcd.o
LOAD Drivers/STM32F4xx_HAL_Driver/Src/stm32f4xx_hal_pcd_ex.o
LOAD Drivers/STM32F4xx_HAL_Driver/Src/stm32f4xx_hal_pwr.o
LOAD Drivers/STM32F4xx_HAL_Driver/Src/stm32f4xx_hal_pwr_ex.o
LOAD Drivers/STM32F4xx_HAL_Driver/Src/stm32f4xx_hal_rcc.o
LOAD Drivers/STM32F4xx_HAL_Driver/Src/stm32f4xx_hal_rcc_ex.o
LOAD Drivers/STM32F4xx_HAL_Driver/Src/stm32f4xx_hal_tim.o
LOAD Drivers/STM32F4xx_HAL_Driver/Src/stm32f4xx_hal_tim_ex.o
LOAD Drivers/STM32F4xx_HAL_Driver/Src/stm32f4xx_hal_uart.o
LOAD Drivers/STM32F4xx_HAL_Driver/Src/stm32f4xx_ll_usb.o
LOAD Middlewares/Third_Party/FreeRTOS/Source/CMSIS_RTOS/cmsis_os.o
LOAD Middlewares/Third_Party/FreeRTOS/Source/croutine.o
LOAD Middlewares/Third_Party/FreeRTOS/Source/event_groups.o
LOAD Middlewares/Third_Party/FreeRTOS/Source/list.o
LOAD Middlewares/Third_Party/FreeRTOS/Source/portable/GCC/ARM_CM4F/port.o
LOAD Middlewares/Third_Party/FreeRTOS/Source/portable/MemMang/heap_4.o
LOAD Middlewares/Third_Party/FreeRTOS/Source/queue.o
LOAD Middlewares/Third_Party/FreeRTOS/Source/stream_buffer.o
LOAD Middlewares/Third_Party/FreeRTOS/Source/tasks.o
LOAD Middlewares/Third_Party/FreeRTOS/Source/timers.o
LOAD Src/adc.o
LOAD Src/eth.o
LOAD Src/freertos.o
LOAD Src/gpio.o
LOAD Src/i2c.o
LOAD Src/main.o
LOAD Src/malloc.o
LOAD Src/stm32f4xx_hal_msp.o
LOAD Src/stm32f4xx_hal_timebase_tim.o
LOAD Src/stm32f4xx_it.o
LOAD Src/syscalls.o
LOAD Src/system_stm32f4xx.o
LOAD Src/tiny_printf.o
LOAD Src/usart.o
LOAD Src/usb_otg.o
LOAD startup/startup_stm32f429xx.o
                0x0000000000000080                malloc_getpagesize_P = 0x80
START GROUP
LOAD /opt/Atollic_TrueSTUDIO_for_STM32_x86_64_9.3.0/ARMTools/bin/../lib/gcc/arm-atollic-eabi/6.3.1/../../../../arm-atollic-eabi/lib/armv7e-m/fpu/libc_nano.a
LOAD /opt/Atollic_TrueSTUDIO_for_STM32_x86_64_9.3.0/ARMTools/bin/../lib/gcc/arm-atollic-eabi/6.3.1/../../../../arm-atollic-eabi/lib/armv7e-m/fpu/libm.a
END GROUP
START GROUP
LOAD /opt/Atollic_TrueSTUDIO_for_STM32_x86_64_9.3.0/ARMTools/bin/../lib/gcc/arm-atollic-eabi/6.3.1/armv7e-m/fpu/libgcc.a
LOAD /opt/Atollic_TrueSTUDIO_for_STM32_x86_64_9.3.0/ARMTools/bin/../lib/gcc/arm-atollic-eabi/6.3.1/../../../../arm-atollic-eabi/lib/armv7e-m/fpu/libc_nano.a
END GROUP
START GROUP
LOAD /opt/Atollic_TrueSTUDIO_for_STM32_x86_64_9.3.0/ARMTools/bin/../lib/gcc/arm-atollic-eabi/6.3.1/armv7e-m/fpu/libgcc.a
LOAD /opt/Atollic_TrueSTUDIO_for_STM32_x86_64_9.3.0/ARMTools/bin/../lib/gcc/arm-atollic-eabi/6.3.1/../../../../arm-atollic-eabi/lib/armv7e-m/fpu/libc_nano.a
LOAD /opt/Atollic_TrueSTUDIO_for_STM32_x86_64_9.3.0/ARMTools/bin/../lib/gcc/arm-atollic-eabi/6.3.1/../../../../arm-atollic-eabi/lib/armv7e-m/fpu/libnosys.a
END GROUP
START GROUP
LOAD /opt/Atollic_TrueSTUDIO_for_STM32_x86_64_9.3.0/ARMTools/bin/../lib/gcc/arm-atollic-eabi/6.3.1/armv7e-m/fpu/libgcc.a
LOAD /opt/Atollic_TrueSTUDIO_for_STM32_x86_64_9.3.0/ARMTools/bin/../lib/gcc/arm-atollic-eabi/6.3.1/../../../../arm-atollic-eabi/lib/armv7e-m/fpu/libc_nano.a
LOAD /opt/Atollic_TrueSTUDIO_for_STM32_x86_64_9.3.0/ARMTools/bin/../lib/gcc/arm-atollic-eabi/6.3.1/../../../../arm-atollic-eabi/lib/armv7e-m/fpu/libnosys.a
END GROUP
LOAD /opt/Atollic_TrueSTUDIO_for_STM32_x86_64_9.3.0/ARMTools/bin/../lib/gcc/arm-atollic-eabi/6.3.1/armv7e-m/fpu/crtend.o
LOAD /opt/Atollic_TrueSTUDIO_for_STM32_x86_64_9.3.0/ARMTools/bin/../lib/gcc/arm-atollic-eabi/6.3.1/armv7e-m/fpu/crtn.o
                0x0000000020030000                _estack = 0x20030000
                0x0000000000000200                _Min_Heap_Size = 0x200
                0x0000000000000400                _Min_Stack_Size = 0x400

.isr_vector     0x0000000008000000      0x1ac
                0x0000000008000000                . = ALIGN (0x4)
 *(.isr_vector)
 .isr_vector    0x0000000008000000      0x1ac startup/startup_stm32f429xx.o
                0x0000000008000000                g_pfnVectors
                0x00000000080001ac                . = ALIGN (0x4)

.text           0x00000000080001b0     0x4948
                0x00000000080001b0                . = ALIGN (0x4)
 *(.text)
 .text          0x00000000080001b0       0x40 /opt/Atollic_TrueSTUDIO_for_STM32_x86_64_9.3.0/ARMTools/bin/../lib/gcc/arm-atollic-eabi/6.3.1/armv7e-m/fpu/crtbegin.o
 .text          0x00000000080001f0       0x10 /opt/Atollic_TrueSTUDIO_for_STM32_x86_64_9.3.0/ARMTools/bin/../lib/gcc/arm-atollic-eabi/6.3.1/../../../../arm-atollic-eabi/lib/armv7e-m/fpu/libc_nano.a(lib_a-strlen.o)
                0x00000000080001f0                strlen
 .text          0x0000000008000200       0x30 /opt/Atollic_TrueSTUDIO_for_STM32_x86_64_9.3.0/ARMTools/bin/../lib/gcc/arm-atollic-eabi/6.3.1/armv7e-m/fpu/libgcc.a(_aeabi_uldivmod.o)
                0x0000000008000200                __aeabi_uldivmod
 .text          0x0000000008000230      0x2dc /opt/Atollic_TrueSTUDIO_for_STM32_x86_64_9.3.0/ARMTools/bin/../lib/gcc/arm-atollic-eabi/6.3.1/armv7e-m/fpu/libgcc.a(_udivmoddi4.o)
                0x0000000008000230                __udivmoddi4
 .text          0x000000000800050c        0x4 /opt/Atollic_TrueSTUDIO_for_STM32_x86_64_9.3.0/ARMTools/bin/../lib/gcc/arm-atollic-eabi/6.3.1/armv7e-m/fpu/libgcc.a(_dvmd_tls.o)
                0x000000000800050c                __aeabi_ldiv0
                0x000000000800050c                __aeabi_idiv0
 *(.text*)
 .text.HAL_Init
                0x0000000008000510       0x34 Drivers/STM32F4xx_HAL_Driver/Src/stm32f4xx_hal.o
                0x0000000008000510                HAL_Init
 .text.HAL_IncTick
                0x0000000008000544       0x18 Drivers/STM32F4xx_HAL_Driver/Src/stm32f4xx_hal.o
                0x0000000008000544                HAL_IncTick
 .text.HAL_GetTick
                0x000000000800055c        0xc Drivers/STM32F4xx_HAL_Driver/Src/stm32f4xx_hal.o
                0x000000000800055c                HAL_GetTick
 .text.HAL_Delay
                0x0000000008000568       0x28 Drivers/STM32F4xx_HAL_Driver/Src/stm32f4xx_hal.o
                0x0000000008000568                HAL_Delay
 .text.ADC_Init
                0x0000000008000590      0x134 Drivers/STM32F4xx_HAL_Driver/Src/stm32f4xx_hal_adc.o
 .text.HAL_ADC_Init
                0x00000000080006c4       0x56 Drivers/STM32F4xx_HAL_Driver/Src/stm32f4xx_hal_adc.o
                0x00000000080006c4                HAL_ADC_Init
 *fill*         0x000000000800071a        0x2 
 .text.HAL_ADC_ConfigChannel
                0x000000000800071c      0x1a4 Drivers/STM32F4xx_HAL_Driver/Src/stm32f4xx_hal_adc.o
                0x000000000800071c                HAL_ADC_ConfigChannel
 .text.HAL_NVIC_SetPriorityGrouping
                0x00000000080008c0       0x24 Drivers/STM32F4xx_HAL_Driver/Src/stm32f4xx_hal_cortex.o
                0x00000000080008c0                HAL_NVIC_SetPriorityGrouping
 .text.HAL_NVIC_SetPriority
                0x00000000080008e4       0x64 Drivers/STM32F4xx_HAL_Driver/Src/stm32f4xx_hal_cortex.o
                0x00000000080008e4                HAL_NVIC_SetPriority
 .text.HAL_NVIC_EnableIRQ
                0x0000000008000948       0x1c Drivers/STM32F4xx_HAL_Driver/Src/stm32f4xx_hal_cortex.o
                0x0000000008000948                HAL_NVIC_EnableIRQ
 .text.ETH_MACAddressConfig
                0x0000000008000964       0x30 Drivers/STM32F4xx_HAL_Driver/Src/stm32f4xx_hal_eth.o
 .text.ETH_MACDMAConfig
                0x0000000008000994      0x118 Drivers/STM32F4xx_HAL_Driver/Src/stm32f4xx_hal_eth.o
 .text.HAL_ETH_ReadPHYRegister
                0x0000000008000aac       0x78 Drivers/STM32F4xx_HAL_Driver/Src/stm32f4xx_hal_eth.o
                0x0000000008000aac                HAL_ETH_ReadPHYRegister
 .text.HAL_ETH_WritePHYRegister
                0x0000000008000b24       0x74 Drivers/STM32F4xx_HAL_Driver/Src/stm32f4xx_hal_eth.o
                0x0000000008000b24                HAL_ETH_WritePHYRegister
 .text.HAL_ETH_Init
                0x0000000008000b98      0x258 Drivers/STM32F4xx_HAL_Driver/Src/stm32f4xx_hal_eth.o
                0x0000000008000b98                HAL_ETH_Init
 .text.HAL_GPIO_Init
                0x0000000008000df0      0x1e4 Drivers/STM32F4xx_HAL_Driver/Src/stm32f4xx_hal_gpio.o
                0x0000000008000df0                HAL_GPIO_Init
 .text.HAL_GPIO_WritePin
                0x0000000008000fd4        0xc Drivers/STM32F4xx_HAL_Driver/Src/stm32f4xx_hal_gpio.o
                0x0000000008000fd4                HAL_GPIO_WritePin
 .text.HAL_GPIO_EXTI_IRQHandler
                0x0000000008000fe0       0x1c Drivers/STM32F4xx_HAL_Driver/Src/stm32f4xx_hal_gpio.o
                0x0000000008000fe0                HAL_GPIO_EXTI_IRQHandler
 .text.I2C_IsAcknowledgeFailed
                0x0000000008000ffc       0x32 Drivers/STM32F4xx_HAL_Driver/Src/stm32f4xx_hal_i2c.o
 .text.I2C_WaitOnFlagUntilTimeout
                0x000000000800102e       0x70 Drivers/STM32F4xx_HAL_Driver/Src/stm32f4xx_hal_i2c.o
 .text.I2C_WaitOnMasterAddressFlagUntilTimeout
                0x000000000800109e       0xa4 Drivers/STM32F4xx_HAL_Driver/Src/stm32f4xx_hal_i2c.o
 *fill*         0x0000000008001142        0x2 
 .text.I2C_MasterRequestWrite
                0x0000000008001144       0xa8 Drivers/STM32F4xx_HAL_Driver/Src/stm32f4xx_hal_i2c.o
 .text.I2C_MasterRequestRead
                0x00000000080011ec      0x100 Drivers/STM32F4xx_HAL_Driver/Src/stm32f4xx_hal_i2c.o
 .text.I2C_WaitOnTXEFlagUntilTimeout
                0x00000000080012ec       0x54 Drivers/STM32F4xx_HAL_Driver/Src/stm32f4xx_hal_i2c.o
 .text.I2C_WaitOnBTFFlagUntilTimeout
                0x0000000008001340       0x54 Drivers/STM32F4xx_HAL_Driver/Src/stm32f4xx_hal_i2c.o
 .text.I2C_WaitOnRXNEFlagUntilTimeout
                0x0000000008001394       0x6a Drivers/STM32F4xx_HAL_Driver/Src/stm32f4xx_hal_i2c.o
 *fill*         0x00000000080013fe        0x2 
 .text.HAL_I2C_Init
                0x0000000008001400      0x1a0 Drivers/STM32F4xx_HAL_Driver/Src/stm32f4xx_hal_i2c.o
                0x0000000008001400                HAL_I2C_Init
 .text.HAL_I2C_Master_Transmit
                0x00000000080015a0      0x174 Drivers/STM32F4xx_HAL_Driver/Src/stm32f4xx_hal_i2c.o
                0x00000000080015a0                HAL_I2C_Master_Transmit
 .text.HAL_I2C_Master_Receive
                0x0000000008001714      0x2dc Drivers/STM32F4xx_HAL_Driver/Src/stm32f4xx_hal_i2c.o
                0x0000000008001714                HAL_I2C_Master_Receive
 .text.HAL_I2CEx_ConfigAnalogFilter
                0x00000000080019f0       0x44 Drivers/STM32F4xx_HAL_Driver/Src/stm32f4xx_hal_i2c_ex.o
                0x00000000080019f0                HAL_I2CEx_ConfigAnalogFilter
 .text.HAL_I2CEx_ConfigDigitalFilter
                0x0000000008001a34       0x42 Drivers/STM32F4xx_HAL_Driver/Src/stm32f4xx_hal_i2c_ex.o
                0x0000000008001a34                HAL_I2CEx_ConfigDigitalFilter
 .text.HAL_PCD_Init
                0x0000000008001a76      0x122 Drivers/STM32F4xx_HAL_Driver/Src/stm32f4xx_hal_pcd.o
                0x0000000008001a76                HAL_PCD_Init
 .text.HAL_RCC_OscConfig
                0x0000000008001b98      0x398 Drivers/STM32F4xx_HAL_Driver/Src/stm32f4xx_hal_rcc.o
                0x0000000008001b98                HAL_RCC_OscConfig
 .text.HAL_RCC_GetSysClockFreq
                0x0000000008001f30       0xd4 Drivers/STM32F4xx_HAL_Driver/Src/stm32f4xx_hal_rcc.o
                0x0000000008001f30                HAL_RCC_GetSysClockFreq
 .text.HAL_RCC_ClockConfig
                0x0000000008002004      0x158 Drivers/STM32F4xx_HAL_Driver/Src/stm32f4xx_hal_rcc.o
                0x0000000008002004                HAL_RCC_ClockConfig
 .text.HAL_RCC_GetHCLKFreq
                0x000000000800215c        0xc Drivers/STM32F4xx_HAL_Driver/Src/stm32f4xx_hal_rcc.o
                0x000000000800215c                HAL_RCC_GetHCLKFreq
 .text.HAL_RCC_GetPCLK1Freq
                0x0000000008002168       0x20 Drivers/STM32F4xx_HAL_Driver/Src/stm32f4xx_hal_rcc.o
                0x0000000008002168                HAL_RCC_GetPCLK1Freq
 .text.HAL_RCC_GetPCLK2Freq
                0x0000000008002188       0x20 Drivers/STM32F4xx_HAL_Driver/Src/stm32f4xx_hal_rcc.o
                0x0000000008002188                HAL_RCC_GetPCLK2Freq
 .text.HAL_RCC_GetClockConfig
                0x00000000080021a8       0x3c Drivers/STM32F4xx_HAL_Driver/Src/stm32f4xx_hal_rcc.o
                0x00000000080021a8                HAL_RCC_GetClockConfig
 .text.HAL_TIM_Base_MspInit
                0x00000000080021e4        0x2 Drivers/STM32F4xx_HAL_Driver/Src/stm32f4xx_hal_tim.o
                0x00000000080021e4                HAL_TIM_Base_MspInit
 .text.HAL_TIM_Base_Start_IT
                0x00000000080021e6       0x22 Drivers/STM32F4xx_HAL_Driver/Src/stm32f4xx_hal_tim.o
                0x00000000080021e6                HAL_TIM_Base_Start_IT
 .text.HAL_TIM_OC_DelayElapsedCallback
                0x0000000008002208        0x2 Drivers/STM32F4xx_HAL_Driver/Src/stm32f4xx_hal_tim.o
                0x0000000008002208                HAL_TIM_OC_DelayElapsedCallback
 .text.HAL_TIM_IC_CaptureCallback
                0x000000000800220a        0x2 Drivers/STM32F4xx_HAL_Driver/Src/stm32f4xx_hal_tim.o
                0x000000000800220a                HAL_TIM_IC_CaptureCallback
 .text.HAL_TIM_PWM_PulseFinishedCallback
                0x000000000800220c        0x2 Drivers/STM32F4xx_HAL_Driver/Src/stm32f4xx_hal_tim.o
                0x000000000800220c                HAL_TIM_PWM_PulseFinishedCallback
 .text.HAL_TIM_TriggerCallback
                0x000000000800220e        0x2 Drivers/STM32F4xx_HAL_Driver/Src/stm32f4xx_hal_tim.o
                0x000000000800220e                HAL_TIM_TriggerCallback
 .text.HAL_TIM_IRQHandler
                0x0000000008002210      0x17a Drivers/STM32F4xx_HAL_Driver/Src/stm32f4xx_hal_tim.o
                0x0000000008002210                HAL_TIM_IRQHandler
 *fill*         0x000000000800238a        0x2 
 .text.TIM_Base_SetConfig
                0x000000000800238c       0xcc Drivers/STM32F4xx_HAL_Driver/Src/stm32f4xx_hal_tim.o
                0x000000000800238c                TIM_Base_SetConfig
 .text.HAL_TIM_Base_Init
                0x0000000008002458       0x32 Drivers/STM32F4xx_HAL_Driver/Src/stm32f4xx_hal_tim.o
                0x0000000008002458                HAL_TIM_Base_Init
 .text.HAL_TIMEx_CommutCallback
                0x000000000800248a        0x2 Drivers/STM32F4xx_HAL_Driver/Src/stm32f4xx_hal_tim_ex.o
                0x000000000800248a                HAL_TIMEx_CommutCallback
 .text.HAL_TIMEx_BreakCallback
                0x000000000800248c        0x2 Drivers/STM32F4xx_HAL_Driver/Src/stm32f4xx_hal_tim_ex.o
                0x000000000800248c                HAL_TIMEx_BreakCallback
 *fill*         0x000000000800248e        0x2 
 .text.UART_SetConfig
                0x0000000008002490      0x344 Drivers/STM32F4xx_HAL_Driver/Src/stm32f4xx_hal_uart.o
 .text.HAL_UART_Init
                0x00000000080027d4       0x5e Drivers/STM32F4xx_HAL_Driver/Src/stm32f4xx_hal_uart.o
                0x00000000080027d4                HAL_UART_Init
 *fill*         0x0000000008002832        0x2 
 .text.USB_CoreReset
                0x0000000008002834       0x3c Drivers/STM32F4xx_HAL_Driver/Src/stm32f4xx_ll_usb.o
 .text.USB_CoreInit
                0x0000000008002870       0x8a Drivers/STM32F4xx_HAL_Driver/Src/stm32f4xx_ll_usb.o
                0x0000000008002870                USB_CoreInit
 .text.USB_DisableGlobalInt
                0x00000000080028fa        0xc Drivers/STM32F4xx_HAL_Driver/Src/stm32f4xx_ll_usb.o
                0x00000000080028fa                USB_DisableGlobalInt
 .text.USB_SetCurrentMode
                0x0000000008002906       0x30 Drivers/STM32F4xx_HAL_Driver/Src/stm32f4xx_ll_usb.o
                0x0000000008002906                USB_SetCurrentMode
 *fill*         0x0000000008002936        0x2 
 .text.USB_FlushTxFifo
                0x0000000008002938       0x28 Drivers/STM32F4xx_HAL_Driver/Src/stm32f4xx_ll_usb.o
                0x0000000008002938                USB_FlushTxFifo
 .text.USB_FlushRxFifo
                0x0000000008002960       0x24 Drivers/STM32F4xx_HAL_Driver/Src/stm32f4xx_ll_usb.o
                0x0000000008002960                USB_FlushRxFifo
 .text.USB_SetDevSpeed
                0x0000000008002984        0xe Drivers/STM32F4xx_HAL_Driver/Src/stm32f4xx_ll_usb.o
                0x0000000008002984                USB_SetDevSpeed
 *fill*         0x0000000008002992        0x2 
 .text.USB_DevInit
                0x0000000008002994      0x1a0 Drivers/STM32F4xx_HAL_Driver/Src/stm32f4xx_ll_usb.o
                0x0000000008002994                USB_DevInit
 .text.USB_DevDisconnect
                0x0000000008002b34       0x18 Drivers/STM32F4xx_HAL_Driver/Src/stm32f4xx_ll_usb.o
                0x0000000008002b34                USB_DevDisconnect
 .text.makeFreeRtosPriority
                0x0000000008002b4c        0xc Middlewares/Third_Party/FreeRTOS/Source/CMSIS_RTOS/cmsis_os.o
 .text.osKernelStart
                0x0000000008002b58        0xa Middlewares/Third_Party/FreeRTOS/Source/CMSIS_RTOS/cmsis_os.o
                0x0000000008002b58                osKernelStart
 .text.osThreadCreate
                0x0000000008002b62       0x6a Middlewares/Third_Party/FreeRTOS/Source/CMSIS_RTOS/cmsis_os.o
                0x0000000008002b62                osThreadCreate
 .text.osDelay  0x0000000008002bcc       0x12 Middlewares/Third_Party/FreeRTOS/Source/CMSIS_RTOS/cmsis_os.o
                0x0000000008002bcc                osDelay
 .text.osMessageCreate
                0x0000000008002bde       0x28 Middlewares/Third_Party/FreeRTOS/Source/CMSIS_RTOS/cmsis_os.o
                0x0000000008002bde                osMessageCreate
 .text.vListInitialise
                0x0000000008002c06       0x16 Middlewares/Third_Party/FreeRTOS/Source/list.o
                0x0000000008002c06                vListInitialise
 .text.vListInitialiseItem
                0x0000000008002c1c        0x6 Middlewares/Third_Party/FreeRTOS/Source/list.o
                0x0000000008002c1c                vListInitialiseItem
 .text.vListInsertEnd
                0x0000000008002c22       0x18 Middlewares/Third_Party/FreeRTOS/Source/list.o
                0x0000000008002c22                vListInsertEnd
 .text.vListInsert
                0x0000000008002c3a       0x34 Middlewares/Third_Party/FreeRTOS/Source/list.o
                0x0000000008002c3a                vListInsert
 .text.uxListRemove
                0x0000000008002c6e       0x28 Middlewares/Third_Party/FreeRTOS/Source/list.o
                0x0000000008002c6e                uxListRemove
 *fill*         0x0000000008002c96        0x2 
 .text.prvTaskExitError
                0x0000000008002c98       0x40 Middlewares/Third_Party/FreeRTOS/Source/portable/GCC/ARM_CM4F/port.o
 .text.prvPortStartFirstTask
                0x0000000008002cd8       0x28 Middlewares/Third_Party/FreeRTOS/Source/portable/GCC/ARM_CM4F/port.o
 .text.vPortEnableVFP
                0x0000000008002d00       0x14 Middlewares/Third_Party/FreeRTOS/Source/portable/GCC/ARM_CM4F/port.o
 .text.pxPortInitialiseStack
                0x0000000008002d14       0x2c Middlewares/Third_Party/FreeRTOS/Source/portable/GCC/ARM_CM4F/port.o
                0x0000000008002d14                pxPortInitialiseStack
 .text.SVC_Handler
                0x0000000008002d40       0x24 Middlewares/Third_Party/FreeRTOS/Source/portable/GCC/ARM_CM4F/port.o
                0x0000000008002d40                SVC_Handler
 .text.vPortEnterCritical
                0x0000000008002d64       0x44 Middlewares/Third_Party/FreeRTOS/Source/portable/GCC/ARM_CM4F/port.o
                0x0000000008002d64                vPortEnterCritical
 .text.vPortExitCritical
                0x0000000008002da8       0x2c Middlewares/Third_Party/FreeRTOS/Source/portable/GCC/ARM_CM4F/port.o
                0x0000000008002da8                vPortExitCritical
 *fill*         0x0000000008002dd4        0xc 
 .text.PendSV_Handler
                0x0000000008002de0       0x64 Middlewares/Third_Party/FreeRTOS/Source/portable/GCC/ARM_CM4F/port.o
                0x0000000008002de0                PendSV_Handler
 .text.SysTick_Handler
                0x0000000008002e44       0x2c Middlewares/Third_Party/FreeRTOS/Source/portable/GCC/ARM_CM4F/port.o
                0x0000000008002e44                SysTick_Handler
 .text.vPortSetupTimerInterrupt
                0x0000000008002e70       0x38 Middlewares/Third_Party/FreeRTOS/Source/portable/GCC/ARM_CM4F/port.o
                0x0000000008002e70                vPortSetupTimerInterrupt
 .text.xPortStartScheduler
                0x0000000008002ea8      0x110 Middlewares/Third_Party/FreeRTOS/Source/portable/GCC/ARM_CM4F/port.o
                0x0000000008002ea8                xPortStartScheduler
 .text.prvHeapInit
                0x0000000008002fb8       0x64 Middlewares/Third_Party/FreeRTOS/Source/portable/MemMang/heap_4.o
 .text.prvInsertBlockIntoFreeList
                0x000000000800301c       0x58 Middlewares/Third_Party/FreeRTOS/Source/portable/MemMang/heap_4.o
 .text.pvPortMalloc
                0x0000000008003074      0x108 Middlewares/Third_Party/FreeRTOS/Source/portable/MemMang/heap_4.o
                0x0000000008003074                pvPortMalloc
 .text.vPortFree
                0x000000000800317c       0x70 Middlewares/Third_Party/FreeRTOS/Source/portable/MemMang/heap_4.o
                0x000000000800317c                vPortFree
 .text.xQueueGenericReset
                0x00000000080031ec       0x80 Middlewares/Third_Party/FreeRTOS/Source/queue.o
                0x00000000080031ec                xQueueGenericReset
 .text.prvInitialiseNewQueue
                0x000000000800326c       0x1c Middlewares/Third_Party/FreeRTOS/Source/queue.o
 .text.xQueueGenericCreateStatic
                0x0000000008003288       0xa0 Middlewares/Third_Party/FreeRTOS/Source/queue.o
                0x0000000008003288                xQueueGenericCreateStatic
 .text.xQueueGenericCreate
                0x0000000008003328       0x4e Middlewares/Third_Party/FreeRTOS/Source/queue.o
                0x0000000008003328                xQueueGenericCreate
 *fill*         0x0000000008003376        0x2 
 .text.prvResetNextTaskUnblockTime
                0x0000000008003378       0x34 Middlewares/Third_Party/FreeRTOS/Source/tasks.o
 .text.prvInitialiseNewTask
                0x00000000080033ac       0x80 Middlewares/Third_Party/FreeRTOS/Source/tasks.o
 .text.prvInitialiseTaskLists
                0x000000000800342c       0x68 Middlewares/Third_Party/FreeRTOS/Source/tasks.o
 .text.prvAddNewTaskToReadyList
                0x0000000008003494       0xa8 Middlewares/Third_Party/FreeRTOS/Source/tasks.o
 .text.prvDeleteTCB
                0x000000000800353c       0x3a Middlewares/Third_Party/FreeRTOS/Source/tasks.o
 *fill*         0x0000000008003576        0x2 
 .text.prvCheckTasksWaitingTermination
                0x0000000008003578       0x4c Middlewares/Third_Party/FreeRTOS/Source/tasks.o
 .text.prvIdleTask
                0x00000000080035c4       0x28 Middlewares/Third_Party/FreeRTOS/Source/tasks.o
 .text.prvAddCurrentTaskToDelayedList
                0x00000000080035ec       0x98 Middlewares/Third_Party/FreeRTOS/Source/tasks.o
 .text.xTaskCreateStatic
                0x0000000008003684       0x72 Middlewares/Third_Party/FreeRTOS/Source/tasks.o
                0x0000000008003684                xTaskCreateStatic
 .text.xTaskCreate
                0x00000000080036f6       0x66 Middlewares/Third_Party/FreeRTOS/Source/tasks.o
                0x00000000080036f6                xTaskCreate
 .text.vTaskStartScheduler
                0x000000000800375c       0x78 Middlewares/Third_Party/FreeRTOS/Source/tasks.o
                0x000000000800375c                vTaskStartScheduler
 .text.vTaskSuspendAll
                0x00000000080037d4       0x10 Middlewares/Third_Party/FreeRTOS/Source/tasks.o
                0x00000000080037d4                vTaskSuspendAll
 .text.xTaskIncrementTick
                0x00000000080037e4      0x120 Middlewares/Third_Party/FreeRTOS/Source/tasks.o
                0x00000000080037e4                xTaskIncrementTick
 .text.xTaskResumeAll
                0x0000000008003904       0xfc Middlewares/Third_Party/FreeRTOS/Source/tasks.o
                0x0000000008003904                xTaskResumeAll
 .text.vTaskDelay
                0x0000000008003a00       0x50 Middlewares/Third_Party/FreeRTOS/Source/tasks.o
                0x0000000008003a00                vTaskDelay
 .text.vTaskSwitchContext
                0x0000000008003a50       0x9c Middlewares/Third_Party/FreeRTOS/Source/tasks.o
                0x0000000008003a50                vTaskSwitchContext
 .text.xTaskRemoveFromEventList
                0x0000000008003aec       0x8c Middlewares/Third_Party/FreeRTOS/Source/tasks.o
                0x0000000008003aec                xTaskRemoveFromEventList
 .text.MX_ADC1_Init
                0x0000000008003b78       0x70 Src/adc.o
                0x0000000008003b78                MX_ADC1_Init
 .text.HAL_ADC_MspInit
                0x0000000008003be8       0x68 Src/adc.o
                0x0000000008003be8                HAL_ADC_MspInit
 .text.MX_ETH_Init
                0x0000000008003c50       0x58 Src/eth.o
                0x0000000008003c50                MX_ETH_Init
 .text.HAL_ETH_MspInit
                0x0000000008003ca8      0x11c Src/eth.o
                0x0000000008003ca8                HAL_ETH_MspInit
 .text.StartDefaultTask
                0x0000000008003dc4        0xa Src/freertos.o
                0x0000000008003dc4                StartDefaultTask
 .text.StartTask02
                0x0000000008003dce        0xa Src/freertos.o
                0x0000000008003dce                StartTask02
 .text.InitAndAffich
                0x0000000008003dd8       0xc4 Src/freertos.o
                0x0000000008003dd8                InitAndAffich
 .text.ModeReglage
                0x0000000008003e9c      0x1f8 Src/freertos.o
                0x0000000008003e9c                ModeReglage
 .text.vApplicationGetIdleTaskMemory
                0x0000000008004094       0x18 Src/freertos.o
                0x0000000008004094                vApplicationGetIdleTaskMemory
 .text.MX_FREERTOS_Init
                0x00000000080040ac       0xb0 Src/freertos.o
                0x00000000080040ac                MX_FREERTOS_Init
 .text.MX_GPIO_Init
                0x000000000800415c      0x154 Src/gpio.o
                0x000000000800415c                MX_GPIO_Init
 .text.MX_I2C1_Init
                0x00000000080042b0       0x5c Src/i2c.o
                0x00000000080042b0                MX_I2C1_Init
 .text.HAL_I2C_MspInit
                0x000000000800430c       0x74 Src/i2c.o
                0x000000000800430c                HAL_I2C_MspInit
 .text.HAL_GPIO_EXTI_Callback
                0x0000000008004380       0x60 Src/main.o
                0x0000000008004380                HAL_GPIO_EXTI_Callback
 .text.SystemClock_Config
                0x00000000080043e0       0x98 Src/main.o
                0x00000000080043e0                SystemClock_Config
 .text.main     0x0000000008004478       0x2c Src/main.o
                0x0000000008004478                main
 .text._write   0x00000000080044a4       0x48 Src/main.o
                0x00000000080044a4                _write
 .text.HAL_TIM_PeriodElapsedCallback
                0x00000000080044ec       0x18 Src/main.o
                0x00000000080044ec                HAL_TIM_PeriodElapsedCallback
 .text.Error_Handler
                0x0000000008004504        0x2 Src/main.o
                0x0000000008004504                Error_Handler
 .text.malloc   0x0000000008004506        0x8 Src/malloc.o
                0x0000000008004506                malloc
 .text.free     0x000000000800450e        0x8 Src/malloc.o
                0x000000000800450e                free
 *fill*         0x0000000008004516        0x2 
 .text.HAL_MspInit
                0x0000000008004518       0x44 Src/stm32f4xx_hal_msp.o
                0x0000000008004518                HAL_MspInit
 .text.HAL_InitTick
                0x000000000800455c       0x7c Src/stm32f4xx_hal_timebase_tim.o
                0x000000000800455c                HAL_InitTick
 .text.NMI_Handler
                0x00000000080045d8        0x2 Src/stm32f4xx_it.o
                0x00000000080045d8                NMI_Handler
 .text.HardFault_Handler
                0x00000000080045da        0x2 Src/stm32f4xx_it.o
                0x00000000080045da                HardFault_Handler
 .text.MemManage_Handler
                0x00000000080045dc        0x2 Src/stm32f4xx_it.o
                0x00000000080045dc                MemManage_Handler
 .text.BusFault_Handler
                0x00000000080045de        0x2 Src/stm32f4xx_it.o
                0x00000000080045de                BusFault_Handler
 .text.UsageFault_Handler
                0x00000000080045e0        0x2 Src/stm32f4xx_it.o
                0x00000000080045e0                UsageFault_Handler
 .text.DebugMon_Handler
                0x00000000080045e2        0x2 Src/stm32f4xx_it.o
                0x00000000080045e2                DebugMon_Handler
 .text.EXTI4_IRQHandler
                0x00000000080045e4        0xa Src/stm32f4xx_it.o
                0x00000000080045e4                EXTI4_IRQHandler
 .text.EXTI9_5_IRQHandler
                0x00000000080045ee       0x16 Src/stm32f4xx_it.o
                0x00000000080045ee                EXTI9_5_IRQHandler
 .text.EXTI15_10_IRQHandler
                0x0000000008004604        0xc Src/stm32f4xx_it.o
                0x0000000008004604                EXTI15_10_IRQHandler
 .text.TIM8_UP_TIM13_IRQHandler
                0x0000000008004610       0x10 Src/stm32f4xx_it.o
                0x0000000008004610                TIM8_UP_TIM13_IRQHandler
 .text.SystemInit
                0x0000000008004620       0x4c Src/system_stm32f4xx.o
                0x0000000008004620                SystemInit
 .text.ts_itoa  0x000000000800466c       0x40 Src/tiny_printf.o
                0x000000000800466c                ts_itoa
 .text.ts_formatstring
                0x00000000080046ac       0xdc Src/tiny_printf.o
                0x00000000080046ac                ts_formatstring
 .text.ts_formatlength
                0x0000000008004788       0x8e Src/tiny_printf.o
                0x0000000008004788                ts_formatlength
 .text.iprintf  0x0000000008004816       0x7c Src/tiny_printf.o
                0x0000000008004816                printf
                0x0000000008004816                iprintf
 *fill*         0x0000000008004892        0x2 
 .text.puts     0x0000000008004894       0x38 Src/tiny_printf.o
                0x0000000008004894                puts
 .text.MX_USART3_UART_Init
                0x00000000080048cc       0x34 Src/usart.o
                0x00000000080048cc                MX_USART3_UART_Init
 .text.HAL_UART_MspInit
                0x0000000008004900       0x74 Src/usart.o
                0x0000000008004900                HAL_UART_MspInit
 .text.MX_USB_OTG_FS_PCD_Init
                0x0000000008004974       0x38 Src/usb_otg.o
                0x0000000008004974                MX_USB_OTG_FS_PCD_Init
 .text.HAL_PCD_MspInit
                0x00000000080049ac       0x88 Src/usb_otg.o
                0x00000000080049ac                HAL_PCD_MspInit
 .text.Reset_Handler
                0x0000000008004a34       0x50 startup/startup_stm32f429xx.o
                0x0000000008004a34                Reset_Handler
 .text.Default_Handler
                0x0000000008004a84        0x2 startup/startup_stm32f429xx.o
                0x0000000008004a84                RTC_Alarm_IRQHandler
                0x0000000008004a84                HASH_RNG_IRQHandler
                0x0000000008004a84                EXTI2_IRQHandler
                0x0000000008004a84                TIM8_CC_IRQHandler
                0x0000000008004a84                UART8_IRQHandler
                0x0000000008004a84                SPI4_IRQHandler
                0x0000000008004a84                TIM1_CC_IRQHandler
                0x0000000008004a84                DMA2_Stream5_IRQHandler
                0x0000000008004a84                DMA1_Stream5_IRQHandler
                0x0000000008004a84                PVD_IRQHandler
                0x0000000008004a84                SDIO_IRQHandler
                0x0000000008004a84                TAMP_STAMP_IRQHandler
                0x0000000008004a84                CAN2_RX1_IRQHandler
                0x0000000008004a84                EXTI3_IRQHandler
                0x0000000008004a84                TIM8_TRG_COM_TIM14_IRQHandler
                0x0000000008004a84                TIM1_UP_TIM10_IRQHandler
                0x0000000008004a84                I2C3_ER_IRQHandler
                0x0000000008004a84                EXTI0_IRQHandler
                0x0000000008004a84                I2C2_EV_IRQHandler
                0x0000000008004a84                DMA1_Stream2_IRQHandler
                0x0000000008004a84                CAN1_RX0_IRQHandler
                0x0000000008004a84                FPU_IRQHandler
                0x0000000008004a84                OTG_HS_WKUP_IRQHandler
                0x0000000008004a84                LTDC_ER_IRQHandler
                0x0000000008004a84                CAN2_SCE_IRQHandler
                0x0000000008004a84                DMA2_Stream2_IRQHandler
                0x0000000008004a84                SPI1_IRQHandler
                0x0000000008004a84                TIM6_DAC_IRQHandler
                0x0000000008004a84                TIM1_BRK_TIM9_IRQHandler
                0x0000000008004a84                DCMI_IRQHandler
                0x0000000008004a84                CAN2_RX0_IRQHandler
                0x0000000008004a84                DMA2_Stream3_IRQHandler
                0x0000000008004a84                USART6_IRQHandler
                0x0000000008004a84                USART3_IRQHandler
                0x0000000008004a84                CAN1_RX1_IRQHandler
                0x0000000008004a84                UART5_IRQHandler
                0x0000000008004a84                DMA2_Stream0_IRQHandler
                0x0000000008004a84                TIM4_IRQHandler
                0x0000000008004a84                I2C1_EV_IRQHandler
                0x0000000008004a84                DMA1_Stream6_IRQHandler
                0x0000000008004a84                DMA1_Stream1_IRQHandler
                0x0000000008004a84                UART4_IRQHandler
                0x0000000008004a84                TIM3_IRQHandler
                0x0000000008004a84                RCC_IRQHandler
                0x0000000008004a84                TIM8_BRK_TIM12_IRQHandler
                0x0000000008004a84                Default_Handler
                0x0000000008004a84                ADC_IRQHandler
                0x0000000008004a84                DMA1_Stream7_IRQHandler
                0x0000000008004a84                SPI5_IRQHandler
                0x0000000008004a84                TIM7_IRQHandler
                0x0000000008004a84                CAN2_TX_IRQHandler
                0x0000000008004a84                TIM5_IRQHandler
                0x0000000008004a84                DMA2_Stream7_IRQHandler
                0x0000000008004a84                I2C3_EV_IRQHandler
                0x0000000008004a84                RTC_WKUP_IRQHandler
                0x0000000008004a84                LTDC_IRQHandler
                0x0000000008004a84                ETH_WKUP_IRQHandler
                0x0000000008004a84                SPI2_IRQHandler
                0x0000000008004a84                OTG_HS_EP1_IN_IRQHandler
                0x0000000008004a84                DMA1_Stream0_IRQHandler
                0x0000000008004a84                CAN1_TX_IRQHandler
                0x0000000008004a84                ETH_IRQHandler
                0x0000000008004a84                OTG_HS_EP1_OUT_IRQHandler
                0x0000000008004a84                WWDG_IRQHandler
                0x0000000008004a84                SPI6_IRQHandler
                0x0000000008004a84                TIM2_IRQHandler
                0x0000000008004a84                OTG_FS_WKUP_IRQHandler
                0x0000000008004a84                TIM1_TRG_COM_TIM11_IRQHandler
                0x0000000008004a84                OTG_HS_IRQHandler
                0x0000000008004a84                DMA2D_IRQHandler
                0x0000000008004a84                EXTI1_IRQHandler
                0x0000000008004a84                UART7_IRQHandler
                0x0000000008004a84                USART2_IRQHandler
                0x0000000008004a84                I2C2_ER_IRQHandler
                0x0000000008004a84                DMA2_Stream1_IRQHandler
                0x0000000008004a84                CAN1_SCE_IRQHandler
                0x0000000008004a84                FLASH_IRQHandler
                0x0000000008004a84                DMA2_Stream4_IRQHandler
                0x0000000008004a84                USART1_IRQHandler
                0x0000000008004a84                OTG_FS_IRQHandler
                0x0000000008004a84                SPI3_IRQHandler
                0x0000000008004a84                DMA1_Stream4_IRQHandler
                0x0000000008004a84                I2C1_ER_IRQHandler
                0x0000000008004a84                FMC_IRQHandler
                0x0000000008004a84                DMA2_Stream6_IRQHandler
                0x0000000008004a84                SAI1_IRQHandler
                0x0000000008004a84                DMA1_Stream3_IRQHandler
 *fill*         0x0000000008004a86        0x2 
 .text.__libc_init_array
                0x0000000008004a88       0x48 /opt/Atollic_TrueSTUDIO_for_STM32_x86_64_9.3.0/ARMTools/bin/../lib/gcc/arm-atollic-eabi/6.3.1/../../../../arm-atollic-eabi/lib/armv7e-m/fpu/libc_nano.a(lib_a-init.o)
                0x0000000008004a88                __libc_init_array
 .text.memset   0x0000000008004ad0       0x10 /opt/Atollic_TrueSTUDIO_for_STM32_x86_64_9.3.0/ARMTools/bin/../lib/gcc/arm-atollic-eabi/6.3.1/../../../../arm-atollic-eabi/lib/armv7e-m/fpu/libc_nano.a(lib_a-memset.o)
                0x0000000008004ad0                memset
 *(.glue_7)
 .glue_7        0x0000000008004ae0        0x0 linker stubs
 *(.glue_7t)
 .glue_7t       0x0000000008004ae0        0x0 linker stubs
 *(.eh_frame)
 .eh_frame      0x0000000008004ae0        0x0 /opt/Atollic_TrueSTUDIO_for_STM32_x86_64_9.3.0/ARMTools/bin/../lib/gcc/arm-atollic-eabi/6.3.1/armv7e-m/fpu/crtbegin.o
 *(.init)
 .init          0x0000000008004ae0        0x4 /opt/Atollic_TrueSTUDIO_for_STM32_x86_64_9.3.0/ARMTools/bin/../lib/gcc/arm-atollic-eabi/6.3.1/armv7e-m/fpu/crti.o
                0x0000000008004ae0                _init
 .init          0x0000000008004ae4        0x8 /opt/Atollic_TrueSTUDIO_for_STM32_x86_64_9.3.0/ARMTools/bin/../lib/gcc/arm-atollic-eabi/6.3.1/armv7e-m/fpu/crtn.o
 *(.fini)
 .fini          0x0000000008004aec        0x4 /opt/Atollic_TrueSTUDIO_for_STM32_x86_64_9.3.0/ARMTools/bin/../lib/gcc/arm-atollic-eabi/6.3.1/armv7e-m/fpu/crti.o
                0x0000000008004aec                _fini
 .fini          0x0000000008004af0        0x8 /opt/Atollic_TrueSTUDIO_for_STM32_x86_64_9.3.0/ARMTools/bin/../lib/gcc/arm-atollic-eabi/6.3.1/armv7e-m/fpu/crtn.o
                0x0000000008004af8                . = ALIGN (0x4)
                0x0000000008004af8                _etext = .

.vfp11_veneer   0x0000000008004af8        0x0
 .vfp11_veneer  0x0000000008004af8        0x0 linker stubs

.v4_bx          0x0000000008004af8        0x0
 .v4_bx         0x0000000008004af8        0x0 linker stubs

.iplt           0x0000000008004af8        0x0
 .iplt          0x0000000008004af8        0x0 /opt/Atollic_TrueSTUDIO_for_STM32_x86_64_9.3.0/ARMTools/bin/../lib/gcc/arm-atollic-eabi/6.3.1/armv7e-m/fpu/crtbegin.o

.rodata         0x0000000008004af8      0x158
                0x0000000008004af8                . = ALIGN (0x4)
 *(.rodata)
 .rodata        0x0000000008004af8       0x80 Src/freertos.o
 *(.rodata*)
 .rodata.vTaskStartScheduler.str1.4
                0x0000000008004b78        0x5 Middlewares/Third_Party/FreeRTOS/Source/tasks.o
 *fill*         0x0000000008004b7d        0x3 
 .rodata.InitAndAffich.str1.4
                0x0000000008004b80       0x25 Src/freertos.o
 *fill*         0x0000000008004ba5        0x3 
 .rodata.ModeReglage.str1.4
                0x0000000008004ba8       0x52 Src/freertos.o
 *fill*         0x0000000008004bfa        0x2 
 .rodata.str1.4
                0x0000000008004bfc       0x38 Src/freertos.o
 .rodata.AHBPrescTable
                0x0000000008004c34       0x10 Src/system_stm32f4xx.o
                0x0000000008004c34                AHBPrescTable
 .rodata.APBPrescTable
                0x0000000008004c44        0x8 Src/system_stm32f4xx.o
                0x0000000008004c44                APBPrescTable
 .rodata.fputs.str1.4
                0x0000000008004c4c        0x4 Src/tiny_printf.o
                                          0x2 (size before relaxing)
                0x0000000008004c50                . = ALIGN (0x4)

.ARM.extab
 *(.ARM.extab* .gnu.linkonce.armextab.*)

.ARM            0x0000000008004c50        0x8
                0x0000000008004c50                __exidx_start = .
 *(.ARM.exidx*)
 .ARM.exidx     0x0000000008004c50        0x8 /opt/Atollic_TrueSTUDIO_for_STM32_x86_64_9.3.0/ARMTools/bin/../lib/gcc/arm-atollic-eabi/6.3.1/armv7e-m/fpu/libgcc.a(_udivmoddi4.o)
                0x0000000008004c58                __exidx_end = .

.rel.dyn        0x0000000008004c58        0x0
 .rel.iplt      0x0000000008004c58        0x0 /opt/Atollic_TrueSTUDIO_for_STM32_x86_64_9.3.0/ARMTools/bin/../lib/gcc/arm-atollic-eabi/6.3.1/armv7e-m/fpu/crtbegin.o

.preinit_array  0x0000000008004c58        0x0
                0x0000000008004c58                PROVIDE (__preinit_array_start, .)
 *(.preinit_array*)
                0x0000000008004c58                PROVIDE (__preinit_array_end, .)

.init_array     0x0000000008004c58        0x4
                0x0000000008004c58                PROVIDE (__init_array_start, .)
 *(SORT(.init_array.*))
 *(.init_array*)
 .init_array    0x0000000008004c58        0x4 /opt/Atollic_TrueSTUDIO_for_STM32_x86_64_9.3.0/ARMTools/bin/../lib/gcc/arm-atollic-eabi/6.3.1/armv7e-m/fpu/crtbegin.o
                0x0000000008004c5c                PROVIDE (__init_array_end, .)

.fini_array     0x0000000008004c5c        0x4
                [!provide]                        PROVIDE (__fini_array_start, .)
 *(SORT(.fini_array.*))
 *(.fini_array*)
 .fini_array    0x0000000008004c5c        0x4 /opt/Atollic_TrueSTUDIO_for_STM32_x86_64_9.3.0/ARMTools/bin/../lib/gcc/arm-atollic-eabi/6.3.1/armv7e-m/fpu/crtbegin.o
                [!provide]                        PROVIDE (__fini_array_end, .)
                0x0000000008004c60                _sidata = LOADADDR (.data)

.data           0x0000000020000000        0xc load address 0x0000000008004c60
                0x0000000020000000                . = ALIGN (0x4)
                0x0000000020000000                _sdata = .
 *(.data)
 *(.data*)
 .data.uwTickFreq
                0x0000000020000000        0x1 Drivers/STM32F4xx_HAL_Driver/Src/stm32f4xx_hal.o
                0x0000000020000000                uwTickFreq
 *fill*         0x0000000020000001        0x3 
 .data.uxCriticalNesting
                0x0000000020000004        0x4 Middlewares/Third_Party/FreeRTOS/Source/portable/GCC/ARM_CM4F/port.o
 .data.SystemCoreClock
                0x0000000020000008        0x4 Src/system_stm32f4xx.o
                0x0000000020000008                SystemCoreClock
                0x000000002000000c                . = ALIGN (0x4)
                0x000000002000000c                _edata = .
                0x0000000008004c6c                _siccmram = LOADADDR (.ccmram)

.igot.plt       0x000000002000000c        0x0 load address 0x0000000008004c6c
 .igot.plt      0x000000002000000c        0x0 /opt/Atollic_TrueSTUDIO_for_STM32_x86_64_9.3.0/ARMTools/bin/../lib/gcc/arm-atollic-eabi/6.3.1/armv7e-m/fpu/crtbegin.o

.ccmram         0x0000000010000000        0x0 load address 0x0000000008004c6c
                0x0000000010000000                . = ALIGN (0x4)
                0x0000000010000000                _sccmram = .
 *(.ccmram)
 *(.ccmram*)
                0x0000000010000000                . = ALIGN (0x4)
                0x0000000010000000                _eccmram = .
                0x0000000010000000                . = ALIGN (0x4)

.bss            0x000000002000000c     0x4554
                0x000000002000000c                _sbss = .
                0x000000002000000c                __bss_start__ = _sbss
 *(.bss)
 .bss           0x000000002000000c       0x1c /opt/Atollic_TrueSTUDIO_for_STM32_x86_64_9.3.0/ARMTools/bin/../lib/gcc/arm-atollic-eabi/6.3.1/armv7e-m/fpu/crtbegin.o
 *(.bss*)
 .bss.ucMaxSysCallPriority
                0x0000000020000028        0x1 Middlewares/Third_Party/FreeRTOS/Source/portable/GCC/ARM_CM4F/port.o
 *fill*         0x0000000020000029        0x3 
 .bss.ulMaxPRIGROUPValue
                0x000000002000002c        0x4 Middlewares/Third_Party/FreeRTOS/Source/portable/GCC/ARM_CM4F/port.o
 .bss.pxEnd     0x0000000020000030        0x4 Middlewares/Third_Party/FreeRTOS/Source/portable/MemMang/heap_4.o
 .bss.ucHeap    0x0000000020000034     0x3c00 Middlewares/Third_Party/FreeRTOS/Source/portable/MemMang/heap_4.o
 .bss.xBlockAllocatedBit
                0x0000000020003c34        0x4 Middlewares/Third_Party/FreeRTOS/Source/portable/MemMang/heap_4.o
 .bss.xFreeBytesRemaining
                0x0000000020003c38        0x4 Middlewares/Third_Party/FreeRTOS/Source/portable/MemMang/heap_4.o
 .bss.xMinimumEverFreeBytesRemaining
                0x0000000020003c3c        0x4 Middlewares/Third_Party/FreeRTOS/Source/portable/MemMang/heap_4.o
 .bss.xStart    0x0000000020003c40        0x8 Middlewares/Third_Party/FreeRTOS/Source/portable/MemMang/heap_4.o
 .bss.pxCurrentTCB
                0x0000000020003c48        0x4 Middlewares/Third_Party/FreeRTOS/Source/tasks.o
                0x0000000020003c48                pxCurrentTCB
 .bss.pxDelayedTaskList
                0x0000000020003c4c        0x4 Middlewares/Third_Party/FreeRTOS/Source/tasks.o
 .bss.pxOverflowDelayedTaskList
                0x0000000020003c50        0x4 Middlewares/Third_Party/FreeRTOS/Source/tasks.o
 .bss.pxReadyTasksLists
                0x0000000020003c54       0x8c Middlewares/Third_Party/FreeRTOS/Source/tasks.o
 .bss.uxCurrentNumberOfTasks
                0x0000000020003ce0        0x4 Middlewares/Third_Party/FreeRTOS/Source/tasks.o
 .bss.uxDeletedTasksWaitingCleanUp
                0x0000000020003ce4        0x4 Middlewares/Third_Party/FreeRTOS/Source/tasks.o
 .bss.uxPendedTicks
                0x0000000020003ce8        0x4 Middlewares/Third_Party/FreeRTOS/Source/tasks.o
 .bss.uxSchedulerSuspended
                0x0000000020003cec        0x4 Middlewares/Third_Party/FreeRTOS/Source/tasks.o
 .bss.uxTaskNumber
                0x0000000020003cf0        0x4 Middlewares/Third_Party/FreeRTOS/Source/tasks.o
 .bss.uxTopReadyPriority
                0x0000000020003cf4        0x4 Middlewares/Third_Party/FreeRTOS/Source/tasks.o
 .bss.xDelayedTaskList1
                0x0000000020003cf8       0x14 Middlewares/Third_Party/FreeRTOS/Source/tasks.o
 .bss.xDelayedTaskList2
                0x0000000020003d0c       0x14 Middlewares/Third_Party/FreeRTOS/Source/tasks.o
 .bss.xNextTaskUnblockTime
                0x0000000020003d20        0x4 Middlewares/Third_Party/FreeRTOS/Source/tasks.o
 .bss.xNumOfOverflows
                0x0000000020003d24        0x4 Middlewares/Third_Party/FreeRTOS/Source/tasks.o
 .bss.xPendingReadyList
                0x0000000020003d28       0x14 Middlewares/Third_Party/FreeRTOS/Source/tasks.o
 .bss.xSchedulerRunning
                0x0000000020003d3c        0x4 Middlewares/Third_Party/FreeRTOS/Source/tasks.o
 .bss.xSuspendedTaskList
                0x0000000020003d40       0x14 Middlewares/Third_Party/FreeRTOS/Source/tasks.o
 .bss.xTasksWaitingTermination
                0x0000000020003d54       0x14 Middlewares/Third_Party/FreeRTOS/Source/tasks.o
 .bss.xTickCount
                0x0000000020003d68        0x4 Middlewares/Third_Party/FreeRTOS/Source/tasks.o
 .bss.xYieldPending
                0x0000000020003d6c        0x4 Middlewares/Third_Party/FreeRTOS/Source/tasks.o
 .bss.xIdleStack
                0x0000000020003d70      0x200 Src/freertos.o
 .bss.xIdleTaskTCBBuffer
                0x0000000020003f70       0x54 Src/freertos.o
 *(COMMON)
 COMMON         0x0000000020003fc4        0x4 Drivers/STM32F4xx_HAL_Driver/Src/stm32f4xx_hal.o
                0x0000000020003fc4                uwTick
 COMMON         0x0000000020003fc8       0x60 Src/adc.o
                0x0000000020003fc8                heures
                0x0000000020003fcc                secondes
                0x0000000020003fd0                hadc1
                0x0000000020004018                adresse_rtc
                0x000000002000401c                g_appui_touche
                0x0000000020004020                mode_reglage
                0x0000000020004024                minutes
 COMMON         0x0000000020004028       0x48 Src/eth.o
                0x0000000020004028                heth
 COMMON         0x0000000020004070       0x14 Src/freertos.o
                0x0000000020004070                defaultTaskHandle
                0x0000000020004074                myTask02Handle
                0x0000000020004078                TaskModeReglHandle
                0x000000002000407c                exchangeHandle
                0x0000000020004080                TaskInitAndAffiHandle
 COMMON         0x0000000020004084       0x54 Src/i2c.o
                0x0000000020004084                hi2c1
 COMMON         0x00000000200040d8       0x40 Src/stm32f4xx_hal_timebase_tim.o
                0x00000000200040d8                htim8
 COMMON         0x0000000020004118       0x40 Src/usart.o
                0x0000000020004118                huart3
 COMMON         0x0000000020004158      0x408 Src/usb_otg.o
                0x0000000020004158                hpcd_USB_OTG_FS
                0x0000000020004560                . = ALIGN (0x4)
                0x0000000020004560                _ebss = .
                0x0000000020004560                __bss_end__ = _ebss

._user_heap_stack
                0x0000000020004560      0x600
                0x0000000020004560                . = ALIGN (0x4)
                0x0000000020004560                PROVIDE (end, .)
                [!provide]                        PROVIDE (_end, .)
                0x0000000020004760                . = (. + _Min_Heap_Size)
 *fill*         0x0000000020004560      0x200 
                0x0000000020004b60                . = (. + _Min_Stack_Size)
 *fill*         0x0000000020004760      0x400 
                0x0000000020004b60                . = ALIGN (0x4)

/DISCARD/
 libc.a(*)
 libm.a(*)
 libgcc.a(*)

.ARM.attributes
                0x0000000000000000       0x30
 *(.ARM.attributes)
 .ARM.attributes
                0x0000000000000000       0x22 /opt/Atollic_TrueSTUDIO_for_STM32_x86_64_9.3.0/ARMTools/bin/../lib/gcc/arm-atollic-eabi/6.3.1/armv7e-m/fpu/crti.o
 .ARM.attributes
                0x0000000000000022       0x34 /opt/Atollic_TrueSTUDIO_for_STM32_x86_64_9.3.0/ARMTools/bin/../lib/gcc/arm-atollic-eabi/6.3.1/armv7e-m/fpu/crtbegin.o
 .ARM.attributes
                0x0000000000000056       0x39 Drivers/STM32F4xx_HAL_Driver/Src/stm32f4xx_hal.o
 .ARM.attributes
                0x000000000000008f       0x39 Drivers/STM32F4xx_HAL_Driver/Src/stm32f4xx_hal_adc.o
 .ARM.attributes
                0x00000000000000c8       0x39 Drivers/STM32F4xx_HAL_Driver/Src/stm32f4xx_hal_cortex.o
 .ARM.attributes
                0x0000000000000101       0x39 Drivers/STM32F4xx_HAL_Driver/Src/stm32f4xx_hal_eth.o
 .ARM.attributes
                0x000000000000013a       0x39 Drivers/STM32F4xx_HAL_Driver/Src/stm32f4xx_hal_gpio.o
 .ARM.attributes
                0x0000000000000173       0x39 Drivers/STM32F4xx_HAL_Driver/Src/stm32f4xx_hal_i2c.o
 .ARM.attributes
                0x00000000000001ac       0x39 Drivers/STM32F4xx_HAL_Driver/Src/stm32f4xx_hal_i2c_ex.o
 .ARM.attributes
                0x00000000000001e5       0x39 Drivers/STM32F4xx_HAL_Driver/Src/stm32f4xx_hal_pcd.o
 .ARM.attributes
                0x000000000000021e       0x39 Drivers/STM32F4xx_HAL_Driver/Src/stm32f4xx_hal_rcc.o
 .ARM.attributes
                0x0000000000000257       0x39 Drivers/STM32F4xx_HAL_Driver/Src/stm32f4xx_hal_tim.o
 .ARM.attributes
                0x0000000000000290       0x39 Drivers/STM32F4xx_HAL_Driver/Src/stm32f4xx_hal_tim_ex.o
 .ARM.attributes
                0x00000000000002c9       0x39 Drivers/STM32F4xx_HAL_Driver/Src/stm32f4xx_hal_uart.o
 .ARM.attributes
                0x0000000000000302       0x39 Drivers/STM32F4xx_HAL_Driver/Src/stm32f4xx_ll_usb.o
 .ARM.attributes
                0x000000000000033b       0x39 Middlewares/Third_Party/FreeRTOS/Source/CMSIS_RTOS/cmsis_os.o
 .ARM.attributes
                0x0000000000000374       0x39 Middlewares/Third_Party/FreeRTOS/Source/list.o
 .ARM.attributes
                0x00000000000003ad       0x39 Middlewares/Third_Party/FreeRTOS/Source/portable/GCC/ARM_CM4F/port.o
 .ARM.attributes
                0x00000000000003e6       0x39 Middlewares/Third_Party/FreeRTOS/Source/portable/MemMang/heap_4.o
 .ARM.attributes
                0x000000000000041f       0x39 Middlewares/Third_Party/FreeRTOS/Source/queue.o
 .ARM.attributes
                0x0000000000000458       0x39 Middlewares/Third_Party/FreeRTOS/Source/tasks.o
 .ARM.attributes
                0x0000000000000491       0x39 Src/adc.o
 .ARM.attributes
                0x00000000000004ca       0x39 Src/eth.o
 .ARM.attributes
                0x0000000000000503       0x39 Src/freertos.o
 .ARM.attributes
                0x000000000000053c       0x39 Src/gpio.o
 .ARM.attributes
                0x0000000000000575       0x39 Src/i2c.o
 .ARM.attributes
                0x00000000000005ae       0x39 Src/main.o
 .ARM.attributes
                0x00000000000005e7       0x39 Src/malloc.o
 .ARM.attributes
                0x0000000000000620       0x39 Src/stm32f4xx_hal_msp.o
 .ARM.attributes
                0x0000000000000659       0x39 Src/stm32f4xx_hal_timebase_tim.o
 .ARM.attributes
                0x0000000000000692       0x39 Src/stm32f4xx_it.o
 .ARM.attributes
                0x00000000000006cb       0x39 Src/system_stm32f4xx.o
 .ARM.attributes
                0x0000000000000704       0x39 Src/tiny_printf.o
 .ARM.attributes
                0x000000000000073d       0x39 Src/usart.o
 .ARM.attributes
                0x0000000000000776       0x39 Src/usb_otg.o
 .ARM.attributes
                0x00000000000007af       0x21 startup/startup_stm32f429xx.o
 .ARM.attributes
                0x00000000000007d0       0x34 /opt/Atollic_TrueSTUDIO_for_STM32_x86_64_9.3.0/ARMTools/bin/../lib/gcc/arm-atollic-eabi/6.3.1/../../../../arm-atollic-eabi/lib/armv7e-m/fpu/libc_nano.a(lib_a-init.o)
 .ARM.attributes
                0x0000000000000804       0x34 /opt/Atollic_TrueSTUDIO_for_STM32_x86_64_9.3.0/ARMTools/bin/../lib/gcc/arm-atollic-eabi/6.3.1/../../../../arm-atollic-eabi/lib/armv7e-m/fpu/libc_nano.a(lib_a-memset.o)
 .ARM.attributes
                0x0000000000000838       0x1b /opt/Atollic_TrueSTUDIO_for_STM32_x86_64_9.3.0/ARMTools/bin/../lib/gcc/arm-atollic-eabi/6.3.1/../../../../arm-atollic-eabi/lib/armv7e-m/fpu/libc_nano.a(lib_a-strlen.o)
 .ARM.attributes
                0x0000000000000853       0x22 /opt/Atollic_TrueSTUDIO_for_STM32_x86_64_9.3.0/ARMTools/bin/../lib/gcc/arm-atollic-eabi/6.3.1/armv7e-m/fpu/libgcc.a(_aeabi_uldivmod.o)
 .ARM.attributes
                0x0000000000000875       0x34 /opt/Atollic_TrueSTUDIO_for_STM32_x86_64_9.3.0/ARMTools/bin/../lib/gcc/arm-atollic-eabi/6.3.1/armv7e-m/fpu/libgcc.a(_udivmoddi4.o)
 .ARM.attributes
                0x00000000000008a9       0x22 /opt/Atollic_TrueSTUDIO_for_STM32_x86_64_9.3.0/ARMTools/bin/../lib/gcc/arm-atollic-eabi/6.3.1/armv7e-m/fpu/libgcc.a(_dvmd_tls.o)
 .ARM.attributes
                0x00000000000008cb       0x22 /opt/Atollic_TrueSTUDIO_for_STM32_x86_64_9.3.0/ARMTools/bin/../lib/gcc/arm-atollic-eabi/6.3.1/armv7e-m/fpu/crtn.o
OUTPUT(FreeRTOS_luminosite.elf elf32-littlearm)

.debug_info     0x0000000000000000    0x26771
 .debug_info    0x0000000000000000      0xa3f Drivers/STM32F4xx_HAL_Driver/Src/stm32f4xx_hal.o
 .debug_info    0x0000000000000a3f      0xdbf Drivers/STM32F4xx_HAL_Driver/Src/stm32f4xx_hal_adc.o
 .debug_info    0x00000000000017fe      0xf71 Drivers/STM32F4xx_HAL_Driver/Src/stm32f4xx_hal_cortex.o
 .debug_info    0x000000000000276f     0x1906 Drivers/STM32F4xx_HAL_Driver/Src/stm32f4xx_hal_eth.o
 .debug_info    0x0000000000004075      0x78a Drivers/STM32F4xx_HAL_Driver/Src/stm32f4xx_hal_gpio.o
 .debug_info    0x00000000000047ff     0x328a Drivers/STM32F4xx_HAL_Driver/Src/stm32f4xx_hal_i2c.o
 .debug_info    0x0000000000007a89      0x6ce Drivers/STM32F4xx_HAL_Driver/Src/stm32f4xx_hal_i2c_ex.o
 .debug_info    0x0000000000008157     0x1765 Drivers/STM32F4xx_HAL_Driver/Src/stm32f4xx_hal_pcd.o
 .debug_info    0x00000000000098bc      0xa53 Drivers/STM32F4xx_HAL_Driver/Src/stm32f4xx_hal_rcc.o
 .debug_info    0x000000000000a30f     0x3184 Drivers/STM32F4xx_HAL_Driver/Src/stm32f4xx_hal_tim.o
 .debug_info    0x000000000000d493     0x1496 Drivers/STM32F4xx_HAL_Driver/Src/stm32f4xx_hal_tim_ex.o
 .debug_info    0x000000000000e929     0x172f Drivers/STM32F4xx_HAL_Driver/Src/stm32f4xx_hal_uart.o
 .debug_info    0x0000000000010058     0x1b11 Drivers/STM32F4xx_HAL_Driver/Src/stm32f4xx_ll_usb.o
 .debug_info    0x0000000000011b69     0x2746 Middlewares/Third_Party/FreeRTOS/Source/CMSIS_RTOS/cmsis_os.o
 .debug_info    0x00000000000142af      0xac5 Middlewares/Third_Party/FreeRTOS/Source/list.o
 .debug_info    0x0000000000014d74      0x572 Middlewares/Third_Party/FreeRTOS/Source/portable/GCC/ARM_CM4F/port.o
 .debug_info    0x00000000000152e6      0xc64 Middlewares/Third_Party/FreeRTOS/Source/portable/MemMang/heap_4.o
 .debug_info    0x0000000000015f4a     0x27ba Middlewares/Third_Party/FreeRTOS/Source/queue.o
 .debug_info    0x0000000000018704     0x2e01 Middlewares/Third_Party/FreeRTOS/Source/tasks.o
 .debug_info    0x000000000001b505      0xac7 Src/adc.o
 .debug_info    0x000000000001bfcc      0xd94 Src/eth.o
 .debug_info    0x000000000001cd60     0x19aa Src/freertos.o
 .debug_info    0x000000000001e70a      0x91a Src/gpio.o
 .debug_info    0x000000000001f024      0xb01 Src/i2c.o
 .debug_info    0x000000000001fb25     0x1fa9 Src/main.o
 .debug_info    0x0000000000021ace      0x9c0 Src/malloc.o
 .debug_info    0x000000000002248e      0x61a Src/stm32f4xx_hal_msp.o
 .debug_info    0x0000000000022aa8      0xbfc Src/stm32f4xx_hal_timebase_tim.o
 .debug_info    0x00000000000236a4      0x7a7 Src/stm32f4xx_it.o
 .debug_info    0x0000000000023e4b      0x524 Src/system_stm32f4xx.o
 .debug_info    0x000000000002436f      0xf70 Src/tiny_printf.o
 .debug_info    0x00000000000252df      0xa02 Src/usart.o
 .debug_info    0x0000000000025ce1      0xa11 Src/usb_otg.o
 .debug_info    0x00000000000266f2       0x7f startup/startup_stm32f429xx.o

.debug_abbrev   0x0000000000000000     0x4b34
 .debug_abbrev  0x0000000000000000      0x1ec Drivers/STM32F4xx_HAL_Driver/Src/stm32f4xx_hal.o
 .debug_abbrev  0x00000000000001ec      0x23d Drivers/STM32F4xx_HAL_Driver/Src/stm32f4xx_hal_adc.o
 .debug_abbrev  0x0000000000000429      0x323 Drivers/STM32F4xx_HAL_Driver/Src/stm32f4xx_hal_cortex.o
 .debug_abbrev  0x000000000000074c      0x278 Drivers/STM32F4xx_HAL_Driver/Src/stm32f4xx_hal_eth.o
 .debug_abbrev  0x00000000000009c4      0x1e2 Drivers/STM32F4xx_HAL_Driver/Src/stm32f4xx_hal_gpio.o
 .debug_abbrev  0x0000000000000ba6      0x27f Drivers/STM32F4xx_HAL_Driver/Src/stm32f4xx_hal_i2c.o
 .debug_abbrev  0x0000000000000e25      0x168 Drivers/STM32F4xx_HAL_Driver/Src/stm32f4xx_hal_i2c_ex.o
 .debug_abbrev  0x0000000000000f8d      0x28f Drivers/STM32F4xx_HAL_Driver/Src/stm32f4xx_hal_pcd.o
 .debug_abbrev  0x000000000000121c      0x26e Drivers/STM32F4xx_HAL_Driver/Src/stm32f4xx_hal_rcc.o
 .debug_abbrev  0x000000000000148a      0x21f Drivers/STM32F4xx_HAL_Driver/Src/stm32f4xx_hal_tim.o
 .debug_abbrev  0x00000000000016a9      0x230 Drivers/STM32F4xx_HAL_Driver/Src/stm32f4xx_hal_tim_ex.o
 .debug_abbrev  0x00000000000018d9      0x26b Drivers/STM32F4xx_HAL_Driver/Src/stm32f4xx_hal_uart.o
 .debug_abbrev  0x0000000000001b44      0x2ab Drivers/STM32F4xx_HAL_Driver/Src/stm32f4xx_ll_usb.o
 .debug_abbrev  0x0000000000001def      0x3af Middlewares/Third_Party/FreeRTOS/Source/CMSIS_RTOS/cmsis_os.o
 .debug_abbrev  0x000000000000219e      0x1ea Middlewares/Third_Party/FreeRTOS/Source/list.o
 .debug_abbrev  0x0000000000002388      0x23a Middlewares/Third_Party/FreeRTOS/Source/portable/GCC/ARM_CM4F/port.o
 .debug_abbrev  0x00000000000025c2      0x2df Middlewares/Third_Party/FreeRTOS/Source/portable/MemMang/heap_4.o
 .debug_abbrev  0x00000000000028a1      0x39a Middlewares/Third_Party/FreeRTOS/Source/queue.o
 .debug_abbrev  0x0000000000002c3b      0x376 Middlewares/Third_Party/FreeRTOS/Source/tasks.o
 .debug_abbrev  0x0000000000002fb1      0x1d5 Src/adc.o
 .debug_abbrev  0x0000000000003186      0x1e3 Src/eth.o
 .debug_abbrev  0x0000000000003369      0x2b9 Src/freertos.o
 .debug_abbrev  0x0000000000003622      0x188 Src/gpio.o
 .debug_abbrev  0x00000000000037aa      0x1d5 Src/i2c.o
 .debug_abbrev  0x000000000000397f      0x2f6 Src/main.o
 .debug_abbrev  0x0000000000003c75      0x1fe Src/malloc.o
 .debug_abbrev  0x0000000000003e73      0x13f Src/stm32f4xx_hal_msp.o
 .debug_abbrev  0x0000000000003fb2      0x1e9 Src/stm32f4xx_hal_timebase_tim.o
 .debug_abbrev  0x000000000000419b      0x1b7 Src/stm32f4xx_it.o
 .debug_abbrev  0x0000000000004352      0x10e Src/system_stm32f4xx.o
 .debug_abbrev  0x0000000000004460      0x310 Src/tiny_printf.o
 .debug_abbrev  0x0000000000004770      0x1d5 Src/usart.o
 .debug_abbrev  0x0000000000004945      0x1dd Src/usb_otg.o
 .debug_abbrev  0x0000000000004b22       0x12 startup/startup_stm32f429xx.o

.debug_loc      0x0000000000000000    0x13754
 .debug_loc     0x0000000000000000      0x108 Drivers/STM32F4xx_HAL_Driver/Src/stm32f4xx_hal.o
 .debug_loc     0x0000000000000108      0x9e6 Drivers/STM32F4xx_HAL_Driver/Src/stm32f4xx_hal_adc.o
 .debug_loc     0x0000000000000aee      0x616 Drivers/STM32F4xx_HAL_Driver/Src/stm32f4xx_hal_cortex.o
 .debug_loc     0x0000000000001104      0xd0c Drivers/STM32F4xx_HAL_Driver/Src/stm32f4xx_hal_eth.o
 .debug_loc     0x0000000000001e10      0x3d5 Drivers/STM32F4xx_HAL_Driver/Src/stm32f4xx_hal_gpio.o
 .debug_loc     0x00000000000021e5     0x366d Drivers/STM32F4xx_HAL_Driver/Src/stm32f4xx_hal_i2c.o
 .debug_loc     0x0000000000005852       0xe0 Drivers/STM32F4xx_HAL_Driver/Src/stm32f4xx_hal_i2c_ex.o
 .debug_loc     0x0000000000005932      0xf73 Drivers/STM32F4xx_HAL_Driver/Src/stm32f4xx_hal_pcd.o
 .debug_loc     0x00000000000068a5      0x3e6 Drivers/STM32F4xx_HAL_Driver/Src/stm32f4xx_hal_rcc.o
 .debug_loc     0x0000000000006c8b     0x382f Drivers/STM32F4xx_HAL_Driver/Src/stm32f4xx_hal_tim.o
 .debug_loc     0x000000000000a4ba     0x11fc Drivers/STM32F4xx_HAL_Driver/Src/stm32f4xx_hal_tim_ex.o
 .debug_loc     0x000000000000b6b6     0x1547 Drivers/STM32F4xx_HAL_Driver/Src/stm32f4xx_hal_uart.o
 .debug_loc     0x000000000000cbfd     0x1e3b Drivers/STM32F4xx_HAL_Driver/Src/stm32f4xx_ll_usb.o
 .debug_loc     0x000000000000ea38     0x10ca Middlewares/Third_Party/FreeRTOS/Source/CMSIS_RTOS/cmsis_os.o
 .debug_loc     0x000000000000fb02       0x70 Middlewares/Third_Party/FreeRTOS/Source/list.o
 .debug_loc     0x000000000000fb72       0xdc Middlewares/Third_Party/FreeRTOS/Source/portable/GCC/ARM_CM4F/port.o
 .debug_loc     0x000000000000fc4e      0x2a0 Middlewares/Third_Party/FreeRTOS/Source/portable/MemMang/heap_4.o
 .debug_loc     0x000000000000feee     0x11be Middlewares/Third_Party/FreeRTOS/Source/queue.o
 .debug_loc     0x00000000000110ac     0x1839 Middlewares/Third_Party/FreeRTOS/Source/tasks.o
 .debug_loc     0x00000000000128e5       0x74 Src/adc.o
 .debug_loc     0x0000000000012959       0x74 Src/eth.o
 .debug_loc     0x00000000000129cd      0x34c Src/freertos.o
 .debug_loc     0x0000000000012d19       0x74 Src/i2c.o
 .debug_loc     0x0000000000012d8d       0xe1 Src/main.o
 .debug_loc     0x0000000000012e6e       0x94 Src/malloc.o
 .debug_loc     0x0000000000012f02       0x6a Src/stm32f4xx_hal_timebase_tim.o
 .debug_loc     0x0000000000012f6c      0x13e Src/system_stm32f4xx.o
 .debug_loc     0x00000000000130aa      0x5c2 Src/tiny_printf.o
 .debug_loc     0x000000000001366c       0x74 Src/usart.o
 .debug_loc     0x00000000000136e0       0x74 Src/usb_otg.o

.debug_aranges  0x0000000000000000     0x19a8
 .debug_aranges
                0x0000000000000000      0x100 Drivers/STM32F4xx_HAL_Driver/Src/stm32f4xx_hal.o
 .debug_aranges
                0x0000000000000100       0xe8 Drivers/STM32F4xx_HAL_Driver/Src/stm32f4xx_hal_adc.o
 .debug_aranges
                0x00000000000001e8       0xa8 Drivers/STM32F4xx_HAL_Driver/Src/stm32f4xx_hal_cortex.o
 .debug_aranges
                0x0000000000000290      0x118 Drivers/STM32F4xx_HAL_Driver/Src/stm32f4xx_hal_eth.o
 .debug_aranges
                0x00000000000003a8       0x58 Drivers/STM32F4xx_HAL_Driver/Src/stm32f4xx_hal_gpio.o
 .debug_aranges
                0x0000000000000400      0x290 Drivers/STM32F4xx_HAL_Driver/Src/stm32f4xx_hal_i2c.o
 .debug_aranges
                0x0000000000000690       0x28 Drivers/STM32F4xx_HAL_Driver/Src/stm32f4xx_hal_i2c_ex.o
 .debug_aranges
                0x00000000000006b8      0x130 Drivers/STM32F4xx_HAL_Driver/Src/stm32f4xx_hal_pcd.o
 .debug_aranges
                0x00000000000007e8       0x88 Drivers/STM32F4xx_HAL_Driver/Src/stm32f4xx_hal_rcc.o
 .debug_aranges
                0x0000000000000870      0x3a8 Drivers/STM32F4xx_HAL_Driver/Src/stm32f4xx_hal_tim.o
 .debug_aranges
                0x0000000000000c18      0x150 Drivers/STM32F4xx_HAL_Driver/Src/stm32f4xx_hal_tim_ex.o
 .debug_aranges
                0x0000000000000d68      0x1d0 Drivers/STM32F4xx_HAL_Driver/Src/stm32f4xx_hal_uart.o
 .debug_aranges
                0x0000000000000f38      0x198 Drivers/STM32F4xx_HAL_Driver/Src/stm32f4xx_ll_usb.o
 .debug_aranges
                0x00000000000010d0      0x1d8 Middlewares/Third_Party/FreeRTOS/Source/CMSIS_RTOS/cmsis_os.o
 .debug_aranges
                0x00000000000012a8       0x40 Middlewares/Third_Party/FreeRTOS/Source/list.o
 .debug_aranges
                0x00000000000012e8       0x80 Middlewares/Third_Party/FreeRTOS/Source/portable/GCC/ARM_CM4F/port.o
 .debug_aranges
                0x0000000000001368       0x50 Middlewares/Third_Party/FreeRTOS/Source/portable/MemMang/heap_4.o
 .debug_aranges
                0x00000000000013b8      0x108 Middlewares/Third_Party/FreeRTOS/Source/queue.o
 .debug_aranges
                0x00000000000014c0      0x1b0 Middlewares/Third_Party/FreeRTOS/Source/tasks.o
 .debug_aranges
                0x0000000000001670       0x30 Src/adc.o
 .debug_aranges
                0x00000000000016a0       0x30 Src/eth.o
 .debug_aranges
                0x00000000000016d0       0x48 Src/freertos.o
 .debug_aranges
                0x0000000000001718       0x20 Src/gpio.o
 .debug_aranges
                0x0000000000001738       0x30 Src/i2c.o
 .debug_aranges
                0x0000000000001768       0x48 Src/main.o
 .debug_aranges
                0x00000000000017b0       0x30 Src/malloc.o
 .debug_aranges
                0x00000000000017e0       0x20 Src/stm32f4xx_hal_msp.o
 .debug_aranges
                0x0000000000001800       0x30 Src/stm32f4xx_hal_timebase_tim.o
 .debug_aranges
                0x0000000000001830       0x68 Src/stm32f4xx_it.o
 .debug_aranges
                0x0000000000001898       0x28 Src/system_stm32f4xx.o
 .debug_aranges
                0x00000000000018c0       0x60 Src/tiny_printf.o
 .debug_aranges
                0x0000000000001920       0x30 Src/usart.o
 .debug_aranges
                0x0000000000001950       0x30 Src/usb_otg.o
 .debug_aranges
                0x0000000000001980       0x28 startup/startup_stm32f429xx.o

.debug_ranges   0x0000000000000000     0x1a30
 .debug_ranges  0x0000000000000000       0xf0 Drivers/STM32F4xx_HAL_Driver/Src/stm32f4xx_hal.o
 .debug_ranges  0x00000000000000f0       0xd8 Drivers/STM32F4xx_HAL_Driver/Src/stm32f4xx_hal_adc.o
 .debug_ranges  0x00000000000001c8       0xf8 Drivers/STM32F4xx_HAL_Driver/Src/stm32f4xx_hal_cortex.o
 .debug_ranges  0x00000000000002c0      0x108 Drivers/STM32F4xx_HAL_Driver/Src/stm32f4xx_hal_eth.o
 .debug_ranges  0x00000000000003c8       0x48 Drivers/STM32F4xx_HAL_Driver/Src/stm32f4xx_hal_gpio.o
 .debug_ranges  0x0000000000000410      0x298 Drivers/STM32F4xx_HAL_Driver/Src/stm32f4xx_hal_i2c.o
 .debug_ranges  0x00000000000006a8       0x18 Drivers/STM32F4xx_HAL_Driver/Src/stm32f4xx_hal_i2c_ex.o
 .debug_ranges  0x00000000000006c0      0x120 Drivers/STM32F4xx_HAL_Driver/Src/stm32f4xx_hal_pcd.o
 .debug_ranges  0x00000000000007e0       0x90 Drivers/STM32F4xx_HAL_Driver/Src/stm32f4xx_hal_rcc.o
 .debug_ranges  0x0000000000000870      0x398 Drivers/STM32F4xx_HAL_Driver/Src/stm32f4xx_hal_tim.o
 .debug_ranges  0x0000000000000c08      0x140 Drivers/STM32F4xx_HAL_Driver/Src/stm32f4xx_hal_tim_ex.o
 .debug_ranges  0x0000000000000d48      0x1c0 Drivers/STM32F4xx_HAL_Driver/Src/stm32f4xx_hal_uart.o
 .debug_ranges  0x0000000000000f08      0x188 Drivers/STM32F4xx_HAL_Driver/Src/stm32f4xx_ll_usb.o
 .debug_ranges  0x0000000000001090      0x1c8 Middlewares/Third_Party/FreeRTOS/Source/CMSIS_RTOS/cmsis_os.o
 .debug_ranges  0x0000000000001258       0x30 Middlewares/Third_Party/FreeRTOS/Source/list.o
 .debug_ranges  0x0000000000001288       0x70 Middlewares/Third_Party/FreeRTOS/Source/portable/GCC/ARM_CM4F/port.o
 .debug_ranges  0x00000000000012f8       0x40 Middlewares/Third_Party/FreeRTOS/Source/portable/MemMang/heap_4.o
 .debug_ranges  0x0000000000001338      0x1e8 Middlewares/Third_Party/FreeRTOS/Source/queue.o
 .debug_ranges  0x0000000000001520      0x278 Middlewares/Third_Party/FreeRTOS/Source/tasks.o
 .debug_ranges  0x0000000000001798       0x20 Src/adc.o
 .debug_ranges  0x00000000000017b8       0x20 Src/eth.o
 .debug_ranges  0x00000000000017d8       0x38 Src/freertos.o
 .debug_ranges  0x0000000000001810       0x10 Src/gpio.o
 .debug_ranges  0x0000000000001820       0x20 Src/i2c.o
 .debug_ranges  0x0000000000001840       0x50 Src/main.o
 .debug_ranges  0x0000000000001890       0x20 Src/malloc.o
 .debug_ranges  0x00000000000018b0       0x10 Src/stm32f4xx_hal_msp.o
 .debug_ranges  0x00000000000018c0       0x20 Src/stm32f4xx_hal_timebase_tim.o
 .debug_ranges  0x00000000000018e0       0x58 Src/stm32f4xx_it.o
 .debug_ranges  0x0000000000001938       0x18 Src/system_stm32f4xx.o
 .debug_ranges  0x0000000000001950       0x80 Src/tiny_printf.o
 .debug_ranges  0x00000000000019d0       0x20 Src/usart.o
 .debug_ranges  0x00000000000019f0       0x20 Src/usb_otg.o
 .debug_ranges  0x0000000000001a10       0x20 startup/startup_stm32f429xx.o

.debug_line     0x0000000000000000     0xc406
 .debug_line    0x0000000000000000      0x430 Drivers/STM32F4xx_HAL_Driver/Src/stm32f4xx_hal.o
 .debug_line    0x0000000000000430      0x70a Drivers/STM32F4xx_HAL_Driver/Src/stm32f4xx_hal_adc.o
 .debug_line    0x0000000000000b3a      0x429 Drivers/STM32F4xx_HAL_Driver/Src/stm32f4xx_hal_cortex.o
 .debug_line    0x0000000000000f63      0x8c5 Drivers/STM32F4xx_HAL_Driver/Src/stm32f4xx_hal_eth.o
 .debug_line    0x0000000000001828      0x3a5 Drivers/STM32F4xx_HAL_Driver/Src/stm32f4xx_hal_gpio.o
 .debug_line    0x0000000000001bcd     0x17b1 Drivers/STM32F4xx_HAL_Driver/Src/stm32f4xx_hal_i2c.o
 .debug_line    0x000000000000337e      0x24c Drivers/STM32F4xx_HAL_Driver/Src/stm32f4xx_hal_i2c_ex.o
 .debug_line    0x00000000000035ca      0x7e5 Drivers/STM32F4xx_HAL_Driver/Src/stm32f4xx_hal_pcd.o
 .debug_line    0x0000000000003daf      0x4a9 Drivers/STM32F4xx_HAL_Driver/Src/stm32f4xx_hal_rcc.o
 .debug_line    0x0000000000004258     0x1493 Drivers/STM32F4xx_HAL_Driver/Src/stm32f4xx_hal_tim.o
 .debug_line    0x00000000000056eb      0x854 Drivers/STM32F4xx_HAL_Driver/Src/stm32f4xx_hal_tim_ex.o
 .debug_line    0x0000000000005f3f      0xb79 Drivers/STM32F4xx_HAL_Driver/Src/stm32f4xx_hal_uart.o
 .debug_line    0x0000000000006ab8      0x8e6 Drivers/STM32F4xx_HAL_Driver/Src/stm32f4xx_ll_usb.o
 .debug_line    0x000000000000739e      0x935 Middlewares/Third_Party/FreeRTOS/Source/CMSIS_RTOS/cmsis_os.o
 .debug_line    0x0000000000007cd3      0x337 Middlewares/Third_Party/FreeRTOS/Source/list.o
 .debug_line    0x000000000000800a      0x346 Middlewares/Third_Party/FreeRTOS/Source/portable/GCC/ARM_CM4F/port.o
 .debug_line    0x0000000000008350      0x3df Middlewares/Third_Party/FreeRTOS/Source/portable/MemMang/heap_4.o
 .debug_line    0x000000000000872f      0xa02 Middlewares/Third_Party/FreeRTOS/Source/queue.o
 .debug_line    0x0000000000009131      0xc78 Middlewares/Third_Party/FreeRTOS/Source/tasks.o
 .debug_line    0x0000000000009da9      0x27b Src/adc.o
 .debug_line    0x000000000000a024      0x26a Src/eth.o
 .debug_line    0x000000000000a28e      0x536 Src/freertos.o
 .debug_line    0x000000000000a7c4      0x214 Src/gpio.o
 .debug_line    0x000000000000a9d8      0x280 Src/i2c.o
 .debug_line    0x000000000000ac58      0x413 Src/main.o
 .debug_line    0x000000000000b06b      0x277 Src/malloc.o
 .debug_line    0x000000000000b2e2      0x1e8 Src/stm32f4xx_hal_msp.o
 .debug_line    0x000000000000b4ca      0x268 Src/stm32f4xx_hal_timebase_tim.o
 .debug_line    0x000000000000b732      0x2b9 Src/stm32f4xx_it.o
 .debug_line    0x000000000000b9eb      0x1c7 Src/system_stm32f4xx.o
 .debug_line    0x000000000000bbb2      0x2f5 Src/tiny_printf.o
 .debug_line    0x000000000000bea7      0x264 Src/usart.o
 .debug_line    0x000000000000c10b      0x27c Src/usb_otg.o
 .debug_line    0x000000000000c387       0x7f startup/startup_stm32f429xx.o

.debug_str      0x0000000000000000     0x86e8
 .debug_str     0x0000000000000000      0xc05 Drivers/STM32F4xx_HAL_Driver/Src/stm32f4xx_hal.o
                                        0xc6e (size before relaxing)
 .debug_str     0x0000000000000c05      0x6ad Drivers/STM32F4xx_HAL_Driver/Src/stm32f4xx_hal_adc.o
                                        0x9b0 (size before relaxing)
 .debug_str     0x00000000000012b2      0x493 Drivers/STM32F4xx_HAL_Driver/Src/stm32f4xx_hal_cortex.o
                                        0xceb (size before relaxing)
 .debug_str     0x0000000000001745      0xb6a Drivers/STM32F4xx_HAL_Driver/Src/stm32f4xx_hal_eth.o
                                        0xf76 (size before relaxing)
 .debug_str     0x00000000000022af      0x19a Drivers/STM32F4xx_HAL_Driver/Src/stm32f4xx_hal_gpio.o
                                        0x560 (size before relaxing)
 .debug_str     0x0000000000002449      0xb0a Drivers/STM32F4xx_HAL_Driver/Src/stm32f4xx_hal_i2c.o
                                       0x105f (size before relaxing)
 .debug_str     0x0000000000002f53       0x76 Drivers/STM32F4xx_HAL_Driver/Src/stm32f4xx_hal_i2c_ex.o
                                        0x7d8 (size before relaxing)
 .debug_str     0x0000000000002fc9      0xab9 Drivers/STM32F4xx_HAL_Driver/Src/stm32f4xx_hal_pcd.o
                                        0xd93 (size before relaxing)
 .debug_str     0x0000000000003a82      0x2b5 Drivers/STM32F4xx_HAL_Driver/Src/stm32f4xx_hal_rcc.o
                                        0x733 (size before relaxing)
 .debug_str     0x0000000000003d37      0xfcd Drivers/STM32F4xx_HAL_Driver/Src/stm32f4xx_hal_tim.o
                                       0x152a (size before relaxing)
 .debug_str     0x0000000000004d04      0x548 Drivers/STM32F4xx_HAL_Driver/Src/stm32f4xx_hal_tim_ex.o
                                        0xd42 (size before relaxing)
 .debug_str     0x000000000000524c      0x6bb Drivers/STM32F4xx_HAL_Driver/Src/stm32f4xx_hal_uart.o
                                        0xc75 (size before relaxing)
 .debug_str     0x0000000000005907      0x42f Drivers/STM32F4xx_HAL_Driver/Src/stm32f4xx_ll_usb.o
                                        0xca9 (size before relaxing)
 .debug_str     0x0000000000005d36     0x113f Middlewares/Third_Party/FreeRTOS/Source/CMSIS_RTOS/cmsis_os.o
                                       0x1461 (size before relaxing)
 .debug_str     0x0000000000006e75      0x143 Middlewares/Third_Party/FreeRTOS/Source/list.o
                                        0x75a (size before relaxing)
 .debug_str     0x0000000000006fb8      0x239 Middlewares/Third_Party/FreeRTOS/Source/portable/GCC/ARM_CM4F/port.o
                                        0x4a0 (size before relaxing)
 .debug_str     0x00000000000071f1      0x1e8 Middlewares/Third_Party/FreeRTOS/Source/portable/MemMang/heap_4.o
                                        0x843 (size before relaxing)
 .debug_str     0x00000000000073d9      0x52c Middlewares/Third_Party/FreeRTOS/Source/queue.o
                                        0xf1b (size before relaxing)
 .debug_str     0x0000000000007905      0x7af Middlewares/Third_Party/FreeRTOS/Source/tasks.o
                                       0x146d (size before relaxing)
 .debug_str     0x00000000000080b4       0x78 Src/adc.o
                                        0x8a8 (size before relaxing)
 .debug_str     0x000000000000812c       0x23 Src/eth.o
                                        0x915 (size before relaxing)
 .debug_str     0x000000000000814f      0x20c Src/freertos.o
                                       0x1294 (size before relaxing)
 .debug_str     0x000000000000835b       0x1b Src/gpio.o
                                        0x9b3 (size before relaxing)
 .debug_str     0x0000000000008376       0x24 Src/i2c.o
                                        0x9a7 (size before relaxing)
 .debug_str     0x000000000000839a       0xd3 Src/main.o
                                       0x17e1 (size before relaxing)
 .debug_str     0x000000000000846d       0x29 Src/malloc.o
                                        0x63c (size before relaxing)
 .debug_str     0x0000000000008496       0x1b Src/stm32f4xx_hal_msp.o
                                        0x8ef (size before relaxing)
 .debug_str     0x00000000000084b1       0x50 Src/stm32f4xx_hal_timebase_tim.o
                                        0xe2f (size before relaxing)
 .debug_str     0x0000000000008501       0xcd Src/stm32f4xx_it.o
                                        0x782 (size before relaxing)
 .debug_str     0x00000000000085ce       0x45 Src/system_stm32f4xx.o
                                        0x3c4 (size before relaxing)
 .debug_str     0x0000000000008613       0xa0 Src/tiny_printf.o
                                        0x6a9 (size before relaxing)
 .debug_str     0x00000000000086b3       0x1a Src/usart.o
                                        0x892 (size before relaxing)
 .debug_str     0x00000000000086cd       0x1b Src/usb_otg.o
                                        0x833 (size before relaxing)

.comment        0x0000000000000000       0x7c
 .comment       0x0000000000000000       0x7c Drivers/STM32F4xx_HAL_Driver/Src/stm32f4xx_hal.o
                                         0x7d (size before relaxing)
 .comment       0x000000000000007c       0x7d Drivers/STM32F4xx_HAL_Driver/Src/stm32f4xx_hal_adc.o
 .comment       0x000000000000007c       0x7d Drivers/STM32F4xx_HAL_Driver/Src/stm32f4xx_hal_cortex.o
 .comment       0x000000000000007c       0x7d Drivers/STM32F4xx_HAL_Driver/Src/stm32f4xx_hal_eth.o
 .comment       0x000000000000007c       0x7d Drivers/STM32F4xx_HAL_Driver/Src/stm32f4xx_hal_gpio.o
 .comment       0x000000000000007c       0x7d Drivers/STM32F4xx_HAL_Driver/Src/stm32f4xx_hal_i2c.o
 .comment       0x000000000000007c       0x7d Drivers/STM32F4xx_HAL_Driver/Src/stm32f4xx_hal_i2c_ex.o
 .comment       0x000000000000007c       0x7d Drivers/STM32F4xx_HAL_Driver/Src/stm32f4xx_hal_pcd.o
 .comment       0x000000000000007c       0x7d Drivers/STM32F4xx_HAL_Driver/Src/stm32f4xx_hal_rcc.o
 .comment       0x000000000000007c       0x7d Drivers/STM32F4xx_HAL_Driver/Src/stm32f4xx_hal_tim.o
 .comment       0x000000000000007c       0x7d Drivers/STM32F4xx_HAL_Driver/Src/stm32f4xx_hal_tim_ex.o
 .comment       0x000000000000007c       0x7d Drivers/STM32F4xx_HAL_Driver/Src/stm32f4xx_hal_uart.o
 .comment       0x000000000000007c       0x7d Drivers/STM32F4xx_HAL_Driver/Src/stm32f4xx_ll_usb.o
 .comment       0x000000000000007c       0x7d Middlewares/Third_Party/FreeRTOS/Source/CMSIS_RTOS/cmsis_os.o
 .comment       0x000000000000007c       0x7d Middlewares/Third_Party/FreeRTOS/Source/list.o
 .comment       0x000000000000007c       0x7d Middlewares/Third_Party/FreeRTOS/Source/portable/GCC/ARM_CM4F/port.o
 .comment       0x000000000000007c       0x7d Middlewares/Third_Party/FreeRTOS/Source/portable/MemMang/heap_4.o
 .comment       0x000000000000007c       0x7d Middlewares/Third_Party/FreeRTOS/Source/queue.o
 .comment       0x000000000000007c       0x7d Middlewares/Third_Party/FreeRTOS/Source/tasks.o
 .comment       0x000000000000007c       0x7d Src/adc.o
 .comment       0x000000000000007c       0x7d Src/eth.o
 .comment       0x000000000000007c       0x7d Src/freertos.o
 .comment       0x000000000000007c       0x7d Src/gpio.o
 .comment       0x000000000000007c       0x7d Src/i2c.o
 .comment       0x000000000000007c       0x7d Src/main.o
 .comment       0x000000000000007c       0x7d Src/malloc.o
 .comment       0x000000000000007c       0x7d Src/stm32f4xx_hal_msp.o
 .comment       0x000000000000007c       0x7d Src/stm32f4xx_hal_timebase_tim.o
 .comment       0x000000000000007c       0x7d Src/stm32f4xx_it.o
 .comment       0x000000000000007c       0x7d Src/system_stm32f4xx.o
 .comment       0x000000000000007c       0x7d Src/tiny_printf.o
 .comment       0x000000000000007c       0x7d Src/usart.o
 .comment       0x000000000000007c       0x7d Src/usb_otg.o

.debug_frame    0x0000000000000000     0x4780
 .debug_frame   0x0000000000000000      0x20c Drivers/STM32F4xx_HAL_Driver/Src/stm32f4xx_hal.o
 .debug_frame   0x000000000000020c      0x27c Drivers/STM32F4xx_HAL_Driver/Src/stm32f4xx_hal_adc.o
 .debug_frame   0x0000000000000488      0x15c Drivers/STM32F4xx_HAL_Driver/Src/stm32f4xx_hal_cortex.o
 .debug_frame   0x00000000000005e4      0x34c Drivers/STM32F4xx_HAL_Driver/Src/stm32f4xx_hal_eth.o
 .debug_frame   0x0000000000000930       0xd0 Drivers/STM32F4xx_HAL_Driver/Src/stm32f4xx_hal_gpio.o
 .debug_frame   0x0000000000000a00      0x8ec Drivers/STM32F4xx_HAL_Driver/Src/stm32f4xx_hal_i2c.o
 .debug_frame   0x00000000000012ec       0x30 Drivers/STM32F4xx_HAL_Driver/Src/stm32f4xx_hal_i2c_ex.o
 .debug_frame   0x000000000000131c      0x350 Drivers/STM32F4xx_HAL_Driver/Src/stm32f4xx_hal_pcd.o
 .debug_frame   0x000000000000166c      0x174 Drivers/STM32F4xx_HAL_Driver/Src/stm32f4xx_hal_rcc.o
 .debug_frame   0x00000000000017e0      0xa88 Drivers/STM32F4xx_HAL_Driver/Src/stm32f4xx_hal_tim.o
 .debug_frame   0x0000000000002268      0x3b8 Drivers/STM32F4xx_HAL_Driver/Src/stm32f4xx_hal_tim_ex.o
 .debug_frame   0x0000000000002620      0x4e8 Drivers/STM32F4xx_HAL_Driver/Src/stm32f4xx_hal_uart.o
 .debug_frame   0x0000000000002b08      0x49c Drivers/STM32F4xx_HAL_Driver/Src/stm32f4xx_ll_usb.o
 .debug_frame   0x0000000000002fa4      0x5a0 Middlewares/Third_Party/FreeRTOS/Source/CMSIS_RTOS/cmsis_os.o
 .debug_frame   0x0000000000003544       0x6c Middlewares/Third_Party/FreeRTOS/Source/list.o
 .debug_frame   0x00000000000035b0      0x100 Middlewares/Third_Party/FreeRTOS/Source/portable/GCC/ARM_CM4F/port.o
 .debug_frame   0x00000000000036b0       0xac Middlewares/Third_Party/FreeRTOS/Source/portable/MemMang/heap_4.o
 .debug_frame   0x000000000000375c      0x354 Middlewares/Third_Party/FreeRTOS/Source/queue.o
 .debug_frame   0x0000000000003ab0      0x550 Middlewares/Third_Party/FreeRTOS/Source/tasks.o
 .debug_frame   0x0000000000004000       0x68 Src/adc.o
 .debug_frame   0x0000000000004068       0x70 Src/eth.o
 .debug_frame   0x00000000000040d8       0xb4 Src/freertos.o
 .debug_frame   0x000000000000418c       0x38 Src/gpio.o
 .debug_frame   0x00000000000041c4       0x64 Src/i2c.o
 .debug_frame   0x0000000000004228       0x9c Src/main.o
 .debug_frame   0x00000000000042c4       0x58 Src/malloc.o
 .debug_frame   0x000000000000431c       0x2c Src/stm32f4xx_hal_msp.o
 .debug_frame   0x0000000000004348       0x50 Src/stm32f4xx_hal_timebase_tim.o
 .debug_frame   0x0000000000004398       0xd0 Src/stm32f4xx_it.o
 .debug_frame   0x0000000000004468       0x30 Src/system_stm32f4xx.o
 .debug_frame   0x0000000000004498      0x178 Src/tiny_printf.o
 .debug_frame   0x0000000000004610       0x60 Src/usart.o
 .debug_frame   0x0000000000004670       0x64 Src/usb_otg.o
 .debug_frame   0x00000000000046d4       0x2c /opt/Atollic_TrueSTUDIO_for_STM32_x86_64_9.3.0/ARMTools/bin/../lib/gcc/arm-atollic-eabi/6.3.1/../../../../arm-atollic-eabi/lib/armv7e-m/fpu/libc_nano.a(lib_a-init.o)
 .debug_frame   0x0000000000004700       0x20 /opt/Atollic_TrueSTUDIO_for_STM32_x86_64_9.3.0/ARMTools/bin/../lib/gcc/arm-atollic-eabi/6.3.1/../../../../arm-atollic-eabi/lib/armv7e-m/fpu/libc_nano.a(lib_a-memset.o)
 .debug_frame   0x0000000000004720       0x2c /opt/Atollic_TrueSTUDIO_for_STM32_x86_64_9.3.0/ARMTools/bin/../lib/gcc/arm-atollic-eabi/6.3.1/armv7e-m/fpu/libgcc.a(_aeabi_uldivmod.o)
 .debug_frame   0x000000000000474c       0x34 /opt/Atollic_TrueSTUDIO_for_STM32_x86_64_9.3.0/ARMTools/bin/../lib/gcc/arm-atollic-eabi/6.3.1/armv7e-m/fpu/libgcc.a(_udivmoddi4.o)
