syscalls.c:68:6:initialise_monitor_handles	0	static
syscalls.c:71:5:_getpid	0	static
syscalls.c:75:5:_kill	0	static
syscalls.c:80:6:_exit	8	static
syscalls.c:86:27:_read	24	static
syscalls.c:96:27:_write_not_used	16	static
syscalls.c:105:27:_write	8	static
syscalls.c:114:9:_sbrk	0	static
syscalls.c:135:5:_close	0	static
syscalls.c:139:5:_fstat	0	static
syscalls.c:144:5:_isatty	0	static
syscalls.c:148:5:_lseek	0	static
syscalls.c:152:5:_open	0	static
syscalls.c:157:5:_wait	0	static
syscalls.c:162:5:_unlink	0	static
syscalls.c:167:5:_times	0	static
syscalls.c:171:5:_stat	0	static
syscalls.c:176:5:_link	0	static
syscalls.c:181:5:_fork	0	static
syscalls.c:186:5:_execve	0	static
