Archive member included to satisfy reference by file (symbol)

/opt/Atollic_TrueSTUDIO_for_STM32_x86_64_9.3.0/ARMTools/bin/../lib/gcc/arm-atollic-eabi/6.3.1/../../../../arm-atollic-eabi/lib/armv7e-m/fpu/libc_nano.a(lib_a-errno.o)
                              Src/syscalls.o (__errno)
/opt/Atollic_TrueSTUDIO_for_STM32_x86_64_9.3.0/ARMTools/bin/../lib/gcc/arm-atollic-eabi/6.3.1/../../../../arm-atollic-eabi/lib/armv7e-m/fpu/libc_nano.a(lib_a-impure.o)
                              /opt/Atollic_TrueSTUDIO_for_STM32_x86_64_9.3.0/ARMTools/bin/../lib/gcc/arm-atollic-eabi/6.3.1/../../../../arm-atollic-eabi/lib/armv7e-m/fpu/libc_nano.a(lib_a-errno.o) (_impure_ptr)
/opt/Atollic_TrueSTUDIO_for_STM32_x86_64_9.3.0/ARMTools/bin/../lib/gcc/arm-atollic-eabi/6.3.1/../../../../arm-atollic-eabi/lib/armv7e-m/fpu/libc_nano.a(lib_a-init.o)
                              startup/startup_stm32f429xx.o (__libc_init_array)
/opt/Atollic_TrueSTUDIO_for_STM32_x86_64_9.3.0/ARMTools/bin/../lib/gcc/arm-atollic-eabi/6.3.1/../../../../arm-atollic-eabi/lib/armv7e-m/fpu/libc_nano.a(lib_a-memcpy-stub.o)
                              Middlewares/Third_Party/FreeRTOS/Source/queue.o (memcpy)
/opt/Atollic_TrueSTUDIO_for_STM32_x86_64_9.3.0/ARMTools/bin/../lib/gcc/arm-atollic-eabi/6.3.1/../../../../arm-atollic-eabi/lib/armv7e-m/fpu/libc_nano.a(lib_a-memset.o)
                              Middlewares/Third_Party/FreeRTOS/Source/CMSIS_RTOS/cmsis_os.o (memset)
/opt/Atollic_TrueSTUDIO_for_STM32_x86_64_9.3.0/ARMTools/bin/../lib/gcc/arm-atollic-eabi/6.3.1/../../../../arm-atollic-eabi/lib/armv7e-m/fpu/libc_nano.a(lib_a-strlen.o)
                              Src/tiny_printf.o (strlen)
/opt/Atollic_TrueSTUDIO_for_STM32_x86_64_9.3.0/ARMTools/bin/../lib/gcc/arm-atollic-eabi/6.3.1/armv7e-m/fpu/libgcc.a(_aeabi_uldivmod.o)
                              Drivers/STM32F4xx_HAL_Driver/Src/stm32f4xx_hal_rcc.o (__aeabi_uldivmod)
/opt/Atollic_TrueSTUDIO_for_STM32_x86_64_9.3.0/ARMTools/bin/../lib/gcc/arm-atollic-eabi/6.3.1/armv7e-m/fpu/libgcc.a(_udivmoddi4.o)
                              /opt/Atollic_TrueSTUDIO_for_STM32_x86_64_9.3.0/ARMTools/bin/../lib/gcc/arm-atollic-eabi/6.3.1/armv7e-m/fpu/libgcc.a(_aeabi_uldivmod.o) (__udivmoddi4)
/opt/Atollic_TrueSTUDIO_for_STM32_x86_64_9.3.0/ARMTools/bin/../lib/gcc/arm-atollic-eabi/6.3.1/armv7e-m/fpu/libgcc.a(_dvmd_tls.o)
                              /opt/Atollic_TrueSTUDIO_for_STM32_x86_64_9.3.0/ARMTools/bin/../lib/gcc/arm-atollic-eabi/6.3.1/armv7e-m/fpu/libgcc.a(_aeabi_uldivmod.o) (__aeabi_ldiv0)

Allocating common symbols
Common symbol       size              file

defaultTaskHandle   0x4               Src/freertos.o
htim8               0x40              Src/stm32f4xx_hal_timebase_tim.o
huart3              0x40              Src/usart.o
hpcd_USB_OTG_FS     0x408             Src/usb_otg.o
uwTick              0x4               Drivers/STM32F4xx_HAL_Driver/Src/stm32f4xx_hal.o
xQueueRegistry      0x40              Middlewares/Third_Party/FreeRTOS/Source/queue.o
pFlash              0x20              Drivers/STM32F4xx_HAL_Driver/Src/stm32f4xx_hal_flash.o
myTask04Handle      0x4               Src/freertos.o
myTask02Handle      0x4               Src/freertos.o
exchangeHandle      0x4               Src/freertos.o
myTask03Handle      0x4               Src/freertos.o
heth                0x48              Src/eth.o

Discarded input sections

 .text          0x0000000000000000        0x0 /opt/Atollic_TrueSTUDIO_for_STM32_x86_64_9.3.0/ARMTools/bin/../lib/gcc/arm-atollic-eabi/6.3.1/armv7e-m/fpu/crti.o
 .data          0x0000000000000000        0x0 /opt/Atollic_TrueSTUDIO_for_STM32_x86_64_9.3.0/ARMTools/bin/../lib/gcc/arm-atollic-eabi/6.3.1/armv7e-m/fpu/crti.o
 .bss           0x0000000000000000        0x0 /opt/Atollic_TrueSTUDIO_for_STM32_x86_64_9.3.0/ARMTools/bin/../lib/gcc/arm-atollic-eabi/6.3.1/armv7e-m/fpu/crti.o
 .data          0x0000000000000000        0x4 /opt/Atollic_TrueSTUDIO_for_STM32_x86_64_9.3.0/ARMTools/bin/../lib/gcc/arm-atollic-eabi/6.3.1/armv7e-m/fpu/crtbegin.o
 .text          0x0000000000000000        0x0 Drivers/STM32F4xx_HAL_Driver/Src/stm32f4xx_hal.o
 .data          0x0000000000000000        0x0 Drivers/STM32F4xx_HAL_Driver/Src/stm32f4xx_hal.o
 .bss           0x0000000000000000        0x0 Drivers/STM32F4xx_HAL_Driver/Src/stm32f4xx_hal.o
 .data.uwTickPrio
                0x0000000000000000        0x4 Drivers/STM32F4xx_HAL_Driver/Src/stm32f4xx_hal.o
 .text.HAL_DeInit
                0x0000000000000000       0x58 Drivers/STM32F4xx_HAL_Driver/Src/stm32f4xx_hal.o
 .text.HAL_MspInit
                0x0000000000000000        0xe Drivers/STM32F4xx_HAL_Driver/Src/stm32f4xx_hal.o
 .text.HAL_MspDeInit
                0x0000000000000000        0xe Drivers/STM32F4xx_HAL_Driver/Src/stm32f4xx_hal.o
 .text.HAL_InitTick
                0x0000000000000000       0x60 Drivers/STM32F4xx_HAL_Driver/Src/stm32f4xx_hal.o
 .text.HAL_GetTickPrio
                0x0000000000000000       0x18 Drivers/STM32F4xx_HAL_Driver/Src/stm32f4xx_hal.o
[...]
Memory Configuration

Name             Origin             Length             Attributes
RAM              0x0000000020000000 0x0000000000030000 xrw
CCMRAM           0x0000000010000000 0x0000000000010000 rw
FLASH            0x0000000008000000 0x0000000000200000 xr
*default*        0x0000000000000000 0xffffffffffffffff

Linker script and memory map

LOAD /opt/Atollic_TrueSTUDIO_for_STM32_x86_64_9.3.0/ARMTools/bin/../lib/gcc/arm-atollic-eabi/6.3.1/armv7e-m/fpu/crti.o
LOAD /opt/Atollic_TrueSTUDIO_for_STM32_x86_64_9.3.0/ARMTools/bin/../lib/gcc/arm-atollic-eabi/6.3.1/armv7e-m/fpu/crtbegin.o
LOAD Drivers/STM32F4xx_HAL_Driver/Src/stm32f4xx_hal.o
LOAD Drivers/STM32F4xx_HAL_Driver/Src/stm32f4xx_hal_cortex.o
LOAD Drivers/STM32F4xx_HAL_Driver/Src/stm32f4xx_hal_dma.o
LOAD Drivers/STM32F4xx_HAL_Driver/Src/stm32f4xx_hal_dma_ex.o
LOAD Drivers/STM32F4xx_HAL_Driver/Src/stm32f4xx_hal_eth.o
LOAD Drivers/STM32F4xx_HAL_Driver/Src/stm32f4xx_hal_exti.o
LOAD Drivers/STM32F4xx_HAL_Driver/Src/stm32f4xx_hal_flash.o
LOAD Drivers/STM32F4xx_HAL_Driver/Src/stm32f4xx_hal_flash_ex.o
LOAD Drivers/STM32F4xx_HAL_Driver/Src/stm32f4xx_hal_flash_ramfunc.o
LOAD Drivers/STM32F4xx_HAL_Driver/Src/stm32f4xx_hal_gpio.o
LOAD Drivers/STM32F4xx_HAL_Driver/Src/stm32f4xx_hal_pcd.o
LOAD Drivers/STM32F4xx_HAL_Driver/Src/stm32f4xx_hal_pcd_ex.o
LOAD Drivers/STM32F4xx_HAL_Driver/Src/stm32f4xx_hal_pwr.o
LOAD Drivers/STM32F4xx_HAL_Driver/Src/stm32f4xx_hal_pwr_ex.o
LOAD Drivers/STM32F4xx_HAL_Driver/Src/stm32f4xx_hal_rcc.o
LOAD Drivers/STM32F4xx_HAL_Driver/Src/stm32f4xx_hal_rcc_ex.o
LOAD Drivers/STM32F4xx_HAL_Driver/Src/stm32f4xx_hal_tim.o
LOAD Drivers/STM32F4xx_HAL_Driver/Src/stm32f4xx_hal_tim_ex.o
LOAD Drivers/STM32F4xx_HAL_Driver/Src/stm32f4xx_hal_uart.o
LOAD Drivers/STM32F4xx_HAL_Driver/Src/stm32f4xx_ll_usb.o
LOAD Middlewares/Third_Party/FreeRTOS/Source/CMSIS_RTOS/cmsis_os.o
LOAD Middlewares/Third_Party/FreeRTOS/Source/croutine.o
LOAD Middlewares/Third_Party/FreeRTOS/Source/event_groups.o
LOAD Middlewares/Third_Party/FreeRTOS/Source/list.o
LOAD Middlewares/Third_Party/FreeRTOS/Source/portable/GCC/ARM_CM4F/port.o
LOAD Middlewares/Third_Party/FreeRTOS/Source/portable/MemMang/heap_4.o
LOAD Middlewares/Third_Party/FreeRTOS/Source/queue.o
LOAD Middlewares/Third_Party/FreeRTOS/Source/stream_buffer.o
LOAD Middlewares/Third_Party/FreeRTOS/Source/tasks.o
LOAD Middlewares/Third_Party/FreeRTOS/Source/timers.o
LOAD Src/eth.o
LOAD Src/freertos.o
LOAD Src/gpio.o
LOAD Src/main.o
LOAD Src/malloc.o
LOAD Src/stm32f4xx_hal_msp.o
LOAD Src/stm32f4xx_hal_timebase_tim.o
LOAD Src/stm32f4xx_it.o
LOAD Src/syscalls.o
LOAD Src/system_stm32f4xx.o
LOAD Src/tiny_printf.o
LOAD Src/usart.o
LOAD Src/usb_otg.o
LOAD startup/startup_stm32f429xx.o
                0x0000000000000080                malloc_getpagesize_P = 0x80
START GROUP
LOAD /opt/Atollic_TrueSTUDIO_for_STM32_x86_64_9.3.0/ARMTools/bin/../lib/gcc/arm-atollic-eabi/6.3.1/../../../../arm-atollic-eabi/lib/armv7e-m/fpu/libc_nano.a
LOAD /opt/Atollic_TrueSTUDIO_for_STM32_x86_64_9.3.0/ARMTools/bin/../lib/gcc/arm-atollic-eabi/6.3.1/../../../../arm-atollic-eabi/lib/armv7e-m/fpu/libm.a
END GROUP
START GROUP
LOAD /opt/Atollic_TrueSTUDIO_for_STM32_x86_64_9.3.0/ARMTools/bin/../lib/gcc/arm-atollic-eabi/6.3.1/armv7e-m/fpu/libgcc.a
LOAD /opt/Atollic_TrueSTUDIO_for_STM32_x86_64_9.3.0/ARMTools/bin/../lib/gcc/arm-atollic-eabi/6.3.1/../../../../arm-atollic-eabi/lib/armv7e-m/fpu/libc_nano.a
END GROUP
START GROUP
LOAD /opt/Atollic_TrueSTUDIO_for_STM32_x86_64_9.3.0/ARMTools/bin/../lib/gcc/arm-atollic-eabi/6.3.1/armv7e-m/fpu/libgcc.a
LOAD /opt/Atollic_TrueSTUDIO_for_STM32_x86_64_9.3.0/ARMTools/bin/../lib/gcc/arm-atollic-eabi/6.3.1/../../../../arm-atollic-eabi/lib/armv7e-m/fpu/libc_nano.a
LOAD /opt/Atollic_TrueSTUDIO_for_STM32_x86_64_9.3.0/ARMTools/bin/../lib/gcc/arm-atollic-eabi/6.3.1/../../../../arm-atollic-eabi/lib/armv7e-m/fpu/libnosys.a
END GROUP
START GROUP
LOAD /opt/Atollic_TrueSTUDIO_for_STM32_x86_64_9.3.0/ARMTools/bin/../lib/gcc/arm-atollic-eabi/6.3.1/armv7e-m/fpu/libgcc.a
LOAD /opt/Atollic_TrueSTUDIO_for_STM32_x86_64_9.3.0/ARMTools/bin/../lib/gcc/arm-atollic-eabi/6.3.1/../../../../arm-atollic-eabi/lib/armv7e-m/fpu/libc_nano.a
LOAD /opt/Atollic_TrueSTUDIO_for_STM32_x86_64_9.3.0/ARMTools/bin/../lib/gcc/arm-atollic-eabi/6.3.1/../../../../arm-atollic-eabi/lib/armv7e-m/fpu/libnosys.a
END GROUP
LOAD /opt/Atollic_TrueSTUDIO_for_STM32_x86_64_9.3.0/ARMTools/bin/../lib/gcc/arm-atollic-eabi/6.3.1/armv7e-m/fpu/crtend.o
LOAD /opt/Atollic_TrueSTUDIO_for_STM32_x86_64_9.3.0/ARMTools/bin/../lib/gcc/arm-atollic-eabi/6.3.1/armv7e-m/fpu/crtn.o
                0x0000000020030000                _estack = 0x20030000
                0x0000000000000200                _Min_Heap_Size = 0x200
                0x0000000000000400                _Min_Stack_Size = 0x400

.isr_vector     0x0000000008000000      0x1ac
                0x0000000008000000                . = ALIGN (0x4)
 *(.isr_vector)
 .isr_vector    0x0000000008000000      0x1ac startup/startup_stm32f429xx.o
                0x0000000008000000                g_pfnVectors
                0x00000000080001ac                . = ALIGN (0x4)

.text           0x00000000080001b0     0x6050
                0x00000000080001b0                . = ALIGN (0x4)
 *(.text)
 .text          0x00000000080001b0       0x40 /opt/Atollic_TrueSTUDIO_for_STM32_x86_64_9.3.0/ARMTools/bin/../lib/gcc/arm-atollic-eabi/6.3.1/armv7e-m/fpu/crtbegin.o
 .text          0x00000000080001f0       0x30 /opt/Atollic_TrueSTUDIO_for_STM32_x86_64_9.3.0/ARMTools/bin/../lib/gcc/arm-atollic-eabi/6.3.1/armv7e-m/fpu/libgcc.a(_aeabi_uldivmod.o)
                0x00000000080001f0                __aeabi_uldivmod
 .text          0x0000000008000220      0x2dc /opt/Atollic_TrueSTUDIO_for_STM32_x86_64_9.3.0/ARMTools/bin/../lib/gcc/arm-atollic-eabi/6.3.1/armv7e-m/fpu/libgcc.a(_udivmoddi4.o)
                0x0000000008000220                __udivmoddi4
 .text          0x00000000080004fc        0x4 /opt/Atollic_TrueSTUDIO_for_STM32_x86_64_9.3.0/ARMTools/bin/../lib/gcc/arm-atollic-eabi/6.3.1/armv7e-m/fpu/libgcc.a(_dvmd_tls.o)
                0x00000000080004fc                __aeabi_ldiv0
                0x00000000080004fc                __aeabi_idiv0
 *(.text*)
 .text.HAL_Init
                0x0000000008000500       0x44 Drivers/STM32F4xx_HAL_Driver/Src/stm32f4xx_hal.o
                0x0000000008000500                HAL_Init
 .text.HAL_IncTick
                0x0000000008000544       0x28 Drivers/STM32F4xx_HAL_Driver/Src/stm32f4xx_hal.o
                0x0000000008000544                HAL_IncTick
 .text.HAL_GetTick
                0x000000000800056c       0x18 Drivers/STM32F4xx_HAL_Driver/Src/stm32f4xx_hal.o
                0x000000000800056c                HAL_GetTick
 .text.HAL_Delay
                0x0000000008000584       0x44 Drivers/STM32F4xx_HAL_Driver/Src/stm32f4xx_hal.o
                0x0000000008000584                HAL_Delay
 .text.__NVIC_SetPriorityGrouping
                0x00000000080005c8       0x48 Drivers/STM32F4xx_HAL_Driver/Src/stm32f4xx_hal_cortex.o
 .text.__NVIC_GetPriorityGrouping
                0x0000000008000610       0x1c Drivers/STM32F4xx_HAL_Driver/Src/stm32f4xx_hal_cortex.o
 .text.__NVIC_EnableIRQ
                0x000000000800062c       0x3c Drivers/STM32F4xx_HAL_Driver/Src/stm32f4xx_hal_cortex.o
 .text.__NVIC_SetPriority
                0x0000000008000668       0x54 Drivers/STM32F4xx_HAL_Driver/Src/stm32f4xx_hal_cortex.o
 .text.NVIC_EncodePriority
                0x00000000080006bc       0x62 Drivers/STM32F4xx_HAL_Driver/Src/stm32f4xx_hal_cortex.o
 .text.HAL_NVIC_SetPriorityGrouping
                0x000000000800071e       0x16 Drivers/STM32F4xx_HAL_Driver/Src/stm32f4xx_hal_cortex.o
                0x000000000800071e                HAL_NVIC_SetPriorityGrouping
 .text.HAL_NVIC_SetPriority
                0x0000000008000734       0x38 Drivers/STM32F4xx_HAL_Driver/Src/stm32f4xx_hal_cortex.o
                0x0000000008000734                HAL_NVIC_SetPriority
 .text.HAL_NVIC_EnableIRQ
                0x000000000800076c       0x1c Drivers/STM32F4xx_HAL_Driver/Src/stm32f4xx_hal_cortex.o
                0x000000000800076c                HAL_NVIC_EnableIRQ
 .text.HAL_ETH_Init
                0x0000000008000788      0x33c Drivers/STM32F4xx_HAL_Driver/Src/stm32f4xx_hal_eth.o
                0x0000000008000788                HAL_ETH_Init
 .text.HAL_ETH_ReadPHYRegister
                0x0000000008000ac4       0xd0 Drivers/STM32F4xx_HAL_Driver/Src/stm32f4xx_hal_eth.o
                0x0000000008000ac4                HAL_ETH_ReadPHYRegister
 .text.HAL_ETH_WritePHYRegister
                0x0000000008000b94       0xcc Drivers/STM32F4xx_HAL_Driver/Src/stm32f4xx_hal_eth.o
                0x0000000008000b94                HAL_ETH_WritePHYRegister
 .text.ETH_MACDMAConfig
                0x0000000008000c60      0x390 Drivers/STM32F4xx_HAL_Driver/Src/stm32f4xx_hal_eth.o
 .text.ETH_MACAddressConfig
                0x0000000008000ff0       0x70 Drivers/STM32F4xx_HAL_Driver/Src/stm32f4xx_hal_eth.o
 .text.HAL_GPIO_Init
                0x0000000008001060      0x354 Drivers/STM32F4xx_HAL_Driver/Src/stm32f4xx_hal_gpio.o
                0x0000000008001060                HAL_GPIO_Init
 .text.HAL_GPIO_WritePin
                0x00000000080013b4       0x32 Drivers/STM32F4xx_HAL_Driver/Src/stm32f4xx_hal_gpio.o
                0x00000000080013b4                HAL_GPIO_WritePin
 .text.HAL_PCD_Init
                0x00000000080013e6      0x23a Drivers/STM32F4xx_HAL_Driver/Src/stm32f4xx_hal_pcd.o
                0x00000000080013e6                HAL_PCD_Init
 .text.HAL_RCC_OscConfig
                0x0000000008001620      0x484 Drivers/STM32F4xx_HAL_Driver/Src/stm32f4xx_hal_rcc.o
                0x0000000008001620                HAL_RCC_OscConfig
 .text.HAL_RCC_ClockConfig
                0x0000000008001aa4      0x1c4 Drivers/STM32F4xx_HAL_Driver/Src/stm32f4xx_hal_rcc.o
                0x0000000008001aa4                HAL_RCC_ClockConfig
 .text.HAL_RCC_GetSysClockFreq
                0x0000000008001c68      0x1b0 Drivers/STM32F4xx_HAL_Driver/Src/stm32f4xx_hal_rcc.o
                0x0000000008001c68                HAL_RCC_GetSysClockFreq
 .text.HAL_RCC_GetHCLKFreq
                0x0000000008001e18       0x18 Drivers/STM32F4xx_HAL_Driver/Src/stm32f4xx_hal_rcc.o
                0x0000000008001e18                HAL_RCC_GetHCLKFreq
 .text.HAL_RCC_GetPCLK1Freq
                0x0000000008001e30       0x28 Drivers/STM32F4xx_HAL_Driver/Src/stm32f4xx_hal_rcc.o
                0x0000000008001e30                HAL_RCC_GetPCLK1Freq
 .text.HAL_RCC_GetPCLK2Freq
                0x0000000008001e58       0x28 Drivers/STM32F4xx_HAL_Driver/Src/stm32f4xx_hal_rcc.o
                0x0000000008001e58                HAL_RCC_GetPCLK2Freq
 .text.HAL_RCC_GetClockConfig
                0x0000000008001e80       0x64 Drivers/STM32F4xx_HAL_Driver/Src/stm32f4xx_hal_rcc.o
                0x0000000008001e80                HAL_RCC_GetClockConfig
 .text.HAL_TIM_Base_Init
                0x0000000008001ee4       0x56 Drivers/STM32F4xx_HAL_Driver/Src/stm32f4xx_hal_tim.o
                0x0000000008001ee4                HAL_TIM_Base_Init
 .text.HAL_TIM_Base_MspInit
                0x0000000008001f3a       0x14 Drivers/STM32F4xx_HAL_Driver/Src/stm32f4xx_hal_tim.o
                0x0000000008001f3a                HAL_TIM_Base_MspInit
 .text.HAL_TIM_Base_Start_IT
                0x0000000008001f4e       0x48 Drivers/STM32F4xx_HAL_Driver/Src/stm32f4xx_hal_tim.o
                0x0000000008001f4e                HAL_TIM_Base_Start_IT
 .text.HAL_TIM_IRQHandler
                0x0000000008001f96      0x210 Drivers/STM32F4xx_HAL_Driver/Src/stm32f4xx_hal_tim.o
                0x0000000008001f96                HAL_TIM_IRQHandler
 .text.HAL_TIM_OC_DelayElapsedCallback
                0x00000000080021a6       0x14 Drivers/STM32F4xx_HAL_Driver/Src/stm32f4xx_hal_tim.o
                0x00000000080021a6                HAL_TIM_OC_DelayElapsedCallback
 .text.HAL_TIM_IC_CaptureCallback
                0x00000000080021ba       0x14 Drivers/STM32F4xx_HAL_Driver/Src/stm32f4xx_hal_tim.o
                0x00000000080021ba                HAL_TIM_IC_CaptureCallback
 .text.HAL_TIM_PWM_PulseFinishedCallback
                0x00000000080021ce       0x14 Drivers/STM32F4xx_HAL_Driver/Src/stm32f4xx_hal_tim.o
                0x00000000080021ce                HAL_TIM_PWM_PulseFinishedCallback
 .text.HAL_TIM_TriggerCallback
                0x00000000080021e2       0x14 Drivers/STM32F4xx_HAL_Driver/Src/stm32f4xx_hal_tim.o
                0x00000000080021e2                HAL_TIM_TriggerCallback
 *fill*         0x00000000080021f6        0x2 
 .text.TIM_Base_SetConfig
                0x00000000080021f8      0x140 Drivers/STM32F4xx_HAL_Driver/Src/stm32f4xx_hal_tim.o
                0x00000000080021f8                TIM_Base_SetConfig
 .text.HAL_TIMEx_CommutCallback
                0x0000000008002338       0x14 Drivers/STM32F4xx_HAL_Driver/Src/stm32f4xx_hal_tim_ex.o
                0x0000000008002338                HAL_TIMEx_CommutCallback
 .text.HAL_TIMEx_BreakCallback
                0x000000000800234c       0x14 Drivers/STM32F4xx_HAL_Driver/Src/stm32f4xx_hal_tim_ex.o
                0x000000000800234c                HAL_TIMEx_BreakCallback
 .text.HAL_UART_Init
                0x0000000008002360       0x9a Drivers/STM32F4xx_HAL_Driver/Src/stm32f4xx_hal_uart.o
                0x0000000008002360                HAL_UART_Init
 *fill*         0x00000000080023fa        0x2 
 .text.UART_SetConfig
                0x00000000080023fc      0x414 Drivers/STM32F4xx_HAL_Driver/Src/stm32f4xx_hal_uart.o
 .text.USB_CoreInit
                0x0000000008002810       0xc2 Drivers/STM32F4xx_HAL_Driver/Src/stm32f4xx_ll_usb.o
                0x0000000008002810                USB_CoreInit
 .text.USB_DisableGlobalInt
                0x00000000080028d2       0x22 Drivers/STM32F4xx_HAL_Driver/Src/stm32f4xx_ll_usb.o
                0x00000000080028d2                USB_DisableGlobalInt
 .text.USB_SetCurrentMode
                0x00000000080028f4       0x54 Drivers/STM32F4xx_HAL_Driver/Src/stm32f4xx_ll_usb.o
                0x00000000080028f4                USB_SetCurrentMode
 .text.USB_DevInit
                0x0000000008002948      0x2e4 Drivers/STM32F4xx_HAL_Driver/Src/stm32f4xx_ll_usb.o
                0x0000000008002948                USB_DevInit
 .text.USB_FlushTxFifo
                0x0000000008002c2c       0x4c Drivers/STM32F4xx_HAL_Driver/Src/stm32f4xx_ll_usb.o
                0x0000000008002c2c                USB_FlushTxFifo
 .text.USB_FlushRxFifo
                0x0000000008002c78       0x44 Drivers/STM32F4xx_HAL_Driver/Src/stm32f4xx_ll_usb.o
                0x0000000008002c78                USB_FlushRxFifo
 .text.USB_SetDevSpeed
                0x0000000008002cbc       0x34 Drivers/STM32F4xx_HAL_Driver/Src/stm32f4xx_ll_usb.o
                0x0000000008002cbc                USB_SetDevSpeed
 .text.USB_DevDisconnect
                0x0000000008002cf0       0x32 Drivers/STM32F4xx_HAL_Driver/Src/stm32f4xx_ll_usb.o
                0x0000000008002cf0                USB_DevDisconnect
 *fill*         0x0000000008002d22        0x2 
 .text.USB_CoreReset
                0x0000000008002d24       0x68 Drivers/STM32F4xx_HAL_Driver/Src/stm32f4xx_ll_usb.o
 .text.makeFreeRtosPriority
                0x0000000008002d8c       0x30 Middlewares/Third_Party/FreeRTOS/Source/CMSIS_RTOS/cmsis_os.o
 .text.inHandlerMode
                0x0000000008002dbc       0x24 Middlewares/Third_Party/FreeRTOS/Source/CMSIS_RTOS/cmsis_os.o
 .text.osKernelStart
                0x0000000008002de0        0xe Middlewares/Third_Party/FreeRTOS/Source/CMSIS_RTOS/cmsis_os.o
                0x0000000008002de0                osKernelStart
 .text.osThreadCreate
                0x0000000008002dee       0x98 Middlewares/Third_Party/FreeRTOS/Source/CMSIS_RTOS/cmsis_os.o
                0x0000000008002dee                osThreadCreate
 .text.osDelay  0x0000000008002e86       0x28 Middlewares/Third_Party/FreeRTOS/Source/CMSIS_RTOS/cmsis_os.o
                0x0000000008002e86                osDelay
 .text.osMessageCreate
                0x0000000008002eae       0x52 Middlewares/Third_Party/FreeRTOS/Source/CMSIS_RTOS/cmsis_os.o
                0x0000000008002eae                osMessageCreate
 .text.osMessagePut
                0x0000000008002f00       0x80 Middlewares/Third_Party/FreeRTOS/Source/CMSIS_RTOS/cmsis_os.o
                0x0000000008002f00                osMessagePut
 .text.osMessageGet
                0x0000000008002f80       0xe8 Middlewares/Third_Party/FreeRTOS/Source/CMSIS_RTOS/cmsis_os.o
                0x0000000008002f80                osMessageGet
 .text.vListInitialise
                0x0000000008003068       0x40 Middlewares/Third_Party/FreeRTOS/Source/list.o
                0x0000000008003068                vListInitialise
 .text.vListInitialiseItem
                0x00000000080030a8       0x1a Middlewares/Third_Party/FreeRTOS/Source/list.o
                0x00000000080030a8                vListInitialiseItem
 .text.vListInsertEnd
                0x00000000080030c2       0x48 Middlewares/Third_Party/FreeRTOS/Source/list.o
                0x00000000080030c2                vListInsertEnd
 .text.vListInsert
                0x000000000800310a       0x72 Middlewares/Third_Party/FreeRTOS/Source/list.o
                0x000000000800310a                vListInsert
 .text.uxListRemove
                0x000000000800317c       0x54 Middlewares/Third_Party/FreeRTOS/Source/list.o
                0x000000000800317c                uxListRemove
 .text.pxPortInitialiseStack
                0x00000000080031d0       0x68 Middlewares/Third_Party/FreeRTOS/Source/portable/GCC/ARM_CM4F/port.o
                0x00000000080031d0                pxPortInitialiseStack
 .text.prvTaskExitError
                0x0000000008003238       0x54 Middlewares/Third_Party/FreeRTOS/Source/portable/GCC/ARM_CM4F/port.o
 *fill*         0x000000000800328c        0x4 
 .text.SVC_Handler
                0x0000000008003290       0x28 Middlewares/Third_Party/FreeRTOS/Source/portable/GCC/ARM_CM4F/port.o
                0x0000000008003290                SVC_Handler
 .text.prvPortStartFirstTask
                0x00000000080032b8       0x28 Middlewares/Third_Party/FreeRTOS/Source/portable/GCC/ARM_CM4F/port.o
 .text.xPortStartScheduler
                0x00000000080032e0      0x13c Middlewares/Third_Party/FreeRTOS/Source/portable/GCC/ARM_CM4F/port.o
                0x00000000080032e0                xPortStartScheduler
 .text.vPortEnterCritical
                0x000000000800341c       0x5c Middlewares/Third_Party/FreeRTOS/Source/portable/GCC/ARM_CM4F/port.o
                0x000000000800341c                vPortEnterCritical
 .text.vPortExitCritical
                0x0000000008003478       0x50 Middlewares/Third_Party/FreeRTOS/Source/portable/GCC/ARM_CM4F/port.o
                0x0000000008003478                vPortExitCritical
 *fill*         0x00000000080034c8        0x8 
 .text.PendSV_Handler
                0x00000000080034d0       0x68 Middlewares/Third_Party/FreeRTOS/Source/portable/GCC/ARM_CM4F/port.o
                0x00000000080034d0                PendSV_Handler
 .text.SysTick_Handler
                0x0000000008003538       0x40 Middlewares/Third_Party/FreeRTOS/Source/portable/GCC/ARM_CM4F/port.o
                0x0000000008003538                SysTick_Handler
 .text.vPortSetupTimerInterrupt
                0x0000000008003578       0x48 Middlewares/Third_Party/FreeRTOS/Source/portable/GCC/ARM_CM4F/port.o
                0x0000000008003578                vPortSetupTimerInterrupt
 .text.vPortEnableVFP
                0x00000000080035c0       0x14 Middlewares/Third_Party/FreeRTOS/Source/portable/GCC/ARM_CM4F/port.o
 .text.vPortValidateInterruptPriority
                0x00000000080035d4       0x7c Middlewares/Third_Party/FreeRTOS/Source/portable/GCC/ARM_CM4F/port.o
                0x00000000080035d4                vPortValidateInterruptPriority
 .text.pvPortMalloc
                0x0000000008003650      0x184 Middlewares/Third_Party/FreeRTOS/Source/portable/MemMang/heap_4.o
                0x0000000008003650                pvPortMalloc
 .text.vPortFree
                0x00000000080037d4       0xb0 Middlewares/Third_Party/FreeRTOS/Source/portable/MemMang/heap_4.o
                0x00000000080037d4                vPortFree
 .text.prvHeapInit
                0x0000000008003884       0xc4 Middlewares/Third_Party/FreeRTOS/Source/portable/MemMang/heap_4.o
 .text.prvInsertBlockIntoFreeList
                0x0000000008003948       0xb4 Middlewares/Third_Party/FreeRTOS/Source/portable/MemMang/heap_4.o
 .text.xQueueGenericReset
                0x00000000080039fc       0xd0 Middlewares/Third_Party/FreeRTOS/Source/queue.o
                0x00000000080039fc                xQueueGenericReset
 .text.xQueueGenericCreateStatic
                0x0000000008003acc       0xe4 Middlewares/Third_Party/FreeRTOS/Source/queue.o
                0x0000000008003acc                xQueueGenericCreateStatic
 .text.xQueueGenericCreate
                0x0000000008003bb0       0x7a Middlewares/Third_Party/FreeRTOS/Source/queue.o
                0x0000000008003bb0                xQueueGenericCreate
 .text.prvInitialiseNewQueue
                0x0000000008003c2a       0x3e Middlewares/Third_Party/FreeRTOS/Source/queue.o
 .text.xQueueGenericSend
                0x0000000008003c68      0x1f4 Middlewares/Third_Party/FreeRTOS/Source/queue.o
                0x0000000008003c68                xQueueGenericSend
 .text.xQueueGenericSendFromISR
                0x0000000008003e5c      0x128 Middlewares/Third_Party/FreeRTOS/Source/queue.o
                0x0000000008003e5c                xQueueGenericSendFromISR
 .text.xQueueReceive
                0x0000000008003f84      0x1b8 Middlewares/Third_Party/FreeRTOS/Source/queue.o
                0x0000000008003f84                xQueueReceive
 .text.xQueueReceiveFromISR
                0x000000000800413c       0xfa Middlewares/Third_Party/FreeRTOS/Source/queue.o
                0x000000000800413c                xQueueReceiveFromISR
 .text.prvCopyDataToQueue
                0x0000000008004236       0xd4 Middlewares/Third_Party/FreeRTOS/Source/queue.o
 .text.prvCopyDataFromQueue
                0x000000000800430a       0x4c Middlewares/Third_Party/FreeRTOS/Source/queue.o
 .text.prvUnlockQueue
                0x0000000008004356       0xa4 Middlewares/Third_Party/FreeRTOS/Source/queue.o
 .text.prvIsQueueEmpty
                0x00000000080043fa       0x2c Middlewares/Third_Party/FreeRTOS/Source/queue.o
 .text.prvIsQueueFull
                0x0000000008004426       0x30 Middlewares/Third_Party/FreeRTOS/Source/queue.o
 .text.xTaskCreateStatic
                0x0000000008004456       0xb2 Middlewares/Third_Party/FreeRTOS/Source/tasks.o
                0x0000000008004456                xTaskCreateStatic
 .text.xTaskCreate
                0x0000000008004508       0x8a Middlewares/Third_Party/FreeRTOS/Source/tasks.o
                0x0000000008004508                xTaskCreate
 .text.prvInitialiseNewTask
                0x0000000008004592       0xfc Middlewares/Third_Party/FreeRTOS/Source/tasks.o
 *fill*         0x000000000800468e        0x2 
 .text.prvAddNewTaskToReadyList
                0x0000000008004690       0xd4 Middlewares/Third_Party/FreeRTOS/Source/tasks.o
 .text.vTaskDelay
                0x0000000008004764       0x68 Middlewares/Third_Party/FreeRTOS/Source/tasks.o
                0x0000000008004764                vTaskDelay
 .text.vTaskStartScheduler
                0x00000000080047cc       0xbc Middlewares/Third_Party/FreeRTOS/Source/tasks.o
                0x00000000080047cc                vTaskStartScheduler
 .text.vTaskSuspendAll
                0x0000000008004888       0x1c Middlewares/Third_Party/FreeRTOS/Source/tasks.o
                0x0000000008004888                vTaskSuspendAll
 .text.xTaskResumeAll
                0x00000000080048a4      0x138 Middlewares/Third_Party/FreeRTOS/Source/tasks.o
                0x00000000080048a4                xTaskResumeAll
 .text.xTaskIncrementTick
                0x00000000080049dc      0x178 Middlewares/Third_Party/FreeRTOS/Source/tasks.o
                0x00000000080049dc                xTaskIncrementTick
 .text.vTaskSwitchContext
                0x0000000008004b54       0xb4 Middlewares/Third_Party/FreeRTOS/Source/tasks.o
                0x0000000008004b54                vTaskSwitchContext
 .text.vTaskPlaceOnEventList
                0x0000000008004c08       0x48 Middlewares/Third_Party/FreeRTOS/Source/tasks.o
                0x0000000008004c08                vTaskPlaceOnEventList
 .text.xTaskRemoveFromEventList
                0x0000000008004c50       0xc4 Middlewares/Third_Party/FreeRTOS/Source/tasks.o
                0x0000000008004c50                xTaskRemoveFromEventList
 .text.vTaskInternalSetTimeOutState
                0x0000000008004d14       0x2c Middlewares/Third_Party/FreeRTOS/Source/tasks.o
                0x0000000008004d14                vTaskInternalSetTimeOutState
 .text.xTaskCheckForTimeOut
                0x0000000008004d40       0xc0 Middlewares/Third_Party/FreeRTOS/Source/tasks.o
                0x0000000008004d40                xTaskCheckForTimeOut
 .text.vTaskMissedYield
                0x0000000008004e00       0x18 Middlewares/Third_Party/FreeRTOS/Source/tasks.o
                0x0000000008004e00                vTaskMissedYield
 .text.prvIdleTask
                0x0000000008004e18       0x30 Middlewares/Third_Party/FreeRTOS/Source/tasks.o
 .text.prvInitialiseTaskLists
                0x0000000008004e48       0x80 Middlewares/Third_Party/FreeRTOS/Source/tasks.o
 .text.prvCheckTasksWaitingTermination
                0x0000000008004ec8       0x58 Middlewares/Third_Party/FreeRTOS/Source/tasks.o
 .text.prvDeleteTCB
                0x0000000008004f20       0x5c Middlewares/Third_Party/FreeRTOS/Source/tasks.o
 .text.prvResetNextTaskUnblockTime
                0x0000000008004f7c       0x4c Middlewares/Third_Party/FreeRTOS/Source/tasks.o
 .text.xTaskGetSchedulerState
                0x0000000008004fc8       0x3c Middlewares/Third_Party/FreeRTOS/Source/tasks.o
                0x0000000008004fc8                xTaskGetSchedulerState
 .text.xTaskPriorityDisinherit
                0x0000000008005004      0x108 Middlewares/Third_Party/FreeRTOS/Source/tasks.o
                0x0000000008005004                xTaskPriorityDisinherit
 .text.prvAddCurrentTaskToDelayedList
                0x000000000800510c       0xcc Middlewares/Third_Party/FreeRTOS/Source/tasks.o
 .text.MX_ETH_Init
                0x00000000080051d8       0x6c Src/eth.o
                0x00000000080051d8                MX_ETH_Init
 .text.HAL_ETH_MspInit
                0x0000000008005244      0x18c Src/eth.o
                0x0000000008005244                HAL_ETH_MspInit
 .text.vApplicationGetIdleTaskMemory
                0x00000000080053d0       0x34 Src/freertos.o
                0x00000000080053d0                vApplicationGetIdleTaskMemory
 .text.MX_FREERTOS_Init
                0x0000000008005404       0xe8 Src/freertos.o
                0x0000000008005404                MX_FREERTOS_Init
 .text.StartDefaultTask
                0x00000000080054ec       0x10 Src/freertos.o
                0x00000000080054ec                StartDefaultTask
 .text.StartTask02
                0x00000000080054fc       0x5c Src/freertos.o
                0x00000000080054fc                StartTask02
 .text.StartTask03
                0x0000000008005558       0x5c Src/freertos.o
                0x0000000008005558                StartTask03
 .text.StartTask04
                0x00000000080055b4       0xc0 Src/freertos.o
                0x00000000080055b4                StartTask04
 .text.MX_GPIO_Init
                0x0000000008005674      0x15c Src/gpio.o
                0x0000000008005674                MX_GPIO_Init
 .text.ITM_SendChar
                0x00000000080057d0       0x4e Src/main.o
 .text.main     0x000000000800581e       0x26 Src/main.o
                0x000000000800581e                main
 .text.SystemClock_Config
                0x0000000008005844       0xd4 Src/main.o
                0x0000000008005844                SystemClock_Config
 .text._write   0x0000000008005918       0x3c Src/main.o
                0x0000000008005918                _write
 .text.HAL_TIM_PeriodElapsedCallback
                0x0000000008005954       0x24 Src/main.o
                0x0000000008005954                HAL_TIM_PeriodElapsedCallback
 .text.Error_Handler
                0x0000000008005978        0xe Src/main.o
                0x0000000008005978                Error_Handler
 .text.malloc   0x0000000008005986       0x18 Src/malloc.o
                0x0000000008005986                malloc
 .text.free     0x000000000800599e       0x16 Src/malloc.o
                0x000000000800599e                free
 .text.HAL_MspInit
                0x00000000080059b4       0x58 Src/stm32f4xx_hal_msp.o
                0x00000000080059b4                HAL_MspInit
 .text.HAL_InitTick
                0x0000000008005a0c       0xb4 Src/stm32f4xx_hal_timebase_tim.o
                0x0000000008005a0c                HAL_InitTick
 .text.NMI_Handler
                0x0000000008005ac0        0xe Src/stm32f4xx_it.o
                0x0000000008005ac0                NMI_Handler
 .text.HardFault_Handler
                0x0000000008005ace        0x6 Src/stm32f4xx_it.o
                0x0000000008005ace                HardFault_Handler
 .text.MemManage_Handler
                0x0000000008005ad4        0x6 Src/stm32f4xx_it.o
                0x0000000008005ad4                MemManage_Handler
 .text.BusFault_Handler
                0x0000000008005ada        0x6 Src/stm32f4xx_it.o
                0x0000000008005ada                BusFault_Handler
 .text.UsageFault_Handler
                0x0000000008005ae0        0x6 Src/stm32f4xx_it.o
                0x0000000008005ae0                UsageFault_Handler
 .text.DebugMon_Handler
                0x0000000008005ae6        0xe Src/stm32f4xx_it.o
                0x0000000008005ae6                DebugMon_Handler
 .text.TIM8_UP_TIM13_IRQHandler
                0x0000000008005af4       0x14 Src/stm32f4xx_it.o
                0x0000000008005af4                TIM8_UP_TIM13_IRQHandler
 .text.SystemInit
                0x0000000008005b08       0x6c Src/system_stm32f4xx.o
                0x0000000008005b08                SystemInit
 .text.ts_itoa  0x0000000008005b74       0x92 Src/tiny_printf.o
                0x0000000008005b74                ts_itoa
 .text.ts_formatstring
                0x0000000008005c06      0x12e Src/tiny_printf.o
                0x0000000008005c06                ts_formatstring
 .text.ts_formatlength
                0x0000000008005d34      0x12c Src/tiny_printf.o
                0x0000000008005d34                ts_formatlength
 .text.iprintf  0x0000000008005e60       0xd0 Src/tiny_printf.o
                0x0000000008005e60                printf
                0x0000000008005e60                iprintf
 .text.MX_USART3_UART_Init
                0x0000000008005f30       0x54 Src/usart.o
                0x0000000008005f30                MX_USART3_UART_Init
 .text.HAL_UART_MspInit
                0x0000000008005f84       0x90 Src/usart.o
                0x0000000008005f84                HAL_UART_MspInit
 .text.MX_USB_OTG_FS_PCD_Init
                0x0000000008006014       0x5c Src/usb_otg.o
                0x0000000008006014                MX_USB_OTG_FS_PCD_Init
 .text.HAL_PCD_MspInit
                0x0000000008006070       0xb4 Src/usb_otg.o
                0x0000000008006070                HAL_PCD_MspInit
 .text.Reset_Handler
                0x0000000008006124       0x50 startup/startup_stm32f429xx.o
                0x0000000008006124                Reset_Handler
 .text.Default_Handler
                0x0000000008006174        0x2 startup/startup_stm32f429xx.o
                0x0000000008006174                RTC_Alarm_IRQHandler
                0x0000000008006174                HASH_RNG_IRQHandler
                0x0000000008006174                EXTI2_IRQHandler
                0x0000000008006174                TIM8_CC_IRQHandler
                0x0000000008006174                UART8_IRQHandler
                0x0000000008006174                SPI4_IRQHandler
                0x0000000008006174                TIM1_CC_IRQHandler
                0x0000000008006174                DMA2_Stream5_IRQHandler
                0x0000000008006174                DMA1_Stream5_IRQHandler
                0x0000000008006174                PVD_IRQHandler
                0x0000000008006174                SDIO_IRQHandler
                0x0000000008006174                TAMP_STAMP_IRQHandler
                0x0000000008006174                CAN2_RX1_IRQHandler
                0x0000000008006174                EXTI3_IRQHandler
                0x0000000008006174                TIM8_TRG_COM_TIM14_IRQHandler
                0x0000000008006174                TIM1_UP_TIM10_IRQHandler
                0x0000000008006174                I2C3_ER_IRQHandler
                0x0000000008006174                EXTI0_IRQHandler
                0x0000000008006174                I2C2_EV_IRQHandler
                0x0000000008006174                DMA1_Stream2_IRQHandler
                0x0000000008006174                CAN1_RX0_IRQHandler
                0x0000000008006174                FPU_IRQHandler
                0x0000000008006174                OTG_HS_WKUP_IRQHandler
                0x0000000008006174                LTDC_ER_IRQHandler
                0x0000000008006174                CAN2_SCE_IRQHandler
                0x0000000008006174                DMA2_Stream2_IRQHandler
                0x0000000008006174                SPI1_IRQHandler
                0x0000000008006174                TIM6_DAC_IRQHandler
                0x0000000008006174                TIM1_BRK_TIM9_IRQHandler
                0x0000000008006174                DCMI_IRQHandler
                0x0000000008006174                CAN2_RX0_IRQHandler
                0x0000000008006174                DMA2_Stream3_IRQHandler
                0x0000000008006174                USART6_IRQHandler
                0x0000000008006174                USART3_IRQHandler
                0x0000000008006174                CAN1_RX1_IRQHandler
                0x0000000008006174                UART5_IRQHandler
                0x0000000008006174                DMA2_Stream0_IRQHandler
                0x0000000008006174                TIM4_IRQHandler
                0x0000000008006174                I2C1_EV_IRQHandler
                0x0000000008006174                DMA1_Stream6_IRQHandler
                0x0000000008006174                DMA1_Stream1_IRQHandler
                0x0000000008006174                UART4_IRQHandler
                0x0000000008006174                TIM3_IRQHandler
                0x0000000008006174                RCC_IRQHandler
                0x0000000008006174                TIM8_BRK_TIM12_IRQHandler
                0x0000000008006174                Default_Handler
                0x0000000008006174                EXTI15_10_IRQHandler
                0x0000000008006174                ADC_IRQHandler
                0x0000000008006174                DMA1_Stream7_IRQHandler
                0x0000000008006174                SPI5_IRQHandler
                0x0000000008006174                TIM7_IRQHandler
                0x0000000008006174                CAN2_TX_IRQHandler
                0x0000000008006174                TIM5_IRQHandler
                0x0000000008006174                DMA2_Stream7_IRQHandler
                0x0000000008006174                I2C3_EV_IRQHandler
                0x0000000008006174                EXTI9_5_IRQHandler
                0x0000000008006174                RTC_WKUP_IRQHandler
                0x0000000008006174                LTDC_IRQHandler
                0x0000000008006174                ETH_WKUP_IRQHandler
                0x0000000008006174                SPI2_IRQHandler
                0x0000000008006174                OTG_HS_EP1_IN_IRQHandler
                0x0000000008006174                DMA1_Stream0_IRQHandler
                0x0000000008006174                CAN1_TX_IRQHandler
                0x0000000008006174                EXTI4_IRQHandler
                0x0000000008006174                ETH_IRQHandler
                0x0000000008006174                OTG_HS_EP1_OUT_IRQHandler
                0x0000000008006174                WWDG_IRQHandler
                0x0000000008006174                SPI6_IRQHandler
                0x0000000008006174                TIM2_IRQHandler
                0x0000000008006174                OTG_FS_WKUP_IRQHandler
                0x0000000008006174                TIM1_TRG_COM_TIM11_IRQHandler
                0x0000000008006174                OTG_HS_IRQHandler
                0x0000000008006174                DMA2D_IRQHandler
                0x0000000008006174                EXTI1_IRQHandler
                0x0000000008006174                UART7_IRQHandler
                0x0000000008006174                USART2_IRQHandler
                0x0000000008006174                I2C2_ER_IRQHandler
                0x0000000008006174                DMA2_Stream1_IRQHandler
                0x0000000008006174                CAN1_SCE_IRQHandler
                0x0000000008006174                FLASH_IRQHandler
                0x0000000008006174                DMA2_Stream4_IRQHandler
                0x0000000008006174                USART1_IRQHandler
                0x0000000008006174                OTG_FS_IRQHandler
                0x0000000008006174                SPI3_IRQHandler
                0x0000000008006174                DMA1_Stream4_IRQHandler
                0x0000000008006174                I2C1_ER_IRQHandler
                0x0000000008006174                FMC_IRQHandler
                0x0000000008006174                DMA2_Stream6_IRQHandler
                0x0000000008006174                SAI1_IRQHandler
                0x0000000008006174                DMA1_Stream3_IRQHandler
 *fill*         0x0000000008006176        0x2 
 .text.__libc_init_array
                0x0000000008006178       0x48 /opt/Atollic_TrueSTUDIO_for_STM32_x86_64_9.3.0/ARMTools/bin/../lib/gcc/arm-atollic-eabi/6.3.1/../../../../arm-atollic-eabi/lib/armv7e-m/fpu/libc_nano.a(lib_a-init.o)
                0x0000000008006178                __libc_init_array
 .text.memcpy   0x00000000080061c0       0x16 /opt/Atollic_TrueSTUDIO_for_STM32_x86_64_9.3.0/ARMTools/bin/../lib/gcc/arm-atollic-eabi/6.3.1/../../../../arm-atollic-eabi/lib/armv7e-m/fpu/libc_nano.a(lib_a-memcpy-stub.o)
                0x00000000080061c0                memcpy
 .text.memset   0x00000000080061d6       0x10 /opt/Atollic_TrueSTUDIO_for_STM32_x86_64_9.3.0/ARMTools/bin/../lib/gcc/arm-atollic-eabi/6.3.1/../../../../arm-atollic-eabi/lib/armv7e-m/fpu/libc_nano.a(lib_a-memset.o)
                0x00000000080061d6                memset
 *(.glue_7)
 .glue_7        0x00000000080061e6        0x0 linker stubs
 *(.glue_7t)
 .glue_7t       0x00000000080061e6        0x0 linker stubs
 *(.eh_frame)
 *fill*         0x00000000080061e6        0x2 
 .eh_frame      0x00000000080061e8        0x0 /opt/Atollic_TrueSTUDIO_for_STM32_x86_64_9.3.0/ARMTools/bin/../lib/gcc/arm-atollic-eabi/6.3.1/armv7e-m/fpu/crtbegin.o
 *(.init)
 .init          0x00000000080061e8        0x4 /opt/Atollic_TrueSTUDIO_for_STM32_x86_64_9.3.0/ARMTools/bin/../lib/gcc/arm-atollic-eabi/6.3.1/armv7e-m/fpu/crti.o
                0x00000000080061e8                _init
 .init          0x00000000080061ec        0x8 /opt/Atollic_TrueSTUDIO_for_STM32_x86_64_9.3.0/ARMTools/bin/../lib/gcc/arm-atollic-eabi/6.3.1/armv7e-m/fpu/crtn.o
 *(.fini)
 .fini          0x00000000080061f4        0x4 /opt/Atollic_TrueSTUDIO_for_STM32_x86_64_9.3.0/ARMTools/bin/../lib/gcc/arm-atollic-eabi/6.3.1/armv7e-m/fpu/crti.o
                0x00000000080061f4                _fini
 .fini          0x00000000080061f8        0x8 /opt/Atollic_TrueSTUDIO_for_STM32_x86_64_9.3.0/ARMTools/bin/../lib/gcc/arm-atollic-eabi/6.3.1/armv7e-m/fpu/crtn.o
                0x0000000008006200                . = ALIGN (0x4)
                0x0000000008006200                _etext = .

.vfp11_veneer   0x0000000008006200        0x0
 .vfp11_veneer  0x0000000008006200        0x0 linker stubs

.v4_bx          0x0000000008006200        0x0
 .v4_bx         0x0000000008006200        0x0 linker stubs

.iplt           0x0000000008006200        0x0
 .iplt          0x0000000008006200        0x0 /opt/Atollic_TrueSTUDIO_for_STM32_x86_64_9.3.0/ARMTools/bin/../lib/gcc/arm-atollic-eabi/6.3.1/armv7e-m/fpu/crtbegin.o

.rodata         0x0000000008006200      0x128
                0x0000000008006200                . = ALIGN (0x4)
 *(.rodata)
 .rodata        0x0000000008006200        0x5 Middlewares/Third_Party/FreeRTOS/Source/tasks.o
 *fill*         0x0000000008006205        0x3 
 .rodata        0x0000000008006208      0x105 Src/freertos.o
 *(.rodata*)
 *fill*         0x000000000800630d        0x3 
 .rodata.AHBPrescTable
                0x0000000008006310       0x10 Src/system_stm32f4xx.o
                0x0000000008006310                AHBPrescTable
 .rodata.APBPrescTable
                0x0000000008006320        0x8 Src/system_stm32f4xx.o
                0x0000000008006320                APBPrescTable
                0x0000000008006328                . = ALIGN (0x4)

.ARM.extab
 *(.ARM.extab* .gnu.linkonce.armextab.*)

.ARM            0x0000000008006328        0x8
                0x0000000008006328                __exidx_start = .
 *(.ARM.exidx*)
 .ARM.exidx     0x0000000008006328        0x8 /opt/Atollic_TrueSTUDIO_for_STM32_x86_64_9.3.0/ARMTools/bin/../lib/gcc/arm-atollic-eabi/6.3.1/armv7e-m/fpu/libgcc.a(_udivmoddi4.o)
                0x0000000008006330                __exidx_end = .

.rel.dyn        0x0000000008006330        0x0
 .rel.iplt      0x0000000008006330        0x0 /opt/Atollic_TrueSTUDIO_for_STM32_x86_64_9.3.0/ARMTools/bin/../lib/gcc/arm-atollic-eabi/6.3.1/armv7e-m/fpu/crtbegin.o

.preinit_array  0x0000000008006330        0x0
                0x0000000008006330                PROVIDE (__preinit_array_start, .)
 *(.preinit_array*)
                0x0000000008006330                PROVIDE (__preinit_array_end, .)

.init_array     0x0000000008006330        0x4
                0x0000000008006330                PROVIDE (__init_array_start, .)
 *(SORT(.init_array.*))
 *(.init_array*)
 .init_array    0x0000000008006330        0x4 /opt/Atollic_TrueSTUDIO_for_STM32_x86_64_9.3.0/ARMTools/bin/../lib/gcc/arm-atollic-eabi/6.3.1/armv7e-m/fpu/crtbegin.o
                0x0000000008006334                PROVIDE (__init_array_end, .)

.fini_array     0x0000000008006334        0x4
                [!provide]                        PROVIDE (__fini_array_start, .)
 *(SORT(.fini_array.*))
 *(.fini_array*)
 .fini_array    0x0000000008006334        0x4 /opt/Atollic_TrueSTUDIO_for_STM32_x86_64_9.3.0/ARMTools/bin/../lib/gcc/arm-atollic-eabi/6.3.1/armv7e-m/fpu/crtbegin.o
                [!provide]                        PROVIDE (__fini_array_end, .)
                0x0000000008006338                _sidata = LOADADDR (.data)

.data           0x0000000020000000        0xc load address 0x0000000008006338
                0x0000000020000000                . = ALIGN (0x4)
                0x0000000020000000                _sdata = .
 *(.data)
 *(.data*)
 .data.uwTickFreq
                0x0000000020000000        0x1 Drivers/STM32F4xx_HAL_Driver/Src/stm32f4xx_hal.o
                0x0000000020000000                uwTickFreq
 *fill*         0x0000000020000001        0x3 
 .data.uxCriticalNesting
                0x0000000020000004        0x4 Middlewares/Third_Party/FreeRTOS/Source/portable/GCC/ARM_CM4F/port.o
 .data.SystemCoreClock
                0x0000000020000008        0x4 Src/system_stm32f4xx.o
                0x0000000020000008                SystemCoreClock
                0x000000002000000c                . = ALIGN (0x4)
                0x000000002000000c                _edata = .
                0x0000000008006344                _siccmram = LOADADDR (.ccmram)

.igot.plt       0x000000002000000c        0x0 load address 0x0000000008006344
 .igot.plt      0x000000002000000c        0x0 /opt/Atollic_TrueSTUDIO_for_STM32_x86_64_9.3.0/ARMTools/bin/../lib/gcc/arm-atollic-eabi/6.3.1/armv7e-m/fpu/crtbegin.o

.ccmram         0x0000000010000000        0x0 load address 0x0000000008006344
                0x0000000010000000                . = ALIGN (0x4)
                0x0000000010000000                _sccmram = .
 *(.ccmram)
 *(.ccmram*)
                0x0000000010000000                . = ALIGN (0x4)
                0x0000000010000000                _eccmram = .
                0x0000000010000000                . = ALIGN (0x4)

.bss            0x000000002000000c     0x44ac
                0x000000002000000c                _sbss = .
                0x000000002000000c                __bss_start__ = _sbss
 *(.bss)
 .bss           0x000000002000000c       0x1c /opt/Atollic_TrueSTUDIO_for_STM32_x86_64_9.3.0/ARMTools/bin/../lib/gcc/arm-atollic-eabi/6.3.1/armv7e-m/fpu/crtbegin.o
 *(.bss*)
 .bss.ucMaxSysCallPriority
                0x0000000020000028        0x1 Middlewares/Third_Party/FreeRTOS/Source/portable/GCC/ARM_CM4F/port.o
 *fill*         0x0000000020000029        0x3 
 .bss.ulMaxPRIGROUPValue
                0x000000002000002c        0x4 Middlewares/Third_Party/FreeRTOS/Source/portable/GCC/ARM_CM4F/port.o
 .bss.ucHeap    0x0000000020000030     0x3c00 Middlewares/Third_Party/FreeRTOS/Source/portable/MemMang/heap_4.o
 .bss.xStart    0x0000000020003c30        0x8 Middlewares/Third_Party/FreeRTOS/Source/portable/MemMang/heap_4.o
 .bss.pxEnd     0x0000000020003c38        0x4 Middlewares/Third_Party/FreeRTOS/Source/portable/MemMang/heap_4.o
 .bss.xFreeBytesRemaining
                0x0000000020003c3c        0x4 Middlewares/Third_Party/FreeRTOS/Source/portable/MemMang/heap_4.o
 .bss.xMinimumEverFreeBytesRemaining
                0x0000000020003c40        0x4 Middlewares/Third_Party/FreeRTOS/Source/portable/MemMang/heap_4.o
 .bss.xBlockAllocatedBit
                0x0000000020003c44        0x4 Middlewares/Third_Party/FreeRTOS/Source/portable/MemMang/heap_4.o
 .bss.pxCurrentTCB
                0x0000000020003c48        0x4 Middlewares/Third_Party/FreeRTOS/Source/tasks.o
                0x0000000020003c48                pxCurrentTCB
 .bss.pxReadyTasksLists
                0x0000000020003c4c       0x8c Middlewares/Third_Party/FreeRTOS/Source/tasks.o
 .bss.xDelayedTaskList1
                0x0000000020003cd8       0x14 Middlewares/Third_Party/FreeRTOS/Source/tasks.o
 .bss.xDelayedTaskList2
                0x0000000020003cec       0x14 Middlewares/Third_Party/FreeRTOS/Source/tasks.o
 .bss.pxDelayedTaskList
                0x0000000020003d00        0x4 Middlewares/Third_Party/FreeRTOS/Source/tasks.o
 .bss.pxOverflowDelayedTaskList
                0x0000000020003d04        0x4 Middlewares/Third_Party/FreeRTOS/Source/tasks.o
 .bss.xPendingReadyList
                0x0000000020003d08       0x14 Middlewares/Third_Party/FreeRTOS/Source/tasks.o
 .bss.xTasksWaitingTermination
                0x0000000020003d1c       0x14 Middlewares/Third_Party/FreeRTOS/Source/tasks.o
 .bss.uxDeletedTasksWaitingCleanUp
                0x0000000020003d30        0x4 Middlewares/Third_Party/FreeRTOS/Source/tasks.o
 .bss.xSuspendedTaskList
                0x0000000020003d34       0x14 Middlewares/Third_Party/FreeRTOS/Source/tasks.o
 .bss.uxCurrentNumberOfTasks
                0x0000000020003d48        0x4 Middlewares/Third_Party/FreeRTOS/Source/tasks.o
 .bss.xTickCount
                0x0000000020003d4c        0x4 Middlewares/Third_Party/FreeRTOS/Source/tasks.o
 .bss.uxTopReadyPriority
                0x0000000020003d50        0x4 Middlewares/Third_Party/FreeRTOS/Source/tasks.o
 .bss.xSchedulerRunning
                0x0000000020003d54        0x4 Middlewares/Third_Party/FreeRTOS/Source/tasks.o
 .bss.uxPendedTicks
                0x0000000020003d58        0x4 Middlewares/Third_Party/FreeRTOS/Source/tasks.o
 .bss.xYieldPending
                0x0000000020003d5c        0x4 Middlewares/Third_Party/FreeRTOS/Source/tasks.o
 .bss.xNumOfOverflows
                0x0000000020003d60        0x4 Middlewares/Third_Party/FreeRTOS/Source/tasks.o
 .bss.uxTaskNumber
                0x0000000020003d64        0x4 Middlewares/Third_Party/FreeRTOS/Source/tasks.o
 .bss.xNextTaskUnblockTime
                0x0000000020003d68        0x4 Middlewares/Third_Party/FreeRTOS/Source/tasks.o
 .bss.xIdleTaskHandle
                0x0000000020003d6c        0x4 Middlewares/Third_Party/FreeRTOS/Source/tasks.o
 .bss.uxSchedulerSuspended
                0x0000000020003d70        0x4 Middlewares/Third_Party/FreeRTOS/Source/tasks.o
 .bss.message_in_queue
                0x0000000020003d74        0x4 Src/freertos.o
 .bss.stop_put  0x0000000020003d78        0x4 Src/freertos.o
 .bss.xIdleTaskTCBBuffer
                0x0000000020003d7c       0x54 Src/freertos.o
 .bss.xIdleStack
                0x0000000020003dd0      0x200 Src/freertos.o
 *(COMMON)
 COMMON         0x0000000020003fd0        0x4 Drivers/STM32F4xx_HAL_Driver/Src/stm32f4xx_hal.o
                0x0000000020003fd0                uwTick
 COMMON         0x0000000020003fd4       0x48 Src/eth.o
                0x0000000020003fd4                heth
 COMMON         0x000000002000401c       0x14 Src/freertos.o
                0x000000002000401c                defaultTaskHandle
                0x0000000020004020                myTask04Handle
                0x0000000020004024                myTask02Handle
                0x0000000020004028                exchangeHandle
                0x000000002000402c                myTask03Handle
 COMMON         0x0000000020004030       0x40 Src/stm32f4xx_hal_timebase_tim.o
                0x0000000020004030                htim8
 COMMON         0x0000000020004070       0x40 Src/usart.o
                0x0000000020004070                huart3
 COMMON         0x00000000200040b0      0x408 Src/usb_otg.o
                0x00000000200040b0                hpcd_USB_OTG_FS
                0x00000000200044b8                . = ALIGN (0x4)
                0x00000000200044b8                _ebss = .
                0x00000000200044b8                __bss_end__ = _ebss

._user_heap_stack
                0x00000000200044b8      0x600
                0x00000000200044b8                . = ALIGN (0x4)
                0x00000000200044b8                PROVIDE (end, .)
                [!provide]                        PROVIDE (_end, .)
                0x00000000200046b8                . = (. + _Min_Heap_Size)
 *fill*         0x00000000200044b8      0x200 
                0x0000000020004ab8                . = (. + _Min_Stack_Size)
 *fill*         0x00000000200046b8      0x400 
                0x0000000020004ab8                . = ALIGN (0x4)

/DISCARD/
 libc.a(*)
 libm.a(*)
 libgcc.a(*)

.ARM.attributes
                0x0000000000000000       0x30
 *(.ARM.attributes)
 .ARM.attributes
                0x0000000000000000       0x22 /opt/Atollic_TrueSTUDIO_for_STM32_x86_64_9.3.0/ARMTools/bin/../lib/gcc/arm-atollic-eabi/6.3.1/armv7e-m/fpu/crti.o
 .ARM.attributes
                0x0000000000000022       0x34 /opt/Atollic_TrueSTUDIO_for_STM32_x86_64_9.3.0/ARMTools/bin/../lib/gcc/arm-atollic-eabi/6.3.1/armv7e-m/fpu/crtbegin.o
 .ARM.attributes
                0x0000000000000056       0x39 Drivers/STM32F4xx_HAL_Driver/Src/stm32f4xx_hal.o
 .ARM.attributes
                0x000000000000008f       0x39 Drivers/STM32F4xx_HAL_Driver/Src/stm32f4xx_hal_cortex.o
 .ARM.attributes
                0x00000000000000c8       0x39 Drivers/STM32F4xx_HAL_Driver/Src/stm32f4xx_hal_eth.o
 .ARM.attributes
                0x0000000000000101       0x39 Drivers/STM32F4xx_HAL_Driver/Src/stm32f4xx_hal_gpio.o
 .ARM.attributes
                0x000000000000013a       0x39 Drivers/STM32F4xx_HAL_Driver/Src/stm32f4xx_hal_pcd.o
 .ARM.attributes
                0x0000000000000173       0x39 Drivers/STM32F4xx_HAL_Driver/Src/stm32f4xx_hal_rcc.o
 .ARM.attributes
                0x00000000000001ac       0x39 Drivers/STM32F4xx_HAL_Driver/Src/stm32f4xx_hal_tim.o
 .ARM.attributes
                0x00000000000001e5       0x39 Drivers/STM32F4xx_HAL_Driver/Src/stm32f4xx_hal_tim_ex.o
 .ARM.attributes
                0x000000000000021e       0x39 Drivers/STM32F4xx_HAL_Driver/Src/stm32f4xx_hal_uart.o
 .ARM.attributes
                0x0000000000000257       0x39 Drivers/STM32F4xx_HAL_Driver/Src/stm32f4xx_ll_usb.o
 .ARM.attributes
                0x0000000000000290       0x39 Middlewares/Third_Party/FreeRTOS/Source/CMSIS_RTOS/cmsis_os.o
 .ARM.attributes
                0x00000000000002c9       0x39 Middlewares/Third_Party/FreeRTOS/Source/list.o
 .ARM.attributes
                0x0000000000000302       0x39 Middlewares/Third_Party/FreeRTOS/Source/portable/GCC/ARM_CM4F/port.o
 .ARM.attributes
                0x000000000000033b       0x39 Middlewares/Third_Party/FreeRTOS/Source/portable/MemMang/heap_4.o
 .ARM.attributes
                0x0000000000000374       0x39 Middlewares/Third_Party/FreeRTOS/Source/queue.o
 .ARM.attributes
                0x00000000000003ad       0x39 Middlewares/Third_Party/FreeRTOS/Source/tasks.o
 .ARM.attributes
                0x00000000000003e6       0x39 Src/eth.o
 .ARM.attributes
                0x000000000000041f       0x39 Src/freertos.o
 .ARM.attributes
                0x0000000000000458       0x39 Src/gpio.o
 .ARM.attributes
                0x0000000000000491       0x39 Src/main.o
 .ARM.attributes
                0x00000000000004ca       0x39 Src/malloc.o
 .ARM.attributes
                0x0000000000000503       0x39 Src/stm32f4xx_hal_msp.o
 .ARM.attributes
                0x000000000000053c       0x39 Src/stm32f4xx_hal_timebase_tim.o
 .ARM.attributes
                0x0000000000000575       0x39 Src/stm32f4xx_it.o
 .ARM.attributes
                0x00000000000005ae       0x39 Src/system_stm32f4xx.o
 .ARM.attributes
                0x00000000000005e7       0x39 Src/tiny_printf.o
 .ARM.attributes
                0x0000000000000620       0x39 Src/usart.o
 .ARM.attributes
                0x0000000000000659       0x39 Src/usb_otg.o
 .ARM.attributes
                0x0000000000000692       0x21 startup/startup_stm32f429xx.o
 .ARM.attributes
                0x00000000000006b3       0x34 /opt/Atollic_TrueSTUDIO_for_STM32_x86_64_9.3.0/ARMTools/bin/../lib/gcc/arm-atollic-eabi/6.3.1/../../../../arm-atollic-eabi/lib/armv7e-m/fpu/libc_nano.a(lib_a-init.o)
 .ARM.attributes
                0x00000000000006e7       0x34 /opt/Atollic_TrueSTUDIO_for_STM32_x86_64_9.3.0/ARMTools/bin/../lib/gcc/arm-atollic-eabi/6.3.1/../../../../arm-atollic-eabi/lib/armv7e-m/fpu/libc_nano.a(lib_a-memcpy-stub.o)
 .ARM.attributes
                0x000000000000071b       0x34 /opt/Atollic_TrueSTUDIO_for_STM32_x86_64_9.3.0/ARMTools/bin/../lib/gcc/arm-atollic-eabi/6.3.1/../../../../arm-atollic-eabi/lib/armv7e-m/fpu/libc_nano.a(lib_a-memset.o)
 .ARM.attributes
                0x000000000000074f       0x22 /opt/Atollic_TrueSTUDIO_for_STM32_x86_64_9.3.0/ARMTools/bin/../lib/gcc/arm-atollic-eabi/6.3.1/armv7e-m/fpu/libgcc.a(_aeabi_uldivmod.o)
 .ARM.attributes
                0x0000000000000771       0x34 /opt/Atollic_TrueSTUDIO_for_STM32_x86_64_9.3.0/ARMTools/bin/../lib/gcc/arm-atollic-eabi/6.3.1/armv7e-m/fpu/libgcc.a(_udivmoddi4.o)
 .ARM.attributes
                0x00000000000007a5       0x22 /opt/Atollic_TrueSTUDIO_for_STM32_x86_64_9.3.0/ARMTools/bin/../lib/gcc/arm-atollic-eabi/6.3.1/armv7e-m/fpu/libgcc.a(_dvmd_tls.o)
 .ARM.attributes
                0x00000000000007c7       0x22 /opt/Atollic_TrueSTUDIO_for_STM32_x86_64_9.3.0/ARMTools/bin/../lib/gcc/arm-atollic-eabi/6.3.1/armv7e-m/fpu/crtn.o
OUTPUT(Communication_par_queue_message.elf elf32-littlearm)

.debug_info     0x0000000000000000    0x1a9ef
 .debug_info    0x0000000000000000      0x994 Drivers/STM32F4xx_HAL_Driver/Src/stm32f4xx_hal.o
 .debug_info    0x0000000000000994      0xe0d Drivers/STM32F4xx_HAL_Driver/Src/stm32f4xx_hal_cortex.o
 .debug_info    0x00000000000017a1     0x1471 Drivers/STM32F4xx_HAL_Driver/Src/stm32f4xx_hal_eth.o
 .debug_info    0x0000000000002c12      0x77d Drivers/STM32F4xx_HAL_Driver/Src/stm32f4xx_hal_gpio.o
 .debug_info    0x000000000000338f     0x10bf Drivers/STM32F4xx_HAL_Driver/Src/stm32f4xx_hal_pcd.o
 .debug_info    0x000000000000444e      0x8be Drivers/STM32F4xx_HAL_Driver/Src/stm32f4xx_hal_rcc.o
 .debug_info    0x0000000000004d0c     0x2452 Drivers/STM32F4xx_HAL_Driver/Src/stm32f4xx_hal_tim.o
 .debug_info    0x000000000000715e     0x1102 Drivers/STM32F4xx_HAL_Driver/Src/stm32f4xx_hal_tim_ex.o
 .debug_info    0x0000000000008260     0x11d3 Drivers/STM32F4xx_HAL_Driver/Src/stm32f4xx_hal_uart.o
 .debug_info    0x0000000000009433     0x1888 Drivers/STM32F4xx_HAL_Driver/Src/stm32f4xx_ll_usb.o
 .debug_info    0x000000000000acbb     0x1e68 Middlewares/Third_Party/FreeRTOS/Source/CMSIS_RTOS/cmsis_os.o
 .debug_info    0x000000000000cb23      0xac8 Middlewares/Third_Party/FreeRTOS/Source/list.o
 .debug_info    0x000000000000d5eb      0x536 Middlewares/Third_Party/FreeRTOS/Source/portable/GCC/ARM_CM4F/port.o
 .debug_info    0x000000000000db21      0xbed Middlewares/Third_Party/FreeRTOS/Source/portable/MemMang/heap_4.o
 .debug_info    0x000000000000e70e     0x1f30 Middlewares/Third_Party/FreeRTOS/Source/queue.o
 .debug_info    0x000000000001063e     0x243e Middlewares/Third_Party/FreeRTOS/Source/tasks.o
 .debug_info    0x0000000000012a7c      0xbf3 Src/eth.o
 .debug_info    0x000000000001366f     0x10dc Src/freertos.o
 .debug_info    0x000000000001474b      0x4ca Src/gpio.o
 .debug_info    0x0000000000014c15     0x18f0 Src/main.o
 .debug_info    0x0000000000016505      0x94d Src/malloc.o
 .debug_info    0x0000000000016e52      0x586 Src/stm32f4xx_hal_msp.o
 .debug_info    0x00000000000173d8      0xb28 Src/stm32f4xx_hal_timebase_tim.o
 .debug_info    0x0000000000017f00      0x66c Src/stm32f4xx_it.o
 .debug_info    0x000000000001856c      0x51f Src/system_stm32f4xx.o
 .debug_info    0x0000000000018a8b      0xcbe Src/tiny_printf.o
 .debug_info    0x0000000000019749      0x911 Src/usart.o
 .debug_info    0x000000000001a05a      0x90a Src/usb_otg.o
 .debug_info    0x000000000001a964       0x8b startup/startup_stm32f429xx.o

.debug_abbrev   0x0000000000000000     0x3ac9
 .debug_abbrev  0x0000000000000000      0x1c6 Drivers/STM32F4xx_HAL_Driver/Src/stm32f4xx_hal.o
 .debug_abbrev  0x00000000000001c6      0x2f5 Drivers/STM32F4xx_HAL_Driver/Src/stm32f4xx_hal_cortex.o
 .debug_abbrev  0x00000000000004bb      0x237 Drivers/STM32F4xx_HAL_Driver/Src/stm32f4xx_hal_eth.o
 .debug_abbrev  0x00000000000006f2      0x1c4 Drivers/STM32F4xx_HAL_Driver/Src/stm32f4xx_hal_gpio.o
 .debug_abbrev  0x00000000000008b6      0x261 Drivers/STM32F4xx_HAL_Driver/Src/stm32f4xx_hal_pcd.o
 .debug_abbrev  0x0000000000000b17      0x240 Drivers/STM32F4xx_HAL_Driver/Src/stm32f4xx_hal_rcc.o
 .debug_abbrev  0x0000000000000d57      0x229 Drivers/STM32F4xx_HAL_Driver/Src/stm32f4xx_hal_tim.o
 .debug_abbrev  0x0000000000000f80      0x217 Drivers/STM32F4xx_HAL_Driver/Src/stm32f4xx_hal_tim_ex.o
 .debug_abbrev  0x0000000000001197      0x23d Drivers/STM32F4xx_HAL_Driver/Src/stm32f4xx_hal_uart.o
 .debug_abbrev  0x00000000000013d4      0x265 Drivers/STM32F4xx_HAL_Driver/Src/stm32f4xx_ll_usb.o
 .debug_abbrev  0x0000000000001639      0x383 Middlewares/Third_Party/FreeRTOS/Source/CMSIS_RTOS/cmsis_os.o
 .debug_abbrev  0x00000000000019bc      0x1cc Middlewares/Third_Party/FreeRTOS/Source/list.o
 .debug_abbrev  0x0000000000001b88      0x20d Middlewares/Third_Party/FreeRTOS/Source/portable/GCC/ARM_CM4F/port.o
 .debug_abbrev  0x0000000000001d95      0x29b Middlewares/Third_Party/FreeRTOS/Source/portable/MemMang/heap_4.o
 .debug_abbrev  0x0000000000002030      0x351 Middlewares/Third_Party/FreeRTOS/Source/queue.o
 .debug_abbrev  0x0000000000002381      0x333 Middlewares/Third_Party/FreeRTOS/Source/tasks.o
 .debug_abbrev  0x00000000000026b4      0x191 Src/eth.o
 .debug_abbrev  0x0000000000002845      0x23a Src/freertos.o
 .debug_abbrev  0x0000000000002a7f      0x12f Src/gpio.o
 .debug_abbrev  0x0000000000002bae      0x27b Src/main.o
 .debug_abbrev  0x0000000000002e29      0x1d6 Src/malloc.o
 .debug_abbrev  0x0000000000002fff      0x10d Src/stm32f4xx_hal_msp.o
 .debug_abbrev  0x000000000000310c      0x196 Src/stm32f4xx_hal_timebase_tim.o
 .debug_abbrev  0x00000000000032a2      0x153 Src/stm32f4xx_it.o
 .debug_abbrev  0x00000000000033f5      0x10e Src/system_stm32f4xx.o
 .debug_abbrev  0x0000000000003503      0x273 Src/tiny_printf.o
 .debug_abbrev  0x0000000000003776      0x194 Src/usart.o
 .debug_abbrev  0x000000000000390a      0x1ad Src/usb_otg.o
 .debug_abbrev  0x0000000000003ab7       0x12 startup/startup_stm32f429xx.o

.debug_aranges  0x0000000000000000     0x15f8
 .debug_aranges
                0x0000000000000000      0x100 Drivers/STM32F4xx_HAL_Driver/Src/stm32f4xx_hal.o
 .debug_aranges
                0x0000000000000100      0x118 Drivers/STM32F4xx_HAL_Driver/Src/stm32f4xx_hal_cortex.o
 .debug_aranges
                0x0000000000000218      0x118 Drivers/STM32F4xx_HAL_Driver/Src/stm32f4xx_hal_eth.o
 .debug_aranges
                0x0000000000000330       0x58 Drivers/STM32F4xx_HAL_Driver/Src/stm32f4xx_hal_gpio.o
 .debug_aranges
                0x0000000000000388      0x130 Drivers/STM32F4xx_HAL_Driver/Src/stm32f4xx_hal_pcd.o
 .debug_aranges
                0x00000000000004b8       0x88 Drivers/STM32F4xx_HAL_Driver/Src/stm32f4xx_hal_rcc.o
 .debug_aranges
                0x0000000000000540      0x3a8 Drivers/STM32F4xx_HAL_Driver/Src/stm32f4xx_hal_tim.o
 .debug_aranges
                0x00000000000008e8      0x150 Drivers/STM32F4xx_HAL_Driver/Src/stm32f4xx_hal_tim_ex.o
 .debug_aranges
                0x0000000000000a38      0x1d0 Drivers/STM32F4xx_HAL_Driver/Src/stm32f4xx_hal_uart.o
 .debug_aranges
                0x0000000000000c08      0x198 Drivers/STM32F4xx_HAL_Driver/Src/stm32f4xx_ll_usb.o
 .debug_aranges
                0x0000000000000da0      0x1d8 Middlewares/Third_Party/FreeRTOS/Source/CMSIS_RTOS/cmsis_os.o
 .debug_aranges
                0x0000000000000f78       0x40 Middlewares/Third_Party/FreeRTOS/Source/list.o
 .debug_aranges
                0x0000000000000fb8       0x80 Middlewares/Third_Party/FreeRTOS/Source/portable/GCC/ARM_CM4F/port.o
 .debug_aranges
                0x0000000000001038       0x50 Middlewares/Third_Party/FreeRTOS/Source/portable/MemMang/heap_4.o
 .debug_aranges
                0x0000000000001088      0x108 Middlewares/Third_Party/FreeRTOS/Source/queue.o
 .debug_aranges
                0x0000000000001190      0x1a8 Middlewares/Third_Party/FreeRTOS/Source/tasks.o
 .debug_aranges
                0x0000000000001338       0x30 Src/eth.o
 .debug_aranges
                0x0000000000001368       0x48 Src/freertos.o
 .debug_aranges
                0x00000000000013b0       0x20 Src/gpio.o
 .debug_aranges
                0x00000000000013d0       0x48 Src/main.o
 .debug_aranges
                0x0000000000001418       0x30 Src/malloc.o
 .debug_aranges
                0x0000000000001448       0x20 Src/stm32f4xx_hal_msp.o
 .debug_aranges
                0x0000000000001468       0x30 Src/stm32f4xx_hal_timebase_tim.o
 .debug_aranges
                0x0000000000001498       0x50 Src/stm32f4xx_it.o
 .debug_aranges
                0x00000000000014e8       0x28 Src/system_stm32f4xx.o
 .debug_aranges
                0x0000000000001510       0x60 Src/tiny_printf.o
 .debug_aranges
                0x0000000000001570       0x30 Src/usart.o
 .debug_aranges
                0x00000000000015a0       0x30 Src/usb_otg.o
 .debug_aranges
                0x00000000000015d0       0x28 startup/startup_stm32f429xx.o

.debug_ranges   0x0000000000000000     0x1430
 .debug_ranges  0x0000000000000000       0xf0 Drivers/STM32F4xx_HAL_Driver/Src/stm32f4xx_hal.o
 .debug_ranges  0x00000000000000f0      0x108 Drivers/STM32F4xx_HAL_Driver/Src/stm32f4xx_hal_cortex.o
 .debug_ranges  0x00000000000001f8      0x108 Drivers/STM32F4xx_HAL_Driver/Src/stm32f4xx_hal_eth.o
 .debug_ranges  0x0000000000000300       0x48 Drivers/STM32F4xx_HAL_Driver/Src/stm32f4xx_hal_gpio.o
 .debug_ranges  0x0000000000000348      0x120 Drivers/STM32F4xx_HAL_Driver/Src/stm32f4xx_hal_pcd.o
 .debug_ranges  0x0000000000000468       0x78 Drivers/STM32F4xx_HAL_Driver/Src/stm32f4xx_hal_rcc.o
 .debug_ranges  0x00000000000004e0      0x398 Drivers/STM32F4xx_HAL_Driver/Src/stm32f4xx_hal_tim.o
 .debug_ranges  0x0000000000000878      0x140 Drivers/STM32F4xx_HAL_Driver/Src/stm32f4xx_hal_tim_ex.o
 .debug_ranges  0x00000000000009b8      0x1c0 Drivers/STM32F4xx_HAL_Driver/Src/stm32f4xx_hal_uart.o
 .debug_ranges  0x0000000000000b78      0x188 Drivers/STM32F4xx_HAL_Driver/Src/stm32f4xx_ll_usb.o
 .debug_ranges  0x0000000000000d00      0x1c8 Middlewares/Third_Party/FreeRTOS/Source/CMSIS_RTOS/cmsis_os.o
 .debug_ranges  0x0000000000000ec8       0x30 Middlewares/Third_Party/FreeRTOS/Source/list.o
 .debug_ranges  0x0000000000000ef8       0x70 Middlewares/Third_Party/FreeRTOS/Source/portable/GCC/ARM_CM4F/port.o
 .debug_ranges  0x0000000000000f68       0x40 Middlewares/Third_Party/FreeRTOS/Source/portable/MemMang/heap_4.o
 .debug_ranges  0x0000000000000fa8       0xf8 Middlewares/Third_Party/FreeRTOS/Source/queue.o
 .debug_ranges  0x00000000000010a0      0x198 Middlewares/Third_Party/FreeRTOS/Source/tasks.o
 .debug_ranges  0x0000000000001238       0x20 Src/eth.o
 .debug_ranges  0x0000000000001258       0x38 Src/freertos.o
 .debug_ranges  0x0000000000001290       0x10 Src/gpio.o
 .debug_ranges  0x00000000000012a0       0x38 Src/main.o
 .debug_ranges  0x00000000000012d8       0x20 Src/malloc.o
 .debug_ranges  0x00000000000012f8       0x10 Src/stm32f4xx_hal_msp.o
 .debug_ranges  0x0000000000001308       0x20 Src/stm32f4xx_hal_timebase_tim.o
 .debug_ranges  0x0000000000001328       0x40 Src/stm32f4xx_it.o
 .debug_ranges  0x0000000000001368       0x18 Src/system_stm32f4xx.o
 .debug_ranges  0x0000000000001380       0x50 Src/tiny_printf.o
 .debug_ranges  0x00000000000013d0       0x20 Src/usart.o
 .debug_ranges  0x00000000000013f0       0x20 Src/usb_otg.o
 .debug_ranges  0x0000000000001410       0x20 startup/startup_stm32f429xx.o

.debug_line     0x0000000000000000     0x9fb0
 .debug_line    0x0000000000000000      0x42a Drivers/STM32F4xx_HAL_Driver/Src/stm32f4xx_hal.o
 .debug_line    0x000000000000042a      0x52a Drivers/STM32F4xx_HAL_Driver/Src/stm32f4xx_hal_cortex.o
 .debug_line    0x0000000000000954      0x8f6 Drivers/STM32F4xx_HAL_Driver/Src/stm32f4xx_hal_eth.o
 .debug_line    0x000000000000124a      0x415 Drivers/STM32F4xx_HAL_Driver/Src/stm32f4xx_hal_gpio.o
 .debug_line    0x000000000000165f      0x78a Drivers/STM32F4xx_HAL_Driver/Src/stm32f4xx_hal_pcd.o
 .debug_line    0x0000000000001de9      0x483 Drivers/STM32F4xx_HAL_Driver/Src/stm32f4xx_hal_rcc.o
 .debug_line    0x000000000000226c     0x1485 Drivers/STM32F4xx_HAL_Driver/Src/stm32f4xx_hal_tim.o
 .debug_line    0x00000000000036f1      0x842 Drivers/STM32F4xx_HAL_Driver/Src/stm32f4xx_hal_tim_ex.o
 .debug_line    0x0000000000003f33      0xb1c Drivers/STM32F4xx_HAL_Driver/Src/stm32f4xx_hal_uart.o
 .debug_line    0x0000000000004a4f      0x958 Drivers/STM32F4xx_HAL_Driver/Src/stm32f4xx_ll_usb.o
 .debug_line    0x00000000000053a7      0x91f Middlewares/Third_Party/FreeRTOS/Source/CMSIS_RTOS/cmsis_os.o
 .debug_line    0x0000000000005cc6      0x336 Middlewares/Third_Party/FreeRTOS/Source/list.o
 .debug_line    0x0000000000005ffc      0x3c4 Middlewares/Third_Party/FreeRTOS/Source/portable/GCC/ARM_CM4F/port.o
 .debug_line    0x00000000000063c0      0x3d5 Middlewares/Third_Party/FreeRTOS/Source/portable/MemMang/heap_4.o
 .debug_line    0x0000000000006795      0xc13 Middlewares/Third_Party/FreeRTOS/Source/queue.o
 .debug_line    0x00000000000073a8      0xe09 Middlewares/Third_Party/FreeRTOS/Source/tasks.o
 .debug_line    0x00000000000081b1      0x25c Src/eth.o
 .debug_line    0x000000000000840d      0x40a Src/freertos.o
 .debug_line    0x0000000000008817      0x1df Src/gpio.o
 .debug_line    0x00000000000089f6      0x34f Src/main.o
 .debug_line    0x0000000000008d45      0x237 Src/malloc.o
 .debug_line    0x0000000000008f7c      0x199 Src/stm32f4xx_hal_msp.o
 .debug_line    0x0000000000009115      0x256 Src/stm32f4xx_hal_timebase_tim.o
 .debug_line    0x000000000000936b      0x271 Src/stm32f4xx_it.o
 .debug_line    0x00000000000095dc      0x1c3 Src/system_stm32f4xx.o
 .debug_line    0x000000000000979f      0x2ce Src/tiny_printf.o
 .debug_line    0x0000000000009a6d      0x255 Src/usart.o
 .debug_line    0x0000000000009cc2      0x26f Src/usb_otg.o
 .debug_line    0x0000000000009f31       0x7f startup/startup_stm32f429xx.o

.debug_str      0x0000000000000000     0x75e4
 .debug_str     0x0000000000000000      0xbcc Drivers/STM32F4xx_HAL_Driver/Src/stm32f4xx_hal.o
                                        0xc35 (size before relaxing)
 .debug_str     0x0000000000000bcc      0x4d8 Drivers/STM32F4xx_HAL_Driver/Src/stm32f4xx_hal_cortex.o
                                        0xcf7 (size before relaxing)
 .debug_str     0x00000000000010a4      0xb99 Drivers/STM32F4xx_HAL_Driver/Src/stm32f4xx_hal_eth.o
                                        0xf58 (size before relaxing)
 .debug_str     0x0000000000001c3d      0x19a Drivers/STM32F4xx_HAL_Driver/Src/stm32f4xx_hal_gpio.o
                                        0x56c (size before relaxing)
 .debug_str     0x0000000000001dd7      0x867 Drivers/STM32F4xx_HAL_Driver/Src/stm32f4xx_hal_pcd.o
                                        0xb29 (size before relaxing)
 .debug_str     0x000000000000263e      0x2e9 Drivers/STM32F4xx_HAL_Driver/Src/stm32f4xx_hal_rcc.o
                                        0x718 (size before relaxing)
 .debug_str     0x0000000000002927     0x1189 Drivers/STM32F4xx_HAL_Driver/Src/stm32f4xx_hal_tim.o
                                       0x14e3 (size before relaxing)
 .debug_str     0x0000000000003ab0      0x579 Drivers/STM32F4xx_HAL_Driver/Src/stm32f4xx_hal_tim_ex.o
                                        0xce3 (size before relaxing)
 .debug_str     0x0000000000004029      0x6d8 Drivers/STM32F4xx_HAL_Driver/Src/stm32f4xx_hal_uart.o
                                        0xc0a (size before relaxing)
 .debug_str     0x0000000000004701      0x67a Drivers/STM32F4xx_HAL_Driver/Src/stm32f4xx_ll_usb.o
                                        0xcab (size before relaxing)
 .debug_str     0x0000000000004d7b      0xe66 Middlewares/Third_Party/FreeRTOS/Source/CMSIS_RTOS/cmsis_os.o
                                       0x1178 (size before relaxing)
 .debug_str     0x0000000000005be1      0x143 Middlewares/Third_Party/FreeRTOS/Source/list.o
                                        0x766 (size before relaxing)
 .debug_str     0x0000000000005d24      0x248 Middlewares/Third_Party/FreeRTOS/Source/portable/GCC/ARM_CM4F/port.o
                                        0x486 (size before relaxing)
 .debug_str     0x0000000000005f6c      0x1ff Middlewares/Third_Party/FreeRTOS/Source/portable/MemMang/heap_4.o
                                        0x830 (size before relaxing)
 .debug_str     0x000000000000616b      0x574 Middlewares/Third_Party/FreeRTOS/Source/queue.o
                                        0xd9e (size before relaxing)
 .debug_str     0x00000000000066df      0x9d2 Middlewares/Third_Party/FreeRTOS/Source/tasks.o
                                       0x1339 (size before relaxing)
 .debug_str     0x00000000000070b1       0x23 Src/eth.o
                                        0x8a8 (size before relaxing)
 .debug_str     0x00000000000070d4      0x1e8 Src/freertos.o
                                        0xc7a (size before relaxing)
 .debug_str     0x00000000000072bc       0x1b Src/gpio.o
                                        0x3e5 (size before relaxing)
 .debug_str     0x00000000000072d7       0xa7 Src/main.o
                                       0x12b3 (size before relaxing)
 .debug_str     0x000000000000737e       0x29 Src/malloc.o
                                        0x62a (size before relaxing)
 .debug_str     0x00000000000073a7       0x1b Src/stm32f4xx_hal_msp.o
                                        0x8a6 (size before relaxing)
 .debug_str     0x00000000000073c2       0x50 Src/stm32f4xx_hal_timebase_tim.o
                                        0xdbf (size before relaxing)
 .debug_str     0x0000000000007412       0x94 Src/stm32f4xx_it.o
                                        0x6d5 (size before relaxing)
 .debug_str     0x00000000000074a6       0x45 Src/system_stm32f4xx.o
                                        0x3d0 (size before relaxing)
 .debug_str     0x00000000000074eb       0x99 Src/tiny_printf.o
                                        0x6a2 (size before relaxing)
 .debug_str     0x0000000000007584       0x2e Src/usart.o
                                        0x824 (size before relaxing)
 .debug_str     0x00000000000075b2       0x32 Src/usb_otg.o
                                        0x7c6 (size before relaxing)

.comment        0x0000000000000000       0x7c
 .comment       0x0000000000000000       0x7c Drivers/STM32F4xx_HAL_Driver/Src/stm32f4xx_hal.o
                                         0x7d (size before relaxing)
 .comment       0x000000000000007c       0x7d Drivers/STM32F4xx_HAL_Driver/Src/stm32f4xx_hal_cortex.o
 .comment       0x000000000000007c       0x7d Drivers/STM32F4xx_HAL_Driver/Src/stm32f4xx_hal_eth.o
 .comment       0x000000000000007c       0x7d Drivers/STM32F4xx_HAL_Driver/Src/stm32f4xx_hal_gpio.o
 .comment       0x000000000000007c       0x7d Drivers/STM32F4xx_HAL_Driver/Src/stm32f4xx_hal_pcd.o
 .comment       0x000000000000007c       0x7d Drivers/STM32F4xx_HAL_Driver/Src/stm32f4xx_hal_rcc.o
 .comment       0x000000000000007c       0x7d Drivers/STM32F4xx_HAL_Driver/Src/stm32f4xx_hal_tim.o
 .comment       0x000000000000007c       0x7d Drivers/STM32F4xx_HAL_Driver/Src/stm32f4xx_hal_tim_ex.o
 .comment       0x000000000000007c       0x7d Drivers/STM32F4xx_HAL_Driver/Src/stm32f4xx_hal_uart.o
 .comment       0x000000000000007c       0x7d Drivers/STM32F4xx_HAL_Driver/Src/stm32f4xx_ll_usb.o
 .comment       0x000000000000007c       0x7d Middlewares/Third_Party/FreeRTOS/Source/CMSIS_RTOS/cmsis_os.o
 .comment       0x000000000000007c       0x7d Middlewares/Third_Party/FreeRTOS/Source/list.o
 .comment       0x000000000000007c       0x7d Middlewares/Third_Party/FreeRTOS/Source/portable/GCC/ARM_CM4F/port.o
 .comment       0x000000000000007c       0x7d Middlewares/Third_Party/FreeRTOS/Source/portable/MemMang/heap_4.o
 .comment       0x000000000000007c       0x7d Middlewares/Third_Party/FreeRTOS/Source/queue.o
 .comment       0x000000000000007c       0x7d Middlewares/Third_Party/FreeRTOS/Source/tasks.o
 .comment       0x000000000000007c       0x7d Src/eth.o
 .comment       0x000000000000007c       0x7d Src/freertos.o
 .comment       0x000000000000007c       0x7d Src/gpio.o
 .comment       0x000000000000007c       0x7d Src/main.o
 .comment       0x000000000000007c       0x7d Src/malloc.o
 .comment       0x000000000000007c       0x7d Src/stm32f4xx_hal_msp.o
 .comment       0x000000000000007c       0x7d Src/stm32f4xx_hal_timebase_tim.o
 .comment       0x000000000000007c       0x7d Src/stm32f4xx_it.o
 .comment       0x000000000000007c       0x7d Src/system_stm32f4xx.o
 .comment       0x000000000000007c       0x7d Src/tiny_printf.o
 .comment       0x000000000000007c       0x7d Src/usart.o
 .comment       0x000000000000007c       0x7d Src/usb_otg.o

.debug_frame    0x0000000000000000     0x5b98
 .debug_frame   0x0000000000000000      0x3b4 Drivers/STM32F4xx_HAL_Driver/Src/stm32f4xx_hal.o
 .debug_frame   0x00000000000003b4      0x498 Drivers/STM32F4xx_HAL_Driver/Src/stm32f4xx_hal_cortex.o
 .debug_frame   0x000000000000084c      0x4dc Drivers/STM32F4xx_HAL_Driver/Src/stm32f4xx_hal_eth.o
 .debug_frame   0x0000000000000d28      0x14c Drivers/STM32F4xx_HAL_Driver/Src/stm32f4xx_hal_gpio.o
 .debug_frame   0x0000000000000e74      0x548 Drivers/STM32F4xx_HAL_Driver/Src/stm32f4xx_hal_pcd.o
 .debug_frame   0x00000000000013bc      0x1f8 Drivers/STM32F4xx_HAL_Driver/Src/stm32f4xx_hal_rcc.o
 .debug_frame   0x00000000000015b4     0x10f0 Drivers/STM32F4xx_HAL_Driver/Src/stm32f4xx_hal_tim.o
 .debug_frame   0x00000000000026a4      0x5c0 Drivers/STM32F4xx_HAL_Driver/Src/stm32f4xx_hal_tim_ex.o
 .debug_frame   0x0000000000002c64      0x83c Drivers/STM32F4xx_HAL_Driver/Src/stm32f4xx_hal_uart.o
 .debug_frame   0x00000000000034a0      0x790 Drivers/STM32F4xx_HAL_Driver/Src/stm32f4xx_ll_usb.o
 .debug_frame   0x0000000000003c30      0x80c Middlewares/Third_Party/FreeRTOS/Source/CMSIS_RTOS/cmsis_os.o
 .debug_frame   0x000000000000443c       0xd8 Middlewares/Third_Party/FreeRTOS/Source/list.o
 .debug_frame   0x0000000000004514      0x1a8 Middlewares/Third_Party/FreeRTOS/Source/portable/GCC/ARM_CM4F/port.o
 .debug_frame   0x00000000000046bc      0x108 Middlewares/Third_Party/FreeRTOS/Source/portable/MemMang/heap_4.o
 .debug_frame   0x00000000000047c4      0x46c Middlewares/Third_Party/FreeRTOS/Source/queue.o
 .debug_frame   0x0000000000004c30      0x734 Middlewares/Third_Party/FreeRTOS/Source/tasks.o
 .debug_frame   0x0000000000005364       0x7c Src/eth.o
 .debug_frame   0x00000000000053e0       0xe4 Src/freertos.o
 .debug_frame   0x00000000000054c4       0x34 Src/gpio.o
 .debug_frame   0x00000000000054f8       0xe0 Src/main.o
 .debug_frame   0x00000000000055d8       0x7c Src/malloc.o
 .debug_frame   0x0000000000005654       0x34 Src/stm32f4xx_hal_msp.o
 .debug_frame   0x0000000000005688       0x74 Src/stm32f4xx_hal_timebase_tim.o
 .debug_frame   0x00000000000056fc       0xcc Src/stm32f4xx_it.o
 .debug_frame   0x00000000000057c8       0x58 Src/system_stm32f4xx.o
 .debug_frame   0x0000000000005820      0x1bc Src/tiny_printf.o
 .debug_frame   0x00000000000059dc       0x74 Src/usart.o
 .debug_frame   0x0000000000005a50       0x74 Src/usb_otg.o
 .debug_frame   0x0000000000005ac4       0x2c /opt/Atollic_TrueSTUDIO_for_STM32_x86_64_9.3.0/ARMTools/bin/../lib/gcc/arm-atollic-eabi/6.3.1/../../../../arm-atollic-eabi/lib/armv7e-m/fpu/libc_nano.a(lib_a-init.o)
 .debug_frame   0x0000000000005af0       0x28 /opt/Atollic_TrueSTUDIO_for_STM32_x86_64_9.3.0/ARMTools/bin/../lib/gcc/arm-atollic-eabi/6.3.1/../../../../arm-atollic-eabi/lib/armv7e-m/fpu/libc_nano.a(lib_a-memcpy-stub.o)
 .debug_frame   0x0000000000005b18       0x20 /opt/Atollic_TrueSTUDIO_for_STM32_x86_64_9.3.0/ARMTools/bin/../lib/gcc/arm-atollic-eabi/6.3.1/../../../../arm-atollic-eabi/lib/armv7e-m/fpu/libc_nano.a(lib_a-memset.o)
 .debug_frame   0x0000000000005b38       0x2c /opt/Atollic_TrueSTUDIO_for_STM32_x86_64_9.3.0/ARMTools/bin/../lib/gcc/arm-atollic-eabi/6.3.1/armv7e-m/fpu/libgcc.a(_aeabi_uldivmod.o)
 .debug_frame   0x0000000000005b64       0x34 /opt/Atollic_TrueSTUDIO_for_STM32_x86_64_9.3.0/ARMTools/bin/../lib/gcc/arm-atollic-eabi/6.3.1/armv7e-m/fpu/libgcc.a(_udivmoddi4.o)
