Archive member included to satisfy reference by file (symbol)

/opt/Atollic_TrueSTUDIO_for_STM32_x86_64_9.3.0/ARMTools/bin/../lib/gcc/arm-atollic-eabi/6.3.1/../../../../arm-atollic-eabi/lib/armv7e-m/fpu/libc_nano.a(lib_a-init.o)
                              startup/startup_stm32f429xx.o (__libc_init_array)
/opt/Atollic_TrueSTUDIO_for_STM32_x86_64_9.3.0/ARMTools/bin/../lib/gcc/arm-atollic-eabi/6.3.1/../../../../arm-atollic-eabi/lib/armv7e-m/fpu/libc_nano.a(lib_a-memset.o)
                              Src/main.o (memset)
/opt/Atollic_TrueSTUDIO_for_STM32_x86_64_9.3.0/ARMTools/bin/../lib/gcc/arm-atollic-eabi/6.3.1/armv7e-m/fpu/libgcc.a(_aeabi_uldivmod.o)
                              Drivers/STM32F4xx_HAL_Driver/Src/stm32f4xx_hal_rcc.o (__aeabi_uldivmod)
/opt/Atollic_TrueSTUDIO_for_STM32_x86_64_9.3.0/ARMTools/bin/../lib/gcc/arm-atollic-eabi/6.3.1/armv7e-m/fpu/libgcc.a(_udivmoddi4.o)
                              /opt/Atollic_TrueSTUDIO_for_STM32_x86_64_9.3.0/ARMTools/bin/../lib/gcc/arm-atollic-eabi/6.3.1/armv7e-m/fpu/libgcc.a(_aeabi_uldivmod.o) (__udivmoddi4)
/opt/Atollic_TrueSTUDIO_for_STM32_x86_64_9.3.0/ARMTools/bin/../lib/gcc/arm-atollic-eabi/6.3.1/armv7e-m/fpu/libgcc.a(_dvmd_tls.o)
                              /opt/Atollic_TrueSTUDIO_for_STM32_x86_64_9.3.0/ARMTools/bin/../lib/gcc/arm-atollic-eabi/6.3.1/armv7e-m/fpu/libgcc.a(_aeabi_uldivmod.o) (__aeabi_ldiv0)

Allocating common symbols
Common symbol       size              file

huart3              0x40              Src/main.o
hpcd_USB_OTG_FS     0x3f0             Src/main.o
uwTick              0x4               Drivers/STM32F4xx_HAL_Driver/Src/stm32f4xx_hal.o
pFlash              0x20              Drivers/STM32F4xx_HAL_Driver/Src/stm32f4xx_hal_flash.o
heth                0x48              Src/main.o

Discarded input sections

 .text          0x0000000000000000        0x0 /opt/Atollic_TrueSTUDIO_for_STM32_x86_64_9.3.0/ARMTools/bin/../lib/gcc/arm-atollic-eabi/6.3.1/armv7e-m/fpu/crti.o
 .data          0x0000000000000000        0x0 /opt/Atollic_TrueSTUDIO_for_STM32_x86_64_9.3.0/ARMTools/bin/../lib/gcc/arm-atollic-eabi/6.3.1/armv7e-m/fpu/crti.o
 .bss           0x0000000000000000        0x0 /opt/Atollic_TrueSTUDIO_for_STM32_x86_64_9.3.0/ARMTools/bin/../lib/gcc/arm-atollic-eabi/6.3.1/armv7e-m/fpu/crti.o
 .data          0x0000000000000000        0x4 /opt/Atollic_TrueSTUDIO_for_STM32_x86_64_9.3.0/ARMTools/bin/../lib/gcc/arm-atollic-eabi/6.3.1/armv7e-m/fpu/crtbegin.o
 .text          0x0000000000000000        0x0 Drivers/STM32F4xx_HAL_Driver/Src/stm32f4xx_hal.o
 .data          0x0000000000000000        0x0 Drivers/STM32F4xx_HAL_Driver/Src/stm32f4xx_hal.o
 .bss           0x0000000000000000        0x0 Drivers/STM32F4xx_HAL_Driver/Src/stm32f4xx_hal.o
 .text.HAL_MspInit
                0x0000000000000000        0x2 Drivers/STM32F4xx_HAL_Driver/Src/stm32f4xx_hal.o
 .text.HAL_MspDeInit
                0x0000000000000000        0x2 Drivers/STM32F4xx_HAL_Driver/Src/stm32f4xx_hal.o
 .text.HAL_DeInit
                0x0000000000000000       0x2c Drivers/STM32F4xx_HAL_Driver/Src/stm32f4xx_hal.o
 .text.HAL_GetTickPrio
                0x0000000000000000        0xc Drivers/STM32F4xx_HAL_Driver/Src/stm32f4xx_hal.o
 .text.HAL_SetTickFreq
                0x0000000000000000       0x24 Drivers/STM32F4xx_HAL_Driver/Src/stm32f4xx_hal.o
 .text.HAL_GetTickFreq
                0x0000000000000000        0xc Drivers/STM32F4xx_HAL_Driver/Src/stm32f4xx_hal.o
 .text.HAL_SuspendTick
                0x0000000000000000       0x10 Drivers/STM32F4xx_HAL_Driver/Src/stm32f4xx_hal.o
 .text.HAL_ResumeTick
                0x0000000000000000       0x10 Drivers/STM32F4xx_HAL_Driver/Src/stm32f4xx_hal.o
 .text.HAL_GetHalVersion
                0x0000000000000000        0x8 Drivers/STM32F4xx_HAL_Driver/Src/stm32f4xx_hal.o
 .text.HAL_GetREVID
                0x0000000000000000        0xc Drivers/STM32F4xx_HAL_Driver/Src/stm32f4xx_hal.o
 .text.HAL_GetDEVID
                0x0000000000000000       0x10 Drivers/STM32F4xx_HAL_Driver/Src/stm32f4xx_hal.o
 .text.HAL_DBGMCU_EnableDBGSleepMode
                0x0000000000000000       0x10 Drivers/STM32F4xx_HAL_Driver/Src/stm32f4xx_hal.o
 .text.HAL_DBGMCU_DisableDBGSleepMode
                0x0000000000000000       0x10 Drivers/STM32F4xx_HAL_Driver/Src/stm32f4xx_hal.o
 .text.HAL_DBGMCU_EnableDBGStopMode
                0x0000000000000000       0x10 Drivers/STM32F4xx_HAL_Driver/Src/stm32f4xx_hal.o
 .text.HAL_DBGMCU_DisableDBGStopMode
                0x0000000000000000       0x10 Drivers/STM32F4xx_HAL_Driver/Src/stm32f4xx_hal.o
 .text.HAL_DBGMCU_EnableDBGStandbyMode
                0x0000000000000000       0x10 Drivers/STM32F4xx_HAL_Driver/Src/stm32f4xx_hal.o
 .text.HAL_DBGMCU_DisableDBGStandbyMode
                0x0000000000000000       0x10 Drivers/STM32F4xx_HAL_Driver/Src/stm32f4xx_hal.o
 .text.HAL_EnableCompensationCell
                0x0000000000000000        0xc Drivers/STM32F4xx_HAL_Driver/Src/stm32f4xx_hal.o
 .text.HAL_DisableCompensationCell
[...]
Memory Configuration

Name             Origin             Length             Attributes
RAM              0x0000000020000000 0x0000000000030000 xrw
CCMRAM           0x0000000010000000 0x0000000000010000 rw
FLASH            0x0000000008000000 0x0000000000200000 xr
*default*        0x0000000000000000 0xffffffffffffffff

Linker script and memory map

LOAD /opt/Atollic_TrueSTUDIO_for_STM32_x86_64_9.3.0/ARMTools/bin/../lib/gcc/arm-atollic-eabi/6.3.1/armv7e-m/fpu/crti.o
LOAD /opt/Atollic_TrueSTUDIO_for_STM32_x86_64_9.3.0/ARMTools/bin/../lib/gcc/arm-atollic-eabi/6.3.1/armv7e-m/fpu/crtbegin.o
LOAD Drivers/STM32F4xx_HAL_Driver/Src/stm32f4xx_hal.o
LOAD Drivers/STM32F4xx_HAL_Driver/Src/stm32f4xx_hal_cortex.o
LOAD Drivers/STM32F4xx_HAL_Driver/Src/stm32f4xx_hal_dma.o
LOAD Drivers/STM32F4xx_HAL_Driver/Src/stm32f4xx_hal_dma_ex.o
LOAD Drivers/STM32F4xx_HAL_Driver/Src/stm32f4xx_hal_eth.o
LOAD Drivers/STM32F4xx_HAL_Driver/Src/stm32f4xx_hal_flash.o
LOAD Drivers/STM32F4xx_HAL_Driver/Src/stm32f4xx_hal_flash_ex.o
LOAD Drivers/STM32F4xx_HAL_Driver/Src/stm32f4xx_hal_flash_ramfunc.o
LOAD Drivers/STM32F4xx_HAL_Driver/Src/stm32f4xx_hal_gpio.o
LOAD Drivers/STM32F4xx_HAL_Driver/Src/stm32f4xx_hal_pcd.o
LOAD Drivers/STM32F4xx_HAL_Driver/Src/stm32f4xx_hal_pcd_ex.o
LOAD Drivers/STM32F4xx_HAL_Driver/Src/stm32f4xx_hal_pwr.o
LOAD Drivers/STM32F4xx_HAL_Driver/Src/stm32f4xx_hal_pwr_ex.o
LOAD Drivers/STM32F4xx_HAL_Driver/Src/stm32f4xx_hal_rcc.o
LOAD Drivers/STM32F4xx_HAL_Driver/Src/stm32f4xx_hal_rcc_ex.o
LOAD Drivers/STM32F4xx_HAL_Driver/Src/stm32f4xx_hal_tim.o
LOAD Drivers/STM32F4xx_HAL_Driver/Src/stm32f4xx_hal_tim_ex.o
LOAD Drivers/STM32F4xx_HAL_Driver/Src/stm32f4xx_hal_uart.o
LOAD Drivers/STM32F4xx_HAL_Driver/Src/stm32f4xx_ll_usb.o
LOAD Src/main.o
LOAD Src/stm32f4xx_hal_msp.o
LOAD Src/stm32f4xx_it.o
LOAD Src/system_stm32f4xx.o
LOAD startup/startup_stm32f429xx.o
                0x0000000000000080                malloc_getpagesize_P = 0x80
START GROUP
LOAD /opt/Atollic_TrueSTUDIO_for_STM32_x86_64_9.3.0/ARMTools/bin/../lib/gcc/arm-atollic-eabi/6.3.1/../../../../arm-atollic-eabi/lib/armv7e-m/fpu/libc_nano.a
LOAD /opt/Atollic_TrueSTUDIO_for_STM32_x86_64_9.3.0/ARMTools/bin/../lib/gcc/arm-atollic-eabi/6.3.1/../../../../arm-atollic-eabi/lib/armv7e-m/fpu/libm.a
END GROUP
START GROUP
LOAD /opt/Atollic_TrueSTUDIO_for_STM32_x86_64_9.3.0/ARMTools/bin/../lib/gcc/arm-atollic-eabi/6.3.1/armv7e-m/fpu/libgcc.a
LOAD /opt/Atollic_TrueSTUDIO_for_STM32_x86_64_9.3.0/ARMTools/bin/../lib/gcc/arm-atollic-eabi/6.3.1/../../../../arm-atollic-eabi/lib/armv7e-m/fpu/libc_nano.a
END GROUP
START GROUP
LOAD /opt/Atollic_TrueSTUDIO_for_STM32_x86_64_9.3.0/ARMTools/bin/../lib/gcc/arm-atollic-eabi/6.3.1/armv7e-m/fpu/libgcc.a
LOAD /opt/Atollic_TrueSTUDIO_for_STM32_x86_64_9.3.0/ARMTools/bin/../lib/gcc/arm-atollic-eabi/6.3.1/../../../../arm-atollic-eabi/lib/armv7e-m/fpu/libc_nano.a
LOAD /opt/Atollic_TrueSTUDIO_for_STM32_x86_64_9.3.0/ARMTools/bin/../lib/gcc/arm-atollic-eabi/6.3.1/../../../../arm-atollic-eabi/lib/armv7e-m/fpu/libnosys.a
END GROUP
START GROUP
LOAD /opt/Atollic_TrueSTUDIO_for_STM32_x86_64_9.3.0/ARMTools/bin/../lib/gcc/arm-atollic-eabi/6.3.1/armv7e-m/fpu/libgcc.a
LOAD /opt/Atollic_TrueSTUDIO_for_STM32_x86_64_9.3.0/ARMTools/bin/../lib/gcc/arm-atollic-eabi/6.3.1/../../../../arm-atollic-eabi/lib/armv7e-m/fpu/libc_nano.a
LOAD /opt/Atollic_TrueSTUDIO_for_STM32_x86_64_9.3.0/ARMTools/bin/../lib/gcc/arm-atollic-eabi/6.3.1/../../../../arm-atollic-eabi/lib/armv7e-m/fpu/libnosys.a
END GROUP
LOAD /opt/Atollic_TrueSTUDIO_for_STM32_x86_64_9.3.0/ARMTools/bin/../lib/gcc/arm-atollic-eabi/6.3.1/armv7e-m/fpu/crtend.o
LOAD /opt/Atollic_TrueSTUDIO_for_STM32_x86_64_9.3.0/ARMTools/bin/../lib/gcc/arm-atollic-eabi/6.3.1/armv7e-m/fpu/crtn.o
                0x0000000020030000                _estack = 0x20030000
                0x0000000000000200                _Min_Heap_Size = 0x200
                0x0000000000000400                _Min_Stack_Size = 0x400

.isr_vector     0x0000000008000000      0x1ac
                0x0000000008000000                . = ALIGN (0x4)
 *(.isr_vector)
 .isr_vector    0x0000000008000000      0x1ac startup/startup_stm32f429xx.o
                0x0000000008000000                g_pfnVectors
                0x00000000080001ac                . = ALIGN (0x4)

.text           0x00000000080001ac     0x1bc8
                0x00000000080001ac                . = ALIGN (0x4)
 *(.text)
 .text          0x00000000080001ac       0x40 /opt/Atollic_TrueSTUDIO_for_STM32_x86_64_9.3.0/ARMTools/bin/../lib/gcc/arm-atollic-eabi/6.3.1/armv7e-m/fpu/crtbegin.o
 .text          0x00000000080001ec       0x30 /opt/Atollic_TrueSTUDIO_for_STM32_x86_64_9.3.0/ARMTools/bin/../lib/gcc/arm-atollic-eabi/6.3.1/armv7e-m/fpu/libgcc.a(_aeabi_uldivmod.o)
                0x00000000080001ec                __aeabi_uldivmod
 .text          0x000000000800021c      0x2dc /opt/Atollic_TrueSTUDIO_for_STM32_x86_64_9.3.0/ARMTools/bin/../lib/gcc/arm-atollic-eabi/6.3.1/armv7e-m/fpu/libgcc.a(_udivmoddi4.o)
                0x000000000800021c                __udivmoddi4
 .text          0x00000000080004f8        0x4 /opt/Atollic_TrueSTUDIO_for_STM32_x86_64_9.3.0/ARMTools/bin/../lib/gcc/arm-atollic-eabi/6.3.1/armv7e-m/fpu/libgcc.a(_dvmd_tls.o)
                0x00000000080004f8                __aeabi_ldiv0
                0x00000000080004f8                __aeabi_idiv0
 *(.text*)
 .text.HAL_InitTick
                0x00000000080004fc       0x48 Drivers/STM32F4xx_HAL_Driver/Src/stm32f4xx_hal.o
                0x00000000080004fc                HAL_InitTick
 .text.HAL_Init
                0x0000000008000544       0x34 Drivers/STM32F4xx_HAL_Driver/Src/stm32f4xx_hal.o
                0x0000000008000544                HAL_Init
 .text.HAL_IncTick
                0x0000000008000578       0x18 Drivers/STM32F4xx_HAL_Driver/Src/stm32f4xx_hal.o
                0x0000000008000578                HAL_IncTick
 .text.HAL_GetTick
                0x0000000008000590        0xc Drivers/STM32F4xx_HAL_Driver/Src/stm32f4xx_hal.o
                0x0000000008000590                HAL_GetTick
 .text.HAL_Delay
                0x000000000800059c       0x28 Drivers/STM32F4xx_HAL_Driver/Src/stm32f4xx_hal.o
                0x000000000800059c                HAL_Delay
 .text.HAL_NVIC_SetPriorityGrouping
                0x00000000080005c4       0x24 Drivers/STM32F4xx_HAL_Driver/Src/stm32f4xx_hal_cortex.o
                0x00000000080005c4                HAL_NVIC_SetPriorityGrouping
 .text.HAL_NVIC_SetPriority
                0x00000000080005e8       0x68 Drivers/STM32F4xx_HAL_Driver/Src/stm32f4xx_hal_cortex.o
                0x00000000080005e8                HAL_NVIC_SetPriority
 .text.HAL_NVIC_EnableIRQ
                0x0000000008000650       0x18 Drivers/STM32F4xx_HAL_Driver/Src/stm32f4xx_hal_cortex.o
                0x0000000008000650                HAL_NVIC_EnableIRQ
 .text.HAL_SYSTICK_Config
                0x0000000008000668       0x2c Drivers/STM32F4xx_HAL_Driver/Src/stm32f4xx_hal_cortex.o
                0x0000000008000668                HAL_SYSTICK_Config
 .text.ETH_MACDMAConfig
                0x0000000008000694       0xf8 Drivers/STM32F4xx_HAL_Driver/Src/stm32f4xx_hal_eth.o
 .text.HAL_ETH_ReadPHYRegister
                0x000000000800078c       0x74 Drivers/STM32F4xx_HAL_Driver/Src/stm32f4xx_hal_eth.o
                0x000000000800078c                HAL_ETH_ReadPHYRegister
 .text.HAL_ETH_WritePHYRegister
                0x0000000008000800       0x6e Drivers/STM32F4xx_HAL_Driver/Src/stm32f4xx_hal_eth.o
                0x0000000008000800                HAL_ETH_WritePHYRegister
 *fill*         0x000000000800086e        0x2 
 .text.HAL_ETH_Init
                0x0000000008000870      0x1f8 Drivers/STM32F4xx_HAL_Driver/Src/stm32f4xx_hal_eth.o
                0x0000000008000870                HAL_ETH_Init
 .text.HAL_GPIO_Init
                0x0000000008000a68      0x1d8 Drivers/STM32F4xx_HAL_Driver/Src/stm32f4xx_hal_gpio.o
                0x0000000008000a68                HAL_GPIO_Init
 .text.HAL_GPIO_WritePin
                0x0000000008000c40        0xa Drivers/STM32F4xx_HAL_Driver/Src/stm32f4xx_hal_gpio.o
                0x0000000008000c40                HAL_GPIO_WritePin
 .text.HAL_GPIO_TogglePin
                0x0000000008000c4a        0x8 Drivers/STM32F4xx_HAL_Driver/Src/stm32f4xx_hal_gpio.o
                0x0000000008000c4a                HAL_GPIO_TogglePin
 *fill*         0x0000000008000c52        0x2 
 .text.HAL_GPIO_EXTI_IRQHandler
                0x0000000008000c54       0x18 Drivers/STM32F4xx_HAL_Driver/Src/stm32f4xx_hal_gpio.o
                0x0000000008000c54                HAL_GPIO_EXTI_IRQHandler
 .text.HAL_PCD_Init
                0x0000000008000c6c       0xd8 Drivers/STM32F4xx_HAL_Driver/Src/stm32f4xx_hal_pcd.o
                0x0000000008000c6c                HAL_PCD_Init
 .text.HAL_RCC_OscConfig
                0x0000000008000d44      0x304 Drivers/STM32F4xx_HAL_Driver/Src/stm32f4xx_hal_rcc.o
                0x0000000008000d44                HAL_RCC_OscConfig
 .text.HAL_RCC_GetSysClockFreq
                0x0000000008001048       0x5c Drivers/STM32F4xx_HAL_Driver/Src/stm32f4xx_hal_rcc.o
                0x0000000008001048                HAL_RCC_GetSysClockFreq
 .text.HAL_RCC_ClockConfig
                0x00000000080010a4      0x134 Drivers/STM32F4xx_HAL_Driver/Src/stm32f4xx_hal_rcc.o
                0x00000000080010a4                HAL_RCC_ClockConfig
 .text.HAL_RCC_GetHCLKFreq
                0x00000000080011d8        0xc Drivers/STM32F4xx_HAL_Driver/Src/stm32f4xx_hal_rcc.o
                0x00000000080011d8                HAL_RCC_GetHCLKFreq
 .text.HAL_RCC_GetPCLK1Freq
                0x00000000080011e4       0x20 Drivers/STM32F4xx_HAL_Driver/Src/stm32f4xx_hal_rcc.o
                0x00000000080011e4                HAL_RCC_GetPCLK1Freq
 .text.HAL_RCC_GetPCLK2Freq
                0x0000000008001204       0x20 Drivers/STM32F4xx_HAL_Driver/Src/stm32f4xx_hal_rcc.o
                0x0000000008001204                HAL_RCC_GetPCLK2Freq
 .text.UART_SetConfig
                0x0000000008001224      0x234 Drivers/STM32F4xx_HAL_Driver/Src/stm32f4xx_hal_uart.o
 .text.HAL_UART_Init
                0x0000000008001458       0x5c Drivers/STM32F4xx_HAL_Driver/Src/stm32f4xx_hal_uart.o
                0x0000000008001458                HAL_UART_Init
 .text.USB_CoreInit
                0x00000000080014b4       0x74 Drivers/STM32F4xx_HAL_Driver/Src/stm32f4xx_ll_usb.o
                0x00000000080014b4                USB_CoreInit
 .text.USB_DisableGlobalInt
                0x0000000008001528        0xc Drivers/STM32F4xx_HAL_Driver/Src/stm32f4xx_ll_usb.o
                0x0000000008001528                USB_DisableGlobalInt
 .text.USB_SetCurrentMode
                0x0000000008001534       0x2e Drivers/STM32F4xx_HAL_Driver/Src/stm32f4xx_ll_usb.o
                0x0000000008001534                USB_SetCurrentMode
 *fill*         0x0000000008001562        0x2 
 .text.USB_DevInit
                0x0000000008001564      0x138 Drivers/STM32F4xx_HAL_Driver/Src/stm32f4xx_ll_usb.o
                0x0000000008001564                USB_DevInit
 .text.USB_FlushTxFifo
                0x000000000800169c       0x24 Drivers/STM32F4xx_HAL_Driver/Src/stm32f4xx_ll_usb.o
                0x000000000800169c                USB_FlushTxFifo
 .text.USB_FlushRxFifo
                0x00000000080016c0       0x20 Drivers/STM32F4xx_HAL_Driver/Src/stm32f4xx_ll_usb.o
                0x00000000080016c0                USB_FlushRxFifo
 .text.USB_SetDevSpeed
                0x00000000080016e0        0xe Drivers/STM32F4xx_HAL_Driver/Src/stm32f4xx_ll_usb.o
                0x00000000080016e0                USB_SetDevSpeed
 .text.USB_DevDisconnect
                0x00000000080016ee       0x18 Drivers/STM32F4xx_HAL_Driver/Src/stm32f4xx_ll_usb.o
                0x00000000080016ee                USB_DevDisconnect
 *fill*         0x0000000008001706        0x2 
 .text.USB_CoreReset
                0x0000000008001708       0x30 Drivers/STM32F4xx_HAL_Driver/Src/stm32f4xx_ll_usb.o
 .text.HAL_GPIO_EXTI_Callback
                0x0000000008001738       0x18 Src/main.o
                0x0000000008001738                HAL_GPIO_EXTI_Callback
 .text.SystemClock_Config
                0x0000000008001750       0x98 Src/main.o
                0x0000000008001750                SystemClock_Config
 .text.startup.main
                0x00000000080017e8      0x218 Src/main.o
                0x00000000080017e8                main
 .text.HAL_MspInit
                0x0000000008001a00       0x38 Src/stm32f4xx_hal_msp.o
                0x0000000008001a00                HAL_MspInit
 .text.HAL_ETH_MspInit
                0x0000000008001a38      0x11c Src/stm32f4xx_hal_msp.o
                0x0000000008001a38                HAL_ETH_MspInit
 .text.HAL_UART_MspInit
                0x0000000008001b54       0x70 Src/stm32f4xx_hal_msp.o
                0x0000000008001b54                HAL_UART_MspInit
 .text.HAL_PCD_MspInit
                0x0000000008001bc4       0x84 Src/stm32f4xx_hal_msp.o
                0x0000000008001bc4                HAL_PCD_MspInit
 .text.NMI_Handler
                0x0000000008001c48        0x2 Src/stm32f4xx_it.o
                0x0000000008001c48                NMI_Handler
 .text.HardFault_Handler
                0x0000000008001c4a        0x2 Src/stm32f4xx_it.o
                0x0000000008001c4a                HardFault_Handler
 .text.MemManage_Handler
                0x0000000008001c4c        0x2 Src/stm32f4xx_it.o
                0x0000000008001c4c                MemManage_Handler
 .text.BusFault_Handler
                0x0000000008001c4e        0x2 Src/stm32f4xx_it.o
                0x0000000008001c4e                BusFault_Handler
 .text.UsageFault_Handler
                0x0000000008001c50        0x2 Src/stm32f4xx_it.o
                0x0000000008001c50                UsageFault_Handler
 .text.SVC_Handler
                0x0000000008001c52        0x2 Src/stm32f4xx_it.o
                0x0000000008001c52                SVC_Handler
 .text.DebugMon_Handler
                0x0000000008001c54        0x2 Src/stm32f4xx_it.o
                0x0000000008001c54                DebugMon_Handler
 .text.PendSV_Handler
                0x0000000008001c56        0x2 Src/stm32f4xx_it.o
                0x0000000008001c56                PendSV_Handler
 .text.SysTick_Handler
                0x0000000008001c58        0x4 Src/stm32f4xx_it.o
                0x0000000008001c58                SysTick_Handler
 .text.EXTI15_10_IRQHandler
                0x0000000008001c5c        0x8 Src/stm32f4xx_it.o
                0x0000000008001c5c                EXTI15_10_IRQHandler
 .text.SystemInit
                0x0000000008001c64       0x4c Src/system_stm32f4xx.o
                0x0000000008001c64                SystemInit
 .text.Reset_Handler
                0x0000000008001cb0       0x50 startup/startup_stm32f429xx.o
                0x0000000008001cb0                Reset_Handler
 .text.Default_Handler
                0x0000000008001d00        0x2 startup/startup_stm32f429xx.o
                0x0000000008001d00                RTC_Alarm_IRQHandler
                0x0000000008001d00                HASH_RNG_IRQHandler
                0x0000000008001d00                EXTI2_IRQHandler
                0x0000000008001d00                TIM8_CC_IRQHandler
                0x0000000008001d00                UART8_IRQHandler
                0x0000000008001d00                SPI4_IRQHandler
                0x0000000008001d00                TIM1_CC_IRQHandler
                0x0000000008001d00                DMA2_Stream5_IRQHandler
                0x0000000008001d00                DMA1_Stream5_IRQHandler
                0x0000000008001d00                PVD_IRQHandler
                0x0000000008001d00                SDIO_IRQHandler
                0x0000000008001d00                TAMP_STAMP_IRQHandler
                0x0000000008001d00                CAN2_RX1_IRQHandler
                0x0000000008001d00                EXTI3_IRQHandler
                0x0000000008001d00                TIM8_TRG_COM_TIM14_IRQHandler
                0x0000000008001d00                TIM1_UP_TIM10_IRQHandler
                0x0000000008001d00                TIM8_UP_TIM13_IRQHandler
                0x0000000008001d00                I2C3_ER_IRQHandler
                0x0000000008001d00                EXTI0_IRQHandler
                0x0000000008001d00                I2C2_EV_IRQHandler
                0x0000000008001d00                DMA1_Stream2_IRQHandler
                0x0000000008001d00                CAN1_RX0_IRQHandler
                0x0000000008001d00                FPU_IRQHandler
                0x0000000008001d00                OTG_HS_WKUP_IRQHandler
                0x0000000008001d00                LTDC_ER_IRQHandler
                0x0000000008001d00                CAN2_SCE_IRQHandler
                0x0000000008001d00                DMA2_Stream2_IRQHandler
                0x0000000008001d00                SPI1_IRQHandler
                0x0000000008001d00                TIM6_DAC_IRQHandler
                0x0000000008001d00                TIM1_BRK_TIM9_IRQHandler
                0x0000000008001d00                DCMI_IRQHandler
                0x0000000008001d00                CAN2_RX0_IRQHandler
                0x0000000008001d00                DMA2_Stream3_IRQHandler
                0x0000000008001d00                USART6_IRQHandler
                0x0000000008001d00                USART3_IRQHandler
                0x0000000008001d00                CAN1_RX1_IRQHandler
                0x0000000008001d00                UART5_IRQHandler
                0x0000000008001d00                DMA2_Stream0_IRQHandler
                0x0000000008001d00                TIM4_IRQHandler
                0x0000000008001d00                I2C1_EV_IRQHandler
                0x0000000008001d00                DMA1_Stream6_IRQHandler
                0x0000000008001d00                DMA1_Stream1_IRQHandler
                0x0000000008001d00                UART4_IRQHandler
                0x0000000008001d00                TIM3_IRQHandler
                0x0000000008001d00                RCC_IRQHandler
                0x0000000008001d00                TIM8_BRK_TIM12_IRQHandler
                0x0000000008001d00                Default_Handler
                0x0000000008001d00                ADC_IRQHandler
                0x0000000008001d00                DMA1_Stream7_IRQHandler
                0x0000000008001d00                SPI5_IRQHandler
                0x0000000008001d00                TIM7_IRQHandler
                0x0000000008001d00                CAN2_TX_IRQHandler
                0x0000000008001d00                TIM5_IRQHandler
                0x0000000008001d00                DMA2_Stream7_IRQHandler
                0x0000000008001d00                I2C3_EV_IRQHandler
                0x0000000008001d00                EXTI9_5_IRQHandler
                0x0000000008001d00                RTC_WKUP_IRQHandler
                0x0000000008001d00                LTDC_IRQHandler
                0x0000000008001d00                ETH_WKUP_IRQHandler
                0x0000000008001d00                SPI2_IRQHandler
                0x0000000008001d00                OTG_HS_EP1_IN_IRQHandler
                0x0000000008001d00                DMA1_Stream0_IRQHandler
                0x0000000008001d00                CAN1_TX_IRQHandler
                0x0000000008001d00                EXTI4_IRQHandler
                0x0000000008001d00                ETH_IRQHandler
                0x0000000008001d00                OTG_HS_EP1_OUT_IRQHandler
                0x0000000008001d00                WWDG_IRQHandler
                0x0000000008001d00                SPI6_IRQHandler
                0x0000000008001d00                TIM2_IRQHandler
                0x0000000008001d00                OTG_FS_WKUP_IRQHandler
                0x0000000008001d00                TIM1_TRG_COM_TIM11_IRQHandler
                0x0000000008001d00                OTG_HS_IRQHandler
                0x0000000008001d00                DMA2D_IRQHandler
                0x0000000008001d00                EXTI1_IRQHandler
                0x0000000008001d00                UART7_IRQHandler
                0x0000000008001d00                USART2_IRQHandler
                0x0000000008001d00                I2C2_ER_IRQHandler
                0x0000000008001d00                DMA2_Stream1_IRQHandler
                0x0000000008001d00                CAN1_SCE_IRQHandler
                0x0000000008001d00                FLASH_IRQHandler
                0x0000000008001d00                DMA2_Stream4_IRQHandler
                0x0000000008001d00                USART1_IRQHandler
                0x0000000008001d00                OTG_FS_IRQHandler
                0x0000000008001d00                SPI3_IRQHandler
                0x0000000008001d00                DMA1_Stream4_IRQHandler
                0x0000000008001d00                I2C1_ER_IRQHandler
                0x0000000008001d00                FMC_IRQHandler
                0x0000000008001d00                DMA2_Stream6_IRQHandler
                0x0000000008001d00                SAI1_IRQHandler
                0x0000000008001d00                DMA1_Stream3_IRQHandler
 *fill*         0x0000000008001d02        0x2 
 .text.__libc_init_array
                0x0000000008001d04       0x48 /opt/Atollic_TrueSTUDIO_for_STM32_x86_64_9.3.0/ARMTools/bin/../lib/gcc/arm-atollic-eabi/6.3.1/../../../../arm-atollic-eabi/lib/armv7e-m/fpu/libc_nano.a(lib_a-init.o)
                0x0000000008001d04                __libc_init_array
 .text.memset   0x0000000008001d4c       0x10 /opt/Atollic_TrueSTUDIO_for_STM32_x86_64_9.3.0/ARMTools/bin/../lib/gcc/arm-atollic-eabi/6.3.1/../../../../arm-atollic-eabi/lib/armv7e-m/fpu/libc_nano.a(lib_a-memset.o)
                0x0000000008001d4c                memset
 *(.glue_7)
 .glue_7        0x0000000008001d5c        0x0 linker stubs
 *(.glue_7t)
 .glue_7t       0x0000000008001d5c        0x0 linker stubs
 *(.eh_frame)
 .eh_frame      0x0000000008001d5c        0x0 /opt/Atollic_TrueSTUDIO_for_STM32_x86_64_9.3.0/ARMTools/bin/../lib/gcc/arm-atollic-eabi/6.3.1/armv7e-m/fpu/crtbegin.o
 *(.init)
 .init          0x0000000008001d5c        0x4 /opt/Atollic_TrueSTUDIO_for_STM32_x86_64_9.3.0/ARMTools/bin/../lib/gcc/arm-atollic-eabi/6.3.1/armv7e-m/fpu/crti.o
                0x0000000008001d5c                _init
 .init          0x0000000008001d60        0x8 /opt/Atollic_TrueSTUDIO_for_STM32_x86_64_9.3.0/ARMTools/bin/../lib/gcc/arm-atollic-eabi/6.3.1/armv7e-m/fpu/crtn.o
 *(.fini)
 .fini          0x0000000008001d68        0x4 /opt/Atollic_TrueSTUDIO_for_STM32_x86_64_9.3.0/ARMTools/bin/../lib/gcc/arm-atollic-eabi/6.3.1/armv7e-m/fpu/crti.o
                0x0000000008001d68                _fini
 .fini          0x0000000008001d6c        0x8 /opt/Atollic_TrueSTUDIO_for_STM32_x86_64_9.3.0/ARMTools/bin/../lib/gcc/arm-atollic-eabi/6.3.1/armv7e-m/fpu/crtn.o
                0x0000000008001d74                . = ALIGN (0x4)
                0x0000000008001d74                _etext = .

.vfp11_veneer   0x0000000008001d74        0x0
 .vfp11_veneer  0x0000000008001d74        0x0 linker stubs

.v4_bx          0x0000000008001d74        0x0
 .v4_bx         0x0000000008001d74        0x0 linker stubs

.iplt           0x0000000008001d74        0x0
 .iplt          0x0000000008001d74        0x0 /opt/Atollic_TrueSTUDIO_for_STM32_x86_64_9.3.0/ARMTools/bin/../lib/gcc/arm-atollic-eabi/6.3.1/armv7e-m/fpu/crtbegin.o

.rodata         0x0000000008001d74       0x18
                0x0000000008001d74                . = ALIGN (0x4)
 *(.rodata)
 *(.rodata*)
 .rodata.AHBPrescTable
                0x0000000008001d74       0x10 Src/system_stm32f4xx.o
                0x0000000008001d74                AHBPrescTable
 .rodata.APBPrescTable
                0x0000000008001d84        0x8 Src/system_stm32f4xx.o
                0x0000000008001d84                APBPrescTable
                0x0000000008001d8c                . = ALIGN (0x4)

.ARM.extab
 *(.ARM.extab* .gnu.linkonce.armextab.*)

.ARM            0x0000000008001d8c        0x8
                0x0000000008001d8c                __exidx_start = .
 *(.ARM.exidx*)
 .ARM.exidx     0x0000000008001d8c        0x8 /opt/Atollic_TrueSTUDIO_for_STM32_x86_64_9.3.0/ARMTools/bin/../lib/gcc/arm-atollic-eabi/6.3.1/armv7e-m/fpu/libgcc.a(_udivmoddi4.o)
                0x0000000008001d94                __exidx_end = .

.rel.dyn        0x0000000008001d94        0x0
 .rel.iplt      0x0000000008001d94        0x0 /opt/Atollic_TrueSTUDIO_for_STM32_x86_64_9.3.0/ARMTools/bin/../lib/gcc/arm-atollic-eabi/6.3.1/armv7e-m/fpu/crtbegin.o

.preinit_array  0x0000000008001d94        0x0
                0x0000000008001d94                PROVIDE (__preinit_array_start, .)
 *(.preinit_array*)
                0x0000000008001d94                PROVIDE (__preinit_array_end, .)

.init_array     0x0000000008001d94        0x4
                0x0000000008001d94                PROVIDE (__init_array_start, .)
 *(SORT(.init_array.*))
 *(.init_array*)
 .init_array    0x0000000008001d94        0x4 /opt/Atollic_TrueSTUDIO_for_STM32_x86_64_9.3.0/ARMTools/bin/../lib/gcc/arm-atollic-eabi/6.3.1/armv7e-m/fpu/crtbegin.o
                0x0000000008001d98                PROVIDE (__init_array_end, .)

.fini_array     0x0000000008001d98        0x4
                [!provide]                        PROVIDE (__fini_array_start, .)
 *(SORT(.fini_array.*))
 *(.fini_array*)
 .fini_array    0x0000000008001d98        0x4 /opt/Atollic_TrueSTUDIO_for_STM32_x86_64_9.3.0/ARMTools/bin/../lib/gcc/arm-atollic-eabi/6.3.1/armv7e-m/fpu/crtbegin.o
                [!provide]                        PROVIDE (__fini_array_end, .)
                0x0000000008001d9c                _sidata = LOADADDR (.data)

.data           0x0000000020000000        0xc load address 0x0000000008001d9c
                0x0000000020000000                . = ALIGN (0x4)
                0x0000000020000000                _sdata = .
 *(.data)
 *(.data*)
 .data.uwTickFreq
                0x0000000020000000        0x1 Drivers/STM32F4xx_HAL_Driver/Src/stm32f4xx_hal.o
                0x0000000020000000                uwTickFreq
 *fill*         0x0000000020000001        0x3 
 .data.uwTickPrio
                0x0000000020000004        0x4 Drivers/STM32F4xx_HAL_Driver/Src/stm32f4xx_hal.o
                0x0000000020000004                uwTickPrio
 .data.SystemCoreClock
                0x0000000020000008        0x4 Src/system_stm32f4xx.o
                0x0000000020000008                SystemCoreClock
                0x000000002000000c                . = ALIGN (0x4)
                0x000000002000000c                _edata = .
                0x0000000008001da8                _siccmram = LOADADDR (.ccmram)

.igot.plt       0x000000002000000c        0x0 load address 0x0000000008001da8
 .igot.plt      0x000000002000000c        0x0 /opt/Atollic_TrueSTUDIO_for_STM32_x86_64_9.3.0/ARMTools/bin/../lib/gcc/arm-atollic-eabi/6.3.1/armv7e-m/fpu/crtbegin.o

.ccmram         0x0000000010000000        0x0 load address 0x0000000008001da8
                0x0000000010000000                . = ALIGN (0x4)
                0x0000000010000000                _sccmram = .
 *(.ccmram)
 *(.ccmram*)
                0x0000000010000000                . = ALIGN (0x4)
                0x0000000010000000                _eccmram = .
                0x0000000010000000                . = ALIGN (0x4)

.bss            0x000000002000000c      0x49c
                0x000000002000000c                _sbss = .
                0x000000002000000c                __bss_start__ = _sbss
 *(.bss)
 .bss           0x000000002000000c       0x1c /opt/Atollic_TrueSTUDIO_for_STM32_x86_64_9.3.0/ARMTools/bin/../lib/gcc/arm-atollic-eabi/6.3.1/armv7e-m/fpu/crtbegin.o
 *(.bss*)
 .bss.drapeau   0x0000000020000028        0x4 Src/main.o
                0x0000000020000028                drapeau
 *(COMMON)
 COMMON         0x000000002000002c        0x4 Drivers/STM32F4xx_HAL_Driver/Src/stm32f4xx_hal.o
                0x000000002000002c                uwTick
 COMMON         0x0000000020000030      0x478 Src/main.o
                0x0000000020000030                huart3
                0x0000000020000070                hpcd_USB_OTG_FS
                0x0000000020000460                heth
                0x00000000200004a8                . = ALIGN (0x4)
                0x00000000200004a8                _ebss = .
                0x00000000200004a8                __bss_end__ = _ebss

._user_heap_stack
                0x00000000200004a8      0x600
                0x00000000200004a8                . = ALIGN (0x4)
                [!provide]                        PROVIDE (end, .)
                [!provide]                        PROVIDE (_end, .)
                0x00000000200006a8                . = (. + _Min_Heap_Size)
 *fill*         0x00000000200004a8      0x200 
                0x0000000020000aa8                . = (. + _Min_Stack_Size)
 *fill*         0x00000000200006a8      0x400 
                0x0000000020000aa8                . = ALIGN (0x4)

/DISCARD/
 libc.a(*)
 libm.a(*)
 libgcc.a(*)

.ARM.attributes
                0x0000000000000000       0x30
 *(.ARM.attributes)
 .ARM.attributes
                0x0000000000000000       0x22 /opt/Atollic_TrueSTUDIO_for_STM32_x86_64_9.3.0/ARMTools/bin/../lib/gcc/arm-atollic-eabi/6.3.1/armv7e-m/fpu/crti.o
 .ARM.attributes
                0x0000000000000022       0x34 /opt/Atollic_TrueSTUDIO_for_STM32_x86_64_9.3.0/ARMTools/bin/../lib/gcc/arm-atollic-eabi/6.3.1/armv7e-m/fpu/crtbegin.o
 .ARM.attributes
                0x0000000000000056       0x39 Drivers/STM32F4xx_HAL_Driver/Src/stm32f4xx_hal.o
 .ARM.attributes
                0x000000000000008f       0x39 Drivers/STM32F4xx_HAL_Driver/Src/stm32f4xx_hal_cortex.o
 .ARM.attributes
                0x00000000000000c8       0x39 Drivers/STM32F4xx_HAL_Driver/Src/stm32f4xx_hal_eth.o
 .ARM.attributes
                0x0000000000000101       0x39 Drivers/STM32F4xx_HAL_Driver/Src/stm32f4xx_hal_gpio.o
 .ARM.attributes
                0x000000000000013a       0x39 Drivers/STM32F4xx_HAL_Driver/Src/stm32f4xx_hal_pcd.o
 .ARM.attributes
                0x0000000000000173       0x39 Drivers/STM32F4xx_HAL_Driver/Src/stm32f4xx_hal_rcc.o
 .ARM.attributes
                0x00000000000001ac       0x39 Drivers/STM32F4xx_HAL_Driver/Src/stm32f4xx_hal_uart.o
 .ARM.attributes
                0x00000000000001e5       0x39 Drivers/STM32F4xx_HAL_Driver/Src/stm32f4xx_ll_usb.o
 .ARM.attributes
                0x000000000000021e       0x39 Src/main.o
 .ARM.attributes
                0x0000000000000257       0x39 Src/stm32f4xx_hal_msp.o
 .ARM.attributes
                0x0000000000000290       0x39 Src/stm32f4xx_it.o
 .ARM.attributes
                0x00000000000002c9       0x39 Src/system_stm32f4xx.o
 .ARM.attributes
                0x0000000000000302       0x21 startup/startup_stm32f429xx.o
 .ARM.attributes
                0x0000000000000323       0x34 /opt/Atollic_TrueSTUDIO_for_STM32_x86_64_9.3.0/ARMTools/bin/../lib/gcc/arm-atollic-eabi/6.3.1/../../../../arm-atollic-eabi/lib/armv7e-m/fpu/libc_nano.a(lib_a-init.o)
 .ARM.attributes
                0x0000000000000357       0x34 /opt/Atollic_TrueSTUDIO_for_STM32_x86_64_9.3.0/ARMTools/bin/../lib/gcc/arm-atollic-eabi/6.3.1/../../../../arm-atollic-eabi/lib/armv7e-m/fpu/libc_nano.a(lib_a-memset.o)
 .ARM.attributes
                0x000000000000038b       0x22 /opt/Atollic_TrueSTUDIO_for_STM32_x86_64_9.3.0/ARMTools/bin/../lib/gcc/arm-atollic-eabi/6.3.1/armv7e-m/fpu/libgcc.a(_aeabi_uldivmod.o)
 .ARM.attributes
                0x00000000000003ad       0x34 /opt/Atollic_TrueSTUDIO_for_STM32_x86_64_9.3.0/ARMTools/bin/../lib/gcc/arm-atollic-eabi/6.3.1/armv7e-m/fpu/libgcc.a(_udivmoddi4.o)
 .ARM.attributes
                0x00000000000003e1       0x22 /opt/Atollic_TrueSTUDIO_for_STM32_x86_64_9.3.0/ARMTools/bin/../lib/gcc/arm-atollic-eabi/6.3.1/armv7e-m/fpu/libgcc.a(_dvmd_tls.o)
 .ARM.attributes
                0x0000000000000403       0x22 /opt/Atollic_TrueSTUDIO_for_STM32_x86_64_9.3.0/ARMTools/bin/../lib/gcc/arm-atollic-eabi/6.3.1/armv7e-m/fpu/crtn.o
OUTPUT(Heartbeat3.elf elf32-littlearm)

.debug_info     0x0000000000000000    0x12254
 .debug_info    0x0000000000000000     0x1260 Drivers/STM32F4xx_HAL_Driver/Src/stm32f4xx_hal.o
 .debug_info    0x0000000000001260     0x177a Drivers/STM32F4xx_HAL_Driver/Src/stm32f4xx_hal_cortex.o
 .debug_info    0x00000000000029da     0x21cb Drivers/STM32F4xx_HAL_Driver/Src/stm32f4xx_hal_eth.o
 .debug_info    0x0000000000004ba5      0xfa2 Drivers/STM32F4xx_HAL_Driver/Src/stm32f4xx_hal_gpio.o
 .debug_info    0x0000000000005b47     0x1c57 Drivers/STM32F4xx_HAL_Driver/Src/stm32f4xx_hal_pcd.o
 .debug_info    0x000000000000779e     0x1283 Drivers/STM32F4xx_HAL_Driver/Src/stm32f4xx_hal_rcc.o
 .debug_info    0x0000000000008a21     0x1ea3 Drivers/STM32F4xx_HAL_Driver/Src/stm32f4xx_hal_uart.o
 .debug_info    0x000000000000a8c4     0x1f59 Drivers/STM32F4xx_HAL_Driver/Src/stm32f4xx_ll_usb.o
 .debug_info    0x000000000000c81d     0x2403 Src/main.o
 .debug_info    0x000000000000ec20     0x1e7b Src/stm32f4xx_hal_msp.o
 .debug_info    0x0000000000010a9b      0xa11 Src/stm32f4xx_it.o
 .debug_info    0x00000000000114ac      0xd36 Src/system_stm32f4xx.o
 .debug_info    0x00000000000121e2       0x72 startup/startup_stm32f429xx.o

.debug_abbrev   0x0000000000000000     0x2505
 .debug_abbrev  0x0000000000000000      0x308 Drivers/STM32F4xx_HAL_Driver/Src/stm32f4xx_hal.o
 .debug_abbrev  0x0000000000000308      0x399 Drivers/STM32F4xx_HAL_Driver/Src/stm32f4xx_hal_cortex.o
 .debug_abbrev  0x00000000000006a1      0x428 Drivers/STM32F4xx_HAL_Driver/Src/stm32f4xx_hal_eth.o
 .debug_abbrev  0x0000000000000ac9      0x268 Drivers/STM32F4xx_HAL_Driver/Src/stm32f4xx_hal_gpio.o
 .debug_abbrev  0x0000000000000d31      0x397 Drivers/STM32F4xx_HAL_Driver/Src/stm32f4xx_hal_pcd.o
 .debug_abbrev  0x00000000000010c8      0x353 Drivers/STM32F4xx_HAL_Driver/Src/stm32f4xx_hal_rcc.o
 .debug_abbrev  0x000000000000141b      0x397 Drivers/STM32F4xx_HAL_Driver/Src/stm32f4xx_hal_uart.o
 .debug_abbrev  0x00000000000017b2      0x380 Drivers/STM32F4xx_HAL_Driver/Src/stm32f4xx_ll_usb.o
 .debug_abbrev  0x0000000000001b32      0x359 Src/main.o
 .debug_abbrev  0x0000000000001e8b      0x2a3 Src/stm32f4xx_hal_msp.o
 .debug_abbrev  0x000000000000212e      0x1fb Src/stm32f4xx_it.o
 .debug_abbrev  0x0000000000002329      0x1ca Src/system_stm32f4xx.o
 .debug_abbrev  0x00000000000024f3       0x12 startup/startup_stm32f429xx.o

.debug_loc      0x0000000000000000     0x5071
 .debug_loc     0x0000000000000000      0x11b Drivers/STM32F4xx_HAL_Driver/Src/stm32f4xx_hal.o
 .debug_loc     0x000000000000011b      0x4fb Drivers/STM32F4xx_HAL_Driver/Src/stm32f4xx_hal_cortex.o
 .debug_loc     0x0000000000000616      0xc76 Drivers/STM32F4xx_HAL_Driver/Src/stm32f4xx_hal_eth.o
 .debug_loc     0x000000000000128c      0x3cd Drivers/STM32F4xx_HAL_Driver/Src/stm32f4xx_hal_gpio.o
 .debug_loc     0x0000000000001659      0xb60 Drivers/STM32F4xx_HAL_Driver/Src/stm32f4xx_hal_pcd.o
 .debug_loc     0x00000000000021b9      0x336 Drivers/STM32F4xx_HAL_Driver/Src/stm32f4xx_hal_rcc.o
 .debug_loc     0x00000000000024ef     0x132c Drivers/STM32F4xx_HAL_Driver/Src/stm32f4xx_hal_uart.o
 .debug_loc     0x000000000000381b     0x1632 Drivers/STM32F4xx_HAL_Driver/Src/stm32f4xx_ll_usb.o
 .debug_loc     0x0000000000004e4d      0x108 Src/stm32f4xx_hal_msp.o
 .debug_loc     0x0000000000004f55      0x11c Src/system_stm32f4xx.o

.debug_aranges  0x0000000000000000      0x7f0
 .debug_aranges
                0x0000000000000000       0xe8 Drivers/STM32F4xx_HAL_Driver/Src/stm32f4xx_hal.o
 .debug_aranges
                0x00000000000000e8       0xa8 Drivers/STM32F4xx_HAL_Driver/Src/stm32f4xx_hal_cortex.o
 .debug_aranges
                0x0000000000000190       0xb0 Drivers/STM32F4xx_HAL_Driver/Src/stm32f4xx_hal_eth.o
 .debug_aranges
                0x0000000000000240       0x58 Drivers/STM32F4xx_HAL_Driver/Src/stm32f4xx_hal_gpio.o
 .debug_aranges
                0x0000000000000298       0xc0 Drivers/STM32F4xx_HAL_Driver/Src/stm32f4xx_hal_pcd.o
 .debug_aranges
                0x0000000000000358       0x88 Drivers/STM32F4xx_HAL_Driver/Src/stm32f4xx_hal_rcc.o
 .debug_aranges
                0x00000000000003e0      0x170 Drivers/STM32F4xx_HAL_Driver/Src/stm32f4xx_hal_uart.o
 .debug_aranges
                0x0000000000000550      0x178 Drivers/STM32F4xx_HAL_Driver/Src/stm32f4xx_ll_usb.o
 .debug_aranges
                0x00000000000006c8       0x38 Src/main.o
 .debug_aranges
                0x0000000000000700       0x50 Src/stm32f4xx_hal_msp.o
 .debug_aranges
                0x0000000000000750       0x50 Src/stm32f4xx_it.o
 .debug_aranges
                0x00000000000007a0       0x28 Src/system_stm32f4xx.o
 .debug_aranges
                0x00000000000007c8       0x28 startup/startup_stm32f429xx.o

.debug_ranges   0x0000000000000000      0x980
 .debug_ranges  0x0000000000000000       0xd8 Drivers/STM32F4xx_HAL_Driver/Src/stm32f4xx_hal.o
 .debug_ranges  0x00000000000000d8      0x138 Drivers/STM32F4xx_HAL_Driver/Src/stm32f4xx_hal_cortex.o
 .debug_ranges  0x0000000000000210      0x108 Drivers/STM32F4xx_HAL_Driver/Src/stm32f4xx_hal_eth.o
 .debug_ranges  0x0000000000000318       0x68 Drivers/STM32F4xx_HAL_Driver/Src/stm32f4xx_hal_gpio.o
 .debug_ranges  0x0000000000000380       0xc8 Drivers/STM32F4xx_HAL_Driver/Src/stm32f4xx_hal_pcd.o
 .debug_ranges  0x0000000000000448       0xb0 Drivers/STM32F4xx_HAL_Driver/Src/stm32f4xx_hal_rcc.o
 .debug_ranges  0x00000000000004f8      0x178 Drivers/STM32F4xx_HAL_Driver/Src/stm32f4xx_hal_uart.o
 .debug_ranges  0x0000000000000670      0x180 Drivers/STM32F4xx_HAL_Driver/Src/stm32f4xx_ll_usb.o
 .debug_ranges  0x00000000000007f0       0x78 Src/main.o
 .debug_ranges  0x0000000000000868       0xa0 Src/stm32f4xx_hal_msp.o
 .debug_ranges  0x0000000000000908       0x40 Src/stm32f4xx_it.o
 .debug_ranges  0x0000000000000948       0x18 Src/system_stm32f4xx.o
 .debug_ranges  0x0000000000000960       0x20 startup/startup_stm32f429xx.o

.debug_line     0x0000000000000000     0x4607
 .debug_line    0x0000000000000000      0x493 Drivers/STM32F4xx_HAL_Driver/Src/stm32f4xx_hal.o
 .debug_line    0x0000000000000493      0x4bb Drivers/STM32F4xx_HAL_Driver/Src/stm32f4xx_hal_cortex.o
 .debug_line    0x000000000000094e      0x99f Drivers/STM32F4xx_HAL_Driver/Src/stm32f4xx_hal_eth.o
 .debug_line    0x00000000000012ed      0x46d Drivers/STM32F4xx_HAL_Driver/Src/stm32f4xx_hal_gpio.o
 .debug_line    0x000000000000175a      0x729 Drivers/STM32F4xx_HAL_Driver/Src/stm32f4xx_hal_pcd.o
 .debug_line    0x0000000000001e83      0x56a Drivers/STM32F4xx_HAL_Driver/Src/stm32f4xx_hal_rcc.o
 .debug_line    0x00000000000023ed      0xbce Drivers/STM32F4xx_HAL_Driver/Src/stm32f4xx_hal_uart.o
 .debug_line    0x0000000000002fbb      0x8ca Drivers/STM32F4xx_HAL_Driver/Src/stm32f4xx_ll_usb.o
 .debug_line    0x0000000000003885      0x41e Src/main.o
 .debug_line    0x0000000000003ca3      0x3d5 Src/stm32f4xx_hal_msp.o
 .debug_line    0x0000000000004078      0x2bc Src/stm32f4xx_it.o
 .debug_line    0x0000000000004334      0x254 Src/system_stm32f4xx.o
 .debug_line    0x0000000000004588       0x7f startup/startup_stm32f429xx.o

.debug_str      0x0000000000000000     0x3baa
 .debug_str     0x0000000000000000      0xfc0 Drivers/STM32F4xx_HAL_Driver/Src/stm32f4xx_hal.o
                                       0x1066 (size before relaxing)
 .debug_str     0x0000000000000fc0      0x3c5 Drivers/STM32F4xx_HAL_Driver/Src/stm32f4xx_hal_cortex.o
                                       0x10ef (size before relaxing)
 .debug_str     0x0000000000001385      0xbb2 Drivers/STM32F4xx_HAL_Driver/Src/stm32f4xx_hal_eth.o
                                       0x1390 (size before relaxing)
 .debug_str     0x0000000000001f37      0x19a Drivers/STM32F4xx_HAL_Driver/Src/stm32f4xx_hal_gpio.o
                                        0x974 (size before relaxing)
 .debug_str     0x00000000000020d1      0x986 Drivers/STM32F4xx_HAL_Driver/Src/stm32f4xx_hal_pcd.o
                                       0x1069 (size before relaxing)
 .debug_str     0x0000000000002a57      0x2d5 Drivers/STM32F4xx_HAL_Driver/Src/stm32f4xx_hal_rcc.o
                                        0xb47 (size before relaxing)
 .debug_str     0x0000000000002d2c      0x8fc Drivers/STM32F4xx_HAL_Driver/Src/stm32f4xx_hal_uart.o
                                       0x1063 (size before relaxing)
 .debug_str     0x0000000000003628      0x3c9 Drivers/STM32F4xx_HAL_Driver/Src/stm32f4xx_ll_usb.o
                                       0x1011 (size before relaxing)
 .debug_str     0x00000000000039f1       0x9e Src/main.o
                                       0x1ae2 (size before relaxing)
 .debug_str     0x0000000000003a8f       0x1b Src/stm32f4xx_hal_msp.o
                                       0x136a (size before relaxing)
 .debug_str     0x0000000000003aaa       0xbb Src/stm32f4xx_it.o
                                        0x713 (size before relaxing)
 .debug_str     0x0000000000003b65       0x45 Src/system_stm32f4xx.o
                                        0x7d8 (size before relaxing)

.comment        0x0000000000000000       0x7c
 .comment       0x0000000000000000       0x7c Drivers/STM32F4xx_HAL_Driver/Src/stm32f4xx_hal.o
                                         0x7d (size before relaxing)
 .comment       0x000000000000007c       0x7d Drivers/STM32F4xx_HAL_Driver/Src/stm32f4xx_hal_cortex.o
 .comment       0x000000000000007c       0x7d Drivers/STM32F4xx_HAL_Driver/Src/stm32f4xx_hal_eth.o
 .comment       0x000000000000007c       0x7d Drivers/STM32F4xx_HAL_Driver/Src/stm32f4xx_hal_gpio.o
 .comment       0x000000000000007c       0x7d Drivers/STM32F4xx_HAL_Driver/Src/stm32f4xx_hal_pcd.o
 .comment       0x000000000000007c       0x7d Drivers/STM32F4xx_HAL_Driver/Src/stm32f4xx_hal_rcc.o
 .comment       0x000000000000007c       0x7d Drivers/STM32F4xx_HAL_Driver/Src/stm32f4xx_hal_uart.o
 .comment       0x000000000000007c       0x7d Drivers/STM32F4xx_HAL_Driver/Src/stm32f4xx_ll_usb.o
 .comment       0x000000000000007c       0x7d Src/main.o
 .comment       0x000000000000007c       0x7d Src/stm32f4xx_hal_msp.o
 .comment       0x000000000000007c       0x7d Src/stm32f4xx_it.o
 .comment       0x000000000000007c       0x7d Src/system_stm32f4xx.o

.debug_frame    0x0000000000000000     0x165c
 .debug_frame   0x0000000000000000      0x1f0 Drivers/STM32F4xx_HAL_Driver/Src/stm32f4xx_hal.o
 .debug_frame   0x00000000000001f0      0x158 Drivers/STM32F4xx_HAL_Driver/Src/stm32f4xx_hal_cortex.o
 .debug_frame   0x0000000000000348      0x268 Drivers/STM32F4xx_HAL_Driver/Src/stm32f4xx_hal_eth.o
 .debug_frame   0x00000000000005b0       0xd8 Drivers/STM32F4xx_HAL_Driver/Src/stm32f4xx_hal_gpio.o
 .debug_frame   0x0000000000000688      0x2c4 Drivers/STM32F4xx_HAL_Driver/Src/stm32f4xx_hal_pcd.o
 .debug_frame   0x000000000000094c      0x13c Drivers/STM32F4xx_HAL_Driver/Src/stm32f4xx_hal_rcc.o
 .debug_frame   0x0000000000000a88      0x4a0 Drivers/STM32F4xx_HAL_Driver/Src/stm32f4xx_hal_uart.o
 .debug_frame   0x0000000000000f28      0x468 Drivers/STM32F4xx_HAL_Driver/Src/stm32f4xx_ll_usb.o
 .debug_frame   0x0000000000001390       0x6c Src/main.o
 .debug_frame   0x00000000000013fc       0xcc Src/stm32f4xx_hal_msp.o
 .debug_frame   0x00000000000014c8       0xb0 Src/stm32f4xx_it.o
 .debug_frame   0x0000000000001578       0x38 Src/system_stm32f4xx.o
 .debug_frame   0x00000000000015b0       0x2c /opt/Atollic_TrueSTUDIO_for_STM32_x86_64_9.3.0/ARMTools/bin/../lib/gcc/arm-atollic-eabi/6.3.1/../../../../arm-atollic-eabi/lib/armv7e-m/fpu/libc_nano.a(lib_a-init.o)
 .debug_frame   0x00000000000015dc       0x20 /opt/Atollic_TrueSTUDIO_for_STM32_x86_64_9.3.0/ARMTools/bin/../lib/gcc/arm-atollic-eabi/6.3.1/../../../../arm-atollic-eabi/lib/armv7e-m/fpu/libc_nano.a(lib_a-memset.o)
 .debug_frame   0x00000000000015fc       0x2c /opt/Atollic_TrueSTUDIO_for_STM32_x86_64_9.3.0/ARMTools/bin/../lib/gcc/arm-atollic-eabi/6.3.1/armv7e-m/fpu/libgcc.a(_aeabi_uldivmod.o)
 .debug_frame   0x0000000000001628       0x34 /opt/Atollic_TrueSTUDIO_for_STM32_x86_64_9.3.0/ARMTools/bin/../lib/gcc/arm-atollic-eabi/6.3.1/armv7e-m/fpu/libgcc.a(_udivmoddi4.o)
